+ DEFAULT_IMAGE=openroad/orfs:latest
+ FLOW_DIR=/OpenROAD-flow-scripts/flow
+ USE_USER=false
+ DRY_RUN=false
+ PORTS=()
+ IMAGE=
+ CMD_ARGS=()
+ [[ 8 -gt 0 ]]
+ case "$1" in
+ CMD_ARGS=("$@")
+ break
+ IMAGE=openroad/orfs:latest
+ get_container_engine
++ docker --version
+ local 'DOCKER_VERSION_STRING=Docker version 29.7.1, build e9452d6'
+ [[ Docker version 29.7.1, build e9452d6 == *Docker* ]]
+ container_engine=docker
++ pwd
+ WORKSPACE=/home/mispronounced/Code/JayRaj21/OpenROAD-flow-scripts/flow
+ YOSYS_EXE=/OpenROAD-flow-scripts/tools/install/yosys/bin/yosys
+ OPENROAD_EXE=/OpenROAD-flow-scripts/tools/install/OpenROAD/bin/openroad
+ KLAYOUT_CMD=/usr/bin/klayout
+ XSOCK=/tmp/.X11-unix
+ XAUTH=/tmp/.docker.xauth
+ false
+ xauth nlist :0
+ sed -e 's/^..../ffff/'
+ xauth -f /tmp/.docker.xauth nmerge -
+ test -t 0
+ DOCKER_INTERACTIVE=
+ false
+ [[ docker == podman ]]
++ id -u mispronounced
++ id -g mispronounced
+ user_args='-u 1000:1000'
+ user_env=
+ PORT_ARGS=()
+ CMD_STR=
+ [[ 8 -gt 0 ]]
+ CMD_STR='make grt DESIGN_CONFIG=./designs/nangate45/jpeg/config.mk CORE_UTILIZATION=88 RESULTS_DIR=/work/results/nangate45/jpeg/pipeline_88 OBJECTS_DIR=/work/objects/nangate45/jpeg/pipeline_88 PLACE_DENSITY_LB_ADDON=0.0 -j16'
+ ENV_SH_CMD='if [ -f ../env.sh ]; then . ../env.sh; fi;'
+ DOCKER_CMD=("$container_engine" run --rm -i $DOCKER_INTERACTIVE $user_env $user_args -e LIBGL_ALWAYS_SOFTWARE=1 -e QT_X11_NO_MITSHM=1 -e XDG_RUNTIME_DIR=/tmp/xdg-run -e "DISPLAY=${DISPLAY:-:0}" -e QT_XKB_CONFIG_ROOT=/usr/share/X11/xkb -v "$XSOCK:$XSOCK" -v "$XAUTH:$XAUTH" -e "XAUTHORITY=$XAUTH" -e FLOW_HOME=/OpenROAD-flow-scripts/flow/ -e WORK_HOME=/work -e "YOSYS_EXE=$YOSYS_EXE" -e "OPENROAD_EXE=$OPENROAD_EXE" -e "KLAYOUT_CMD=$KLAYOUT_CMD" -v "$WORKSPACE:/work:Z" --network host "${PORT_ARGS[@]}" "$IMAGE" bash -c "set -ex; mkdir /tmp/xdg-run; cd ${FLOW_DIR}; ${ENV_SH_CMD}$CMD_STR")
+ false
+ exec docker run --rm -i -u 1000:1000 -e LIBGL_ALWAYS_SOFTWARE=1 -e QT_X11_NO_MITSHM=1 -e XDG_RUNTIME_DIR=/tmp/xdg-run -e DISPLAY=:0 -e QT_XKB_CONFIG_ROOT=/usr/share/X11/xkb -v /tmp/.X11-unix:/tmp/.X11-unix -v /tmp/.docker.xauth:/tmp/.docker.xauth -e XAUTHORITY=/tmp/.docker.xauth -e FLOW_HOME=/OpenROAD-flow-scripts/flow/ -e WORK_HOME=/work -e YOSYS_EXE=/OpenROAD-flow-scripts/tools/install/yosys/bin/yosys -e OPENROAD_EXE=/OpenROAD-flow-scripts/tools/install/OpenROAD/bin/openroad -e KLAYOUT_CMD=/usr/bin/klayout -v /home/mispronounced/Code/JayRaj21/OpenROAD-flow-scripts/flow:/work:Z --network host openroad/orfs:latest bash -c 'set -ex; mkdir /tmp/xdg-run; cd /OpenROAD-flow-scripts/flow; if [ -f ../env.sh ]; then . ../env.sh; fi;make grt DESIGN_CONFIG=./designs/nangate45/jpeg/config.mk CORE_UTILIZATION=88 RESULTS_DIR=/work/results/nangate45/jpeg/pipeline_88 OBJECTS_DIR=/work/objects/nangate45/jpeg/pipeline_88 PLACE_DENSITY_LB_ADDON=0.0 -j16'
+ mkdir /tmp/xdg-run
+ cd /OpenROAD-flow-scripts/flow
+ '[' -f ../env.sh ']'
+ . ../env.sh
++ __setpaths
++ [[ linux-gnu == \d\a\r\w\i\n* ]]
++++ readlink -f ../env.sh
+++ dirname /OpenROAD-flow-scripts/env.sh
OPENROAD: /OpenROAD-flow-scripts/tools/OpenROAD
++ DIR=/OpenROAD-flow-scripts
++ export OPENROAD=/OpenROAD-flow-scripts/tools/OpenROAD
++ OPENROAD=/OpenROAD-flow-scripts/tools/OpenROAD
++ echo 'OPENROAD: /OpenROAD-flow-scripts/tools/OpenROAD'
++ export PATH=/OpenROAD-flow-scripts/tools/install/OpenROAD/bin:/usr/local/bin/wrapped-cc:/usr/local/sbin:/usr/local/bin:/usr/sbin:/usr/bin:/sbin:/bin
++ PATH=/OpenROAD-flow-scripts/tools/install/OpenROAD/bin:/usr/local/bin/wrapped-cc:/usr/local/sbin:/usr/local/bin:/usr/sbin:/usr/bin:/sbin:/bin
++ export PATH=/OpenROAD-flow-scripts/tools/install/yosys/bin:/OpenROAD-flow-scripts/tools/install/OpenROAD/bin:/usr/local/bin/wrapped-cc:/usr/local/sbin:/usr/local/bin:/usr/sbin:/usr/bin:/sbin:/bin
++ PATH=/OpenROAD-flow-scripts/tools/install/yosys/bin:/OpenROAD-flow-scripts/tools/install/OpenROAD/bin:/usr/local/bin/wrapped-cc:/usr/local/sbin:/usr/local/bin:/usr/sbin:/usr/bin:/sbin:/bin
++ export PATH=/OpenROAD-flow-scripts/tools/install/kepler-formal/bin:/OpenROAD-flow-scripts/tools/install/yosys/bin:/OpenROAD-flow-scripts/tools/install/OpenROAD/bin:/usr/local/bin/wrapped-cc:/usr/local/sbin:/usr/local/bin:/usr/sbin:/usr/bin:/sbin:/bin
++ PATH=/OpenROAD-flow-scripts/tools/install/kepler-formal/bin:/OpenROAD-flow-scripts/tools/install/yosys/bin:/OpenROAD-flow-scripts/tools/install/OpenROAD/bin:/usr/local/bin/wrapped-cc:/usr/local/sbin:/usr/local/bin:/usr/sbin:/usr/bin:/sbin:/bin
++ [[ linux-gnu == \d\a\r\w\i\n* ]]
++ export FLOW_HOME=/OpenROAD-flow-scripts/flow
++ FLOW_HOME=/OpenROAD-flow-scripts/flow
++ unset -f __setpaths
+ make grt DESIGN_CONFIG=./designs/nangate45/jpeg/config.mk CORE_UTILIZATION=88 RESULTS_DIR=/work/results/nangate45/jpeg/pipeline_88 OBJECTS_DIR=/work/objects/nangate45/jpeg/pipeline_88 PLACE_DENSITY_LB_ADDON=0.0 -j16
make: *** No rule to make target '/work/results/nangate45/jpeg/pipeline_88/2_1_floorplan.sdc', needed by '/work/results/nangate45/jpeg/pipeline_88/2_floorplan.sdc'.  Stop.
make: *** Waiting for unfinished jobs....
/OpenROAD-flow-scripts/flow/scripts/synth.sh /OpenROAD-flow-scripts/flow/scripts/synth_canonicalize.tcl /work/logs/nangate45/jpeg/base/1_1_yosys_canonicalize.log
Using ABC area script.
Extracting clock period from SDC file: /work/results/nangate45/jpeg/pipeline_88/clock_period.txt
Setting clock period to 0.46
1. Executing Liberty frontend: /OpenROAD-flow-scripts/flow/platforms/nangate45/lib/NangateOpenCellLibrary_typical.lib
2. Executing Liberty frontend: /OpenROAD-flow-scripts/flow/platforms/nangate45/lib/NangateOpenCellLibrary_typical.lib
3. Executing Verilog-2005 frontend: /OpenROAD-flow-scripts/flow/designs/src/jpeg/dct.v
4. Executing Verilog-2005 frontend: /OpenROAD-flow-scripts/flow/designs/src/jpeg/dct_mac.v
5. Executing Verilog-2005 frontend: /OpenROAD-flow-scripts/flow/designs/src/jpeg/dctu.v
6. Executing Verilog-2005 frontend: /OpenROAD-flow-scripts/flow/designs/src/jpeg/dctub.v
7. Executing Verilog-2005 frontend: /OpenROAD-flow-scripts/flow/designs/src/jpeg/div_su.v
8. Executing Verilog-2005 frontend: /OpenROAD-flow-scripts/flow/designs/src/jpeg/div_uu.v
9. Executing Verilog-2005 frontend: /OpenROAD-flow-scripts/flow/designs/src/jpeg/fdct.v
10. Executing Verilog-2005 frontend: /OpenROAD-flow-scripts/flow/designs/src/jpeg/jpeg_encoder.v
11. Executing Verilog-2005 frontend: /OpenROAD-flow-scripts/flow/designs/src/jpeg/jpeg_qnr.v
12. Executing Verilog-2005 frontend: /OpenROAD-flow-scripts/flow/designs/src/jpeg/jpeg_rle.v
13. Executing Verilog-2005 frontend: /OpenROAD-flow-scripts/flow/designs/src/jpeg/jpeg_rle1.v
14. Executing Verilog-2005 frontend: /OpenROAD-flow-scripts/flow/designs/src/jpeg/jpeg_rzs.v
15. Executing Verilog-2005 frontend: /OpenROAD-flow-scripts/flow/designs/src/jpeg/zigzag.v
16. Executing Verilog-2005 frontend: /OpenROAD-flow-scripts/flow/platforms/nangate45/cells_clkgate.v
17. Executing HIERARCHY pass (managing design hierarchy).
18. Executing AST frontend in derive mode using pre-parsed AST for module `\jpeg_encoder'.
18.1. Analyzing design hierarchy..
18.2. Executing AST frontend in derive mode using pre-parsed AST for module `\jpeg_rle'.
18.3. Executing AST frontend in derive mode using pre-parsed AST for module `\jpeg_qnr'.
18.4. Executing AST frontend in derive mode using pre-parsed AST for module `\fdct'.
18.5. Analyzing design hierarchy..
18.6. Executing AST frontend in derive mode using pre-parsed AST for module `\div_su'.
18.7. Executing AST frontend in derive mode using pre-parsed AST for module `\jpeg_rzs'.
18.8. Executing AST frontend in derive mode using pre-parsed AST for module `\jpeg_rle1'.
18.9. Executing AST frontend in derive mode using pre-parsed AST for module `\zigzag'.
Warning: Replacing memory \sresult with list of registers. See /OpenROAD-flow-scripts/flow/designs/src/jpeg/zigzag.v:131
18.10. Executing AST frontend in derive mode using pre-parsed AST for module `\dct'.
18.11. Analyzing design hierarchy..
18.12. Executing AST frontend in derive mode using pre-parsed AST for module `\div_uu'.
Warning: Replacing memory \q_pipe with list of registers. See /OpenROAD-flow-scripts/flow/designs/src/jpeg/div_uu.v:160
Warning: Replacing memory \s_pipe with list of registers. See /OpenROAD-flow-scripts/flow/designs/src/jpeg/div_uu.v:151
Warning: Replacing memory \d_pipe with list of registers. See /OpenROAD-flow-scripts/flow/designs/src/jpeg/div_uu.v:142
18.13. Executing AST frontend in derive mode using pre-parsed AST for module `\dctub'.
18.14. Executing AST frontend in derive mode using pre-parsed AST for module `\dctub'.
18.15. Executing AST frontend in derive mode using pre-parsed AST for module `\dctub'.
18.16. Executing AST frontend in derive mode using pre-parsed AST for module `\dctub'.
18.17. Executing AST frontend in derive mode using pre-parsed AST for module `\dctub'.
18.18. Executing AST frontend in derive mode using pre-parsed AST for module `\dctub'.
18.19. Executing AST frontend in derive mode using pre-parsed AST for module `\dctub'.
18.20. Executing AST frontend in derive mode using pre-parsed AST for module `\dctub'.
18.21. Analyzing design hierarchy..
18.22. Executing AST frontend in derive mode using pre-parsed AST for module `\dctu'.
18.23. Executing AST frontend in derive mode using pre-parsed AST for module `\dctu'.
18.24. Executing AST frontend in derive mode using pre-parsed AST for module `\dctu'.
18.25. Executing AST frontend in derive mode using pre-parsed AST for module `\dctu'.
18.26. Executing AST frontend in derive mode using pre-parsed AST for module `\dctu'.
18.27. Executing AST frontend in derive mode using pre-parsed AST for module `\dctu'.
18.28. Executing AST frontend in derive mode using pre-parsed AST for module `\dctu'.
18.29. Executing AST frontend in derive mode using pre-parsed AST for module `\dctu'.
18.30. Executing AST frontend in derive mode using pre-parsed AST for module `\dctu'.
18.31. Executing AST frontend in derive mode using pre-parsed AST for module `\dctu'.
18.32. Executing AST frontend in derive mode using pre-parsed AST for module `\dctu'.
18.33. Executing AST frontend in derive mode using pre-parsed AST for module `\dctu'.
18.34. Executing AST frontend in derive mode using pre-parsed AST for module `\dctu'.
18.35. Executing AST frontend in derive mode using pre-parsed AST for module `\dctu'.
18.36. Executing AST frontend in derive mode using pre-parsed AST for module `\dctu'.
18.37. Executing AST frontend in derive mode using pre-parsed AST for module `\dctu'.
18.38. Executing AST frontend in derive mode using pre-parsed AST for module `\dctu'.
18.39. Executing AST frontend in derive mode using pre-parsed AST for module `\dctu'.
18.40. Executing AST frontend in derive mode using pre-parsed AST for module `\dctu'.
18.41. Executing AST frontend in derive mode using pre-parsed AST for module `\dctu'.
18.42. Executing AST frontend in derive mode using pre-parsed AST for module `\dctu'.
18.43. Executing AST frontend in derive mode using pre-parsed AST for module `\dctu'.
18.44. Executing AST frontend in derive mode using pre-parsed AST for module `\dctu'.
18.45. Executing AST frontend in derive mode using pre-parsed AST for module `\dctu'.
18.46. Executing AST frontend in derive mode using pre-parsed AST for module `\dctu'.
18.47. Executing AST frontend in derive mode using pre-parsed AST for module `\dctu'.
18.48. Executing AST frontend in derive mode using pre-parsed AST for module `\dctu'.
18.49. Executing AST frontend in derive mode using pre-parsed AST for module `\dctu'.
18.50. Executing AST frontend in derive mode using pre-parsed AST for module `\dctu'.
18.51. Executing AST frontend in derive mode using pre-parsed AST for module `\dctu'.
18.52. Executing AST frontend in derive mode using pre-parsed AST for module `\dctu'.
18.53. Executing AST frontend in derive mode using pre-parsed AST for module `\dctu'.
18.54. Executing AST frontend in derive mode using pre-parsed AST for module `\dctu'.
18.55. Executing AST frontend in derive mode using pre-parsed AST for module `\dctu'.
18.56. Executing AST frontend in derive mode using pre-parsed AST for module `\dctu'.
18.57. Executing AST frontend in derive mode using pre-parsed AST for module `\dctu'.
18.58. Executing AST frontend in derive mode using pre-parsed AST for module `\dctu'.
18.59. Executing AST frontend in derive mode using pre-parsed AST for module `\dctu'.
18.60. Executing AST frontend in derive mode using pre-parsed AST for module `\dctu'.
18.61. Executing AST frontend in derive mode using pre-parsed AST for module `\dctu'.
18.62. Executing AST frontend in derive mode using pre-parsed AST for module `\dctu'.
18.63. Executing AST frontend in derive mode using pre-parsed AST for module `\dctu'.
18.64. Executing AST frontend in derive mode using pre-parsed AST for module `\dctu'.
18.65. Executing AST frontend in derive mode using pre-parsed AST for module `\dctu'.
18.66. Executing AST frontend in derive mode using pre-parsed AST for module `\dctu'.
18.67. Executing AST frontend in derive mode using pre-parsed AST for module `\dctu'.
18.68. Executing AST frontend in derive mode using pre-parsed AST for module `\dctu'.
18.69. Executing AST frontend in derive mode using pre-parsed AST for module `\dctu'.
18.70. Executing AST frontend in derive mode using pre-parsed AST for module `\dctu'.
18.71. Executing AST frontend in derive mode using pre-parsed AST for module `\dctu'.
18.72. Executing AST frontend in derive mode using pre-parsed AST for module `\dctu'.
18.73. Executing AST frontend in derive mode using pre-parsed AST for module `\dctu'.
18.74. Executing AST frontend in derive mode using pre-parsed AST for module `\dctu'.
18.75. Executing AST frontend in derive mode using pre-parsed AST for module `\dctu'.
18.76. Executing AST frontend in derive mode using pre-parsed AST for module `\dctu'.
18.77. Executing AST frontend in derive mode using pre-parsed AST for module `\dctu'.
18.78. Executing AST frontend in derive mode using pre-parsed AST for module `\dctu'.
18.79. Executing AST frontend in derive mode using pre-parsed AST for module `\dctu'.
18.80. Executing AST frontend in derive mode using pre-parsed AST for module `\dctu'.
18.81. Executing AST frontend in derive mode using pre-parsed AST for module `\dctu'.
18.82. Executing AST frontend in derive mode using pre-parsed AST for module `\dctu'.
18.83. Executing AST frontend in derive mode using pre-parsed AST for module `\dctu'.
18.84. Executing AST frontend in derive mode using pre-parsed AST for module `\dctu'.
18.85. Executing AST frontend in derive mode using pre-parsed AST for module `\dctu'.
18.86. Analyzing design hierarchy..
18.87. Executing AST frontend in derive mode using pre-parsed AST for module `\dct_mac'.
18.88. Analyzing design hierarchy..
18.89. Analyzing design hierarchy..
19. Executing OPT_CLEAN pass (remove unused cells and wires).
Warning: Ignoring module $paramod$e2471d3acfddfd8f107137e4952b02d9e7720f44\dctu because it contains processes (run 'proc' command first).
Warning: Ignoring module $paramod$9e8342fceac8003655f9e71995b4fdeb8565fbe5\dctu because it contains processes (run 'proc' command first).
Warning: Ignoring module $paramod$0f96740a02eb44c944b68d6b495a8cce162f1249\dctu because it contains processes (run 'proc' command first).
Warning: Ignoring module $paramod$e6bd937dcb54fb0697fee40c5f9824ba6fd53538\dctu because it contains processes (run 'proc' command first).
Warning: Ignoring module $paramod$da3415da01ee30cd3fa431ef7b8104a7c6ed9a24\dctu because it contains processes (run 'proc' command first).
Warning: Ignoring module $paramod$b53123087aafc52fe604e5dcf6b6b1b8d73b2231\dctu because it contains processes (run 'proc' command first).
Warning: Ignoring module $paramod$4dc5718e86f31fe555f7d39cf5ab7078c09f577a\dctu because it contains processes (run 'proc' command first).
Warning: Ignoring module $paramod$fa41e4d02884503da5d6c381e868b8c261424a31\dctu because it contains processes (run 'proc' command first).
Warning: Ignoring module $paramod$826cb5d104d530340b1f58495d2410742b2c32fe\dctu because it contains processes (run 'proc' command first).
Warning: Ignoring module $paramod$88a8287894fa5d106cca0ce24429339f4a2785a9\dctu because it contains processes (run 'proc' command first).
Warning: Ignoring module $paramod$0c5a5bd6be4ed818deaac08b02afbddb6897ffee\dctu because it contains processes (run 'proc' command first).
Warning: Ignoring module $paramod$141303f1e6ff0436e3fa44dd8e1d8f51afed9a78\dctu because it contains processes (run 'proc' command first).
Warning: Ignoring module $paramod$16cad72ebc555f93621a2c70f423f14f85bbeb07\dctu because it contains processes (run 'proc' command first).
Warning: Ignoring module $paramod$a8d3b7b4edaf7d596a54a187c8ed4a9561fa625a\dctu because it contains processes (run 'proc' command first).
Warning: Ignoring module $paramod$56b31b71c3bccc1fb1f134779b3bdd5ab1b461c7\dctu because it contains processes (run 'proc' command first).
Warning: Ignoring module $paramod$141b5017b00a41bd6bcdd772ef8ad836aaf4019f\dctu because it contains processes (run 'proc' command first).
Warning: Ignoring module $paramod$37cd075c9fa8b3a4872c05f999800e89bc604dc4\dctu because it contains processes (run 'proc' command first).
Warning: Ignoring module $paramod$26ce9ce45d1136272d6a188b0b22329681d6199b\dctu because it contains processes (run 'proc' command first).
Warning: Ignoring module $paramod$ca051f171e86125a3bcf4bd090f5be774b98c04e\dctu because it contains processes (run 'proc' command first).
Warning: Ignoring module $paramod$3b47752d19f391915a818678f43c9a51f524cc48\dctu because it contains processes (run 'proc' command first).
Warning: Ignoring module $paramod$b266e2f77428397c53d4afd55bef1da32efe03d9\dctu because it contains processes (run 'proc' command first).
Warning: Ignoring module $paramod$f06914ec453560c29e1738d8a2be788b84af024b\dctu because it contains processes (run 'proc' command first).
Warning: Ignoring module $paramod$a184ef4c0e9b8e48eac4b335f6b36fd82c0c32d3\dctu because it contains processes (run 'proc' command first).
Warning: Ignoring module $paramod$6be19b0824fdb8c44e931702b04949b1ae101a34\dctu because it contains processes (run 'proc' command first).
Warning: Ignoring module $paramod$1b119bd029c81aaa2221a23d15ab3b6b02f6efee\dctu because it contains processes (run 'proc' command first).
Warning: Ignoring module $paramod$9fe6c97945bcc341eadabee9cbdea0f75515e5c3\dctu because it contains processes (run 'proc' command first).
Warning: Ignoring module $paramod$44a044575968c599376fc32b4d9ee49faea5711d\dctu because it contains processes (run 'proc' command first).
Warning: Ignoring module $paramod$f1b01728a98736f8d413a71bd9a7600c5a6961e3\dctu because it contains processes (run 'proc' command first).
Warning: Ignoring module $paramod$04fdc4f446e06e0744e44efd615d1158fec3aeb8\dctu because it contains processes (run 'proc' command first).
Warning: Ignoring module $paramod$a523c923d4f86f07f4e81f5d8b04b352dfcc17be\dctu because it contains processes (run 'proc' command first).
Warning: Ignoring module $paramod$c4f8cc56c0ef9356356d2a98d35862f209dd307b\dctu because it contains processes (run 'proc' command first).
Warning: Ignoring module $paramod$adcdc49d3fc5249816d353bb65629f56cf0927d3\dctu because it contains processes (run 'proc' command first).
Warning: Ignoring module $paramod$bfc28a02cfebf191b4a982c9147f38f65a3f3469\dctu because it contains processes (run 'proc' command first).
Warning: Ignoring module $paramod$7911a3968b23dded19efefb86cf26bb44e3a7781\dctu because it contains processes (run 'proc' command first).
Warning: Ignoring module $paramod$785fe1ea8cdf428cbeb2f89081ee68c33feb7da2\dctu because it contains processes (run 'proc' command first).
Warning: Ignoring module $paramod$2da196d8114b669d4bb3858ca0a91434452576e0\dctu because it contains processes (run 'proc' command first).
Warning: Ignoring module $paramod$a5796bae454a3870edf919a9404bde7ca4192701\dctu because it contains processes (run 'proc' command first).
Warning: Ignoring module $paramod$eb0441514cb1002bdcaf5201d3067d7bd1bbd3e9\dctu because it contains processes (run 'proc' command first).
Warning: Ignoring module $paramod$e9d96eb14c78f030ece167996f154f4849a68288\dctu because it contains processes (run 'proc' command first).
Warning: Ignoring module $paramod$2ce29d501700894abc3f54c094daafc2d8c2c211\dctu because it contains processes (run 'proc' command first).
Warning: Ignoring module $paramod$11fa2caec0040cf5bdd9aac167c50c8009d1fe68\dctu because it contains processes (run 'proc' command first).
Warning: Ignoring module $paramod$bd585d540938973e77d9fdfafe68a3c54bf55cb8\dctu because it contains processes (run 'proc' command first).
Warning: Ignoring module $paramod$94a1b10314722615b96d6c8f661cbb82ecebf320\dctu because it contains processes (run 'proc' command first).
Warning: Ignoring module $paramod$d348381a5c8d7c369f0c055d305d608d67b77e86\dctu because it contains processes (run 'proc' command first).
Warning: Ignoring module $paramod$29130e85acc43116076719ea36da8d59b7490cc4\dctu because it contains processes (run 'proc' command first).
Warning: Ignoring module $paramod$32a02d514417e24bb09b7885b9c053483ac7784d\dctu because it contains processes (run 'proc' command first).
Warning: Ignoring module $paramod$9beaa443332981731011e314e41ebdfa5267d059\dctu because it contains processes (run 'proc' command first).
Warning: Ignoring module $paramod$fa85f450a22557b2687ca86acb15721a7fddf8e7\dctu because it contains processes (run 'proc' command first).
Warning: Ignoring module $paramod$5778094f610ca183dd46956f589e4ea513d2316c\dctu because it contains processes (run 'proc' command first).
Warning: Ignoring module $paramod$cf6677181b8958913bf11288905dc7e6338a7bf5\dctu because it contains processes (run 'proc' command first).
Warning: Ignoring module $paramod$4895890460618319d2e2de05b5a45e21ba9e3f8b\dctu because it contains processes (run 'proc' command first).
Warning: Ignoring module $paramod$ee2aa8736952ca7eee7f4751cab786a479da4583\div_uu because it contains processes (run 'proc' command first).
Warning: Ignoring module $paramod$849c8591669cf197b80ef99050b300773b555aae\dct because it contains processes (run 'proc' command first).
Warning: Ignoring module zigzag because it contains processes (run 'proc' command first).
Warning: Ignoring module jpeg_rle1 because it contains processes (run 'proc' command first).
Warning: Ignoring module jpeg_rzs because it contains processes (run 'proc' command first).
Warning: Ignoring module $paramod\div_su\z_width=s32'00000000000000000000000000011000 because it contains processes (run 'proc' command first).
Warning: Ignoring module jpeg_qnr because it contains processes (run 'proc' command first).
Warning: Ignoring module jpeg_rle because it contains processes (run 'proc' command first).
Warning: Ignoring module jpeg_encoder because it contains processes (run 'proc' command first).
Warning: Ignoring module $paramod$b5a8bcf0c5a3eb6704410e66fd72520afc96ea51\dct_mac because it contains processes (run 'proc' command first).
Warning: Ignoring module $paramod$8cd9bf70556f3aa976ca66d64ee3b9c1b3a94e21\dctu because it contains processes (run 'proc' command first).
Warning: Ignoring module $paramod$30e2d72cbb2d6c7d2f48769e891fec5593e1f756\dctu because it contains processes (run 'proc' command first).
Warning: Ignoring module $paramod$022e4835c44d221125856d68f8603b7186431212\dctu because it contains processes (run 'proc' command first).
Warning: Ignoring module $paramod$f878842d6bc0ac80c3f795bb76ef86af701fb0a2\dctu because it contains processes (run 'proc' command first).
Warning: Ignoring module $paramod$bd5d8b7ea001bd9da1e8d07da4940a1f4c75e6b0\dctu because it contains processes (run 'proc' command first).
Warning: Ignoring module $paramod$bb43d9c07810ea45f23a5f680ee116bafcd9334e\dctu because it contains processes (run 'proc' command first).
Warning: Ignoring module $paramod$c50cce30a10e9eb82ea37b86647b55ab680286c8\dctu because it contains processes (run 'proc' command first).
Warning: Ignoring module $paramod$9f831900faf0e9bfdbd9e0f8aa853df59256a109\dctu because it contains processes (run 'proc' command first).
Warning: Ignoring module $paramod$53ab2e60687d01e7461fdffe1d34a14bacda6928\dctu because it contains processes (run 'proc' command first).
Warning: Ignoring module $paramod$99c498a68fd2923ba65be259bfb6e7d8309d79f4\dctu because it contains processes (run 'proc' command first).
Warning: Ignoring module $paramod$f5bb6813249a03e2893277297591ec050ac518dc\dctu because it contains processes (run 'proc' command first).
Warning: Ignoring module $paramod$696f85e1ea63d2b5ad7171a625fd3b51a665057d\dctu because it contains processes (run 'proc' command first).
Warning: Ignoring module $paramod$8f6708f3156f3d6d195809cddd67c9b8c08cd488\dctu because it contains processes (run 'proc' command first).
20. Executing RTLIL backend.
Warnings: 78 unique messages, 78 total
End of script. Logfile hash: c55bed6c3d, time: 1.23s, user: 1.04s, system: 0.18s, MEM: 584.98 MB peak
Yosys 0.64+post (git sha1 UNKNOWN-dirty, g++ 11.4.0-1ubuntu1~22.04.3 -fPIC -O3)
Time spent: 92% 1x hierarchy (1 sec), 3% 4x read_liberty (0 sec), ...
Elapsed time: 0:01.39[h:]min:sec. CPU time: user 1.17 sys 0.22 (99%). Peak memory: 599016KB.
Log                       Ext     Elapsed/s Peak Memory/MB sha1sum result [0:20)
1_1_yosys_canonicalize    .rtlil          1            584 56c9540922259f15a1ff
