+ DEFAULT_IMAGE=openroad/orfs:latest
+ FLOW_DIR=/OpenROAD-flow-scripts/flow
+ USE_USER=false
+ DRY_RUN=false
+ PORTS=()
+ IMAGE=
+ CMD_ARGS=()
+ [[ 7 -gt 0 ]]
+ case "$1" in
+ CMD_ARGS=("$@")
+ break
+ IMAGE=openroad/orfs:latest
+ get_container_engine
++ docker --version
+ local 'DOCKER_VERSION_STRING=Docker version 29.7.1, build e9452d6'
+ [[ Docker version 29.7.1, build e9452d6 == *Docker* ]]
+ container_engine=docker
++ pwd
+ WORKSPACE=/home/mispronounced/Code/JayRaj21/OpenROAD-flow-scripts/flow
+ YOSYS_EXE=/OpenROAD-flow-scripts/tools/install/yosys/bin/yosys
+ OPENROAD_EXE=/OpenROAD-flow-scripts/tools/install/OpenROAD/bin/openroad
+ KLAYOUT_CMD=/usr/bin/klayout
+ XSOCK=/tmp/.X11-unix
+ XAUTH=/tmp/.docker.xauth
+ false
+ xauth nlist :0
+ sed -e 's/^..../ffff/'
+ xauth -f /tmp/.docker.xauth nmerge -
+ test -t 0
+ DOCKER_INTERACTIVE=
+ false
+ [[ docker == podman ]]
++ id -u mispronounced
++ id -g mispronounced
+ user_args='-u 1000:1000'
+ user_env=
+ PORT_ARGS=()
+ CMD_STR=
+ [[ 7 -gt 0 ]]
+ CMD_STR='make floorplan DESIGN_CONFIG=./designs/nangate45/ibex/config.mk CORE_UTILIZATION=85 RESULTS_DIR=/work/results/nangate45/ibex/pipeline_85 OBJECTS_DIR=/work/objects/nangate45/ibex/pipeline_85 -j16'
+ ENV_SH_CMD='if [ -f ../env.sh ]; then . ../env.sh; fi;'
+ DOCKER_CMD=("$container_engine" run --rm -i $DOCKER_INTERACTIVE $user_env $user_args -e LIBGL_ALWAYS_SOFTWARE=1 -e QT_X11_NO_MITSHM=1 -e XDG_RUNTIME_DIR=/tmp/xdg-run -e "DISPLAY=${DISPLAY:-:0}" -e QT_XKB_CONFIG_ROOT=/usr/share/X11/xkb -v "$XSOCK:$XSOCK" -v "$XAUTH:$XAUTH" -e "XAUTHORITY=$XAUTH" -e FLOW_HOME=/OpenROAD-flow-scripts/flow/ -e WORK_HOME=/work -e "YOSYS_EXE=$YOSYS_EXE" -e "OPENROAD_EXE=$OPENROAD_EXE" -e "KLAYOUT_CMD=$KLAYOUT_CMD" -v "$WORKSPACE:/work:Z" --network host "${PORT_ARGS[@]}" "$IMAGE" bash -c "set -ex; mkdir /tmp/xdg-run; cd ${FLOW_DIR}; ${ENV_SH_CMD}$CMD_STR")
+ false
+ exec docker run --rm -i -u 1000:1000 -e LIBGL_ALWAYS_SOFTWARE=1 -e QT_X11_NO_MITSHM=1 -e XDG_RUNTIME_DIR=/tmp/xdg-run -e DISPLAY=:0 -e QT_XKB_CONFIG_ROOT=/usr/share/X11/xkb -v /tmp/.X11-unix:/tmp/.X11-unix -v /tmp/.docker.xauth:/tmp/.docker.xauth -e XAUTHORITY=/tmp/.docker.xauth -e FLOW_HOME=/OpenROAD-flow-scripts/flow/ -e WORK_HOME=/work -e YOSYS_EXE=/OpenROAD-flow-scripts/tools/install/yosys/bin/yosys -e OPENROAD_EXE=/OpenROAD-flow-scripts/tools/install/OpenROAD/bin/openroad -e KLAYOUT_CMD=/usr/bin/klayout -v /home/mispronounced/Code/JayRaj21/OpenROAD-flow-scripts/flow:/work:Z --network host openroad/orfs:latest bash -c 'set -ex; mkdir /tmp/xdg-run; cd /OpenROAD-flow-scripts/flow; if [ -f ../env.sh ]; then . ../env.sh; fi;make floorplan DESIGN_CONFIG=./designs/nangate45/ibex/config.mk CORE_UTILIZATION=85 RESULTS_DIR=/work/results/nangate45/ibex/pipeline_85 OBJECTS_DIR=/work/objects/nangate45/ibex/pipeline_85 -j16'
+ mkdir /tmp/xdg-run
+ cd /OpenROAD-flow-scripts/flow
+ '[' -f ../env.sh ']'
+ . ../env.sh
++ __setpaths
++ [[ linux-gnu == \d\a\r\w\i\n* ]]
++++ readlink -f ../env.sh
+++ dirname /OpenROAD-flow-scripts/env.sh
++ DIR=/OpenROAD-flow-scripts
++ export OPENROAD=/OpenROAD-flow-scripts/tools/OpenROAD
++ OPENROAD=/OpenROAD-flow-scripts/tools/OpenROAD
++ echo 'OPENROAD: /OpenROAD-flow-scripts/tools/OpenROAD'
OPENROAD: /OpenROAD-flow-scripts/tools/OpenROAD
++ export PATH=/OpenROAD-flow-scripts/tools/install/OpenROAD/bin:/usr/local/bin/wrapped-cc:/usr/local/sbin:/usr/local/bin:/usr/sbin:/usr/bin:/sbin:/bin
++ PATH=/OpenROAD-flow-scripts/tools/install/OpenROAD/bin:/usr/local/bin/wrapped-cc:/usr/local/sbin:/usr/local/bin:/usr/sbin:/usr/bin:/sbin:/bin
++ export PATH=/OpenROAD-flow-scripts/tools/install/yosys/bin:/OpenROAD-flow-scripts/tools/install/OpenROAD/bin:/usr/local/bin/wrapped-cc:/usr/local/sbin:/usr/local/bin:/usr/sbin:/usr/bin:/sbin:/bin
++ PATH=/OpenROAD-flow-scripts/tools/install/yosys/bin:/OpenROAD-flow-scripts/tools/install/OpenROAD/bin:/usr/local/bin/wrapped-cc:/usr/local/sbin:/usr/local/bin:/usr/sbin:/usr/bin:/sbin:/bin
++ export PATH=/OpenROAD-flow-scripts/tools/install/kepler-formal/bin:/OpenROAD-flow-scripts/tools/install/yosys/bin:/OpenROAD-flow-scripts/tools/install/OpenROAD/bin:/usr/local/bin/wrapped-cc:/usr/local/sbin:/usr/local/bin:/usr/sbin:/usr/bin:/sbin:/bin
++ PATH=/OpenROAD-flow-scripts/tools/install/kepler-formal/bin:/OpenROAD-flow-scripts/tools/install/yosys/bin:/OpenROAD-flow-scripts/tools/install/OpenROAD/bin:/usr/local/bin/wrapped-cc:/usr/local/sbin:/usr/local/bin:/usr/sbin:/usr/bin:/sbin:/bin
++ [[ linux-gnu == \d\a\r\w\i\n* ]]
++ export FLOW_HOME=/OpenROAD-flow-scripts/flow
++ FLOW_HOME=/OpenROAD-flow-scripts/flow
++ unset -f __setpaths
+ make floorplan DESIGN_CONFIG=./designs/nangate45/ibex/config.mk CORE_UTILIZATION=85 RESULTS_DIR=/work/results/nangate45/ibex/pipeline_85 OBJECTS_DIR=/work/objects/nangate45/ibex/pipeline_85 -j16
make: *** No rule to make target '/work/results/nangate45/ibex/pipeline_85/2_1_floorplan.sdc', needed by '/work/results/nangate45/ibex/pipeline_85/2_floorplan.sdc'.  Stop.
make: *** Waiting for unfinished jobs....
/OpenROAD-flow-scripts/flow/scripts/flow.sh 2_1_floorplan floorplan
Running floorplan.tcl, stage 2_1_floorplan
read_liberty /OpenROAD-flow-scripts/flow/platforms/nangate45/lib/NangateOpenCellLibrary_typical.lib
read_db /work/results/nangate45/ibex/pipeline_85/1_synth.odb
read_sdc /work/results/nangate45/ibex/pipeline_85/1_synth.sdc
source /OpenROAD-flow-scripts/flow/platforms/nangate45/setRC.tcl

==========================================================================
Floorplan check_setup
--------------------------------------------------------------------------
number instances in verilog is 14871
[INFO IFP-0107] Defining die area using utilization: 85.00% and aspect ratio: 1.
[WARNING IFP-0028] Core area lower left (1.000, 1.000) snapped to (1.140, 1.400).
[INFO IFP-0001] Added 130 rows of 962 site FreePDK45_38x28_10R_NP_162NW_34O.
[INFO IFP-0100] Die BBox:  (  0.000  0.000 ) ( 185.065 185.065 ) um
[INFO IFP-0101] Core BBox: (  1.140  1.400 ) ( 183.920 183.400 ) um
[INFO IFP-0102] Core area:                        33265.960 um^2
[INFO IFP-0103] Total instances area:             28485.674 um^2
[INFO IFP-0104] Effective utilization:                0.856
[INFO IFP-0105] Number of instances:                  14871
source /OpenROAD-flow-scripts/flow/platforms/nangate45/make_tracks.tcl
source /OpenROAD-flow-scripts/flow/platforms/nangate45/fastroute.tcl
Repair tie lo fanout...
[INFO RSZ-0042] Inserted 7 tie LOGIC0_X1 instances.
Repair tie hi fanout...
repair_timing -setup_margin 0 -hold_margin 0 -repair_tns 100 -setup -skip_last_gasp -sequence unbuffer,sizeup,swap,vt_swap -verbose
[WARNING EST-0027] no estimated parasitics. Using wire load models.
[INFO RSZ-0100] Repair move sequence: UnbufferMove SizeUpMove SwapPinsMove 
[INFO RSZ-0094] Found 409 endpoints with setup violations.
[INFO RSZ-0099] Repairing 409 out of 409 (100.00%) violating endpoints...
   Iter   | Removed | Resized | Inserted | Cloned |  Pin  |   Area   |    WNS   |   StTNS    |   EnTNS    |  Viol  |  Worst  
          | Buffers |  Gates  | Buffers  |  Gates | Swaps |          |          |            |            | Endpts | St/EnPt 
------------------------------------------------------------------------------------------------------------------------------
       0* |       0 |       0 |        0 |      0 |     0 |    +0.0% |   -0.186 |       -4.1 |      -44.5 |    409 | gen_regfile_ff.register_file_i.rf_reg\[124\]$_DFFE_PN0P_/D
      10* |       0 |       9 |        0 |      0 |     0 |    +0.0% |   -0.078 |       -3.7 |       -4.8 |    409 | gen_regfile_ff.register_file_i.rf_reg\[124\]$_DFFE_PN0P_/D
      20* |       0 |      19 |        0 |      0 |     0 |    +0.0% |   -0.062 |       -3.6 |       -2.7 |    409 | gen_regfile_ff.register_file_i.rf_reg\[124\]$_DFFE_PN0P_/D
      30* |       0 |      29 |        0 |      0 |     0 |    +0.0% |   -0.048 |       -3.6 |       -1.6 |    409 | gen_regfile_ff.register_file_i.rf_reg\[124\]$_DFFE_PN0P_/D
      40* |       0 |      39 |        0 |      0 |     0 |    +0.1% |   -0.031 |       -3.6 |       -0.9 |    409 | gen_regfile_ff.register_file_i.rf_reg\[124\]$_DFFE_PN0P_/D
      49* |       0 |      47 |        0 |      0 |     0 |    +0.1% |   -0.011 |       -3.5 |       -0.3 |    409 | gen_regfile_ff.register_file_i.rf_reg\[124\]$_DFFE_PN0P_/D
      50* |       0 |      47 |        0 |      0 |     0 |    +0.1% |   -0.011 |       -3.5 |       -0.3 |    409 | gen_regfile_ff.register_file_i.rf_reg\[124\]$_DFFE_PN0P_/D
      51* |       0 |      47 |        0 |      0 |     0 |    +0.1% |   -0.011 |       -3.5 |       -0.3 |    409 | gen_regfile_ff.register_file_i.rf_reg\[124\]$_DFFE_PN0P_/D
      53* |       0 |      47 |        0 |      0 |     0 |    +0.1% |   -0.011 |       -3.5 |       -0.3 |    409 | gen_regfile_ff.register_file_i.rf_reg\[124\]$_DFFE_PN0P_/D
      55* |       0 |      47 |        0 |      0 |     0 |    +0.1% |   -0.011 |       -3.5 |       -0.3 |    409 | gen_regfile_ff.register_file_i.rf_reg\[124\]$_DFFE_PN0P_/D
      57* |       0 |      47 |        0 |      0 |     0 |    +0.1% |   -0.011 |       -3.5 |       -0.3 |    409 | gen_regfile_ff.register_file_i.rf_reg\[124\]$_DFFE_PN0P_/D
      59* |       0 |      47 |        0 |      0 |     0 |    +0.1% |   -0.011 |       -3.5 |       -0.3 |    409 | gen_regfile_ff.register_file_i.rf_reg\[124\]$_DFFE_PN0P_/D
      60* |       0 |      47 |        0 |      0 |     0 |    +0.1% |   -0.011 |       -3.5 |       -0.3 |    409 | gen_regfile_ff.register_file_i.rf_reg\[124\]$_DFFE_PN0P_/D
      61* |       0 |      47 |        0 |      0 |     0 |    +0.1% |   -0.011 |       -3.5 |       -0.3 |    409 | gen_regfile_ff.register_file_i.rf_reg\[124\]$_DFFE_PN0P_/D
      63* |       0 |      47 |        0 |      0 |     0 |    +0.1% |   -0.011 |       -3.5 |       -0.3 |    409 | gen_regfile_ff.register_file_i.rf_reg\[124\]$_DFFE_PN0P_/D
      65* |       0 |      47 |        0 |      0 |     0 |    +0.1% |   -0.011 |       -3.5 |       -0.3 |    409 | gen_regfile_ff.register_file_i.rf_reg\[124\]$_DFFE_PN0P_/D
      67* |       0 |      47 |        0 |      0 |     0 |    +0.1% |   -0.011 |       -3.5 |       -0.3 |    409 | gen_regfile_ff.register_file_i.rf_reg\[124\]$_DFFE_PN0P_/D
      69* |       0 |      47 |        0 |      0 |     0 |    +0.1% |   -0.011 |       -3.5 |       -0.3 |    409 | gen_regfile_ff.register_file_i.rf_reg\[124\]$_DFFE_PN0P_/D
      70* |       0 |      47 |        0 |      0 |     0 |    +0.1% |   -0.011 |       -3.5 |       -0.3 |    409 | gen_regfile_ff.register_file_i.rf_reg\[124\]$_DFFE_PN0P_/D
      71* |       0 |      47 |        0 |      0 |     0 |    +0.1% |   -0.011 |       -3.5 |       -0.3 |    409 | gen_regfile_ff.register_file_i.rf_reg\[124\]$_DFFE_PN0P_/D
      73* |       0 |      47 |        0 |      0 |     0 |    +0.1% |   -0.011 |       -3.5 |       -0.3 |    409 | gen_regfile_ff.register_file_i.rf_reg\[124\]$_DFFE_PN0P_/D
      75* |       0 |      47 |        0 |      0 |     0 |    +0.1% |   -0.011 |       -3.5 |       -0.3 |    409 | gen_regfile_ff.register_file_i.rf_reg\[124\]$_DFFE_PN0P_/D
      77* |       0 |      47 |        0 |      0 |     0 |    +0.1% |   -0.011 |       -3.5 |       -0.3 |    409 | gen_regfile_ff.register_file_i.rf_reg\[124\]$_DFFE_PN0P_/D
      79* |       0 |      47 |        0 |      0 |     0 |    +0.1% |   -0.011 |       -3.5 |       -0.3 |    409 | gen_regfile_ff.register_file_i.rf_reg\[124\]$_DFFE_PN0P_/D
      80* |       0 |      47 |        0 |      0 |     0 |    +0.1% |   -0.011 |       -3.5 |       -0.3 |    409 | gen_regfile_ff.register_file_i.rf_reg\[124\]$_DFFE_PN0P_/D
      81* |       0 |      47 |        0 |      0 |     0 |    +0.1% |   -0.011 |       -3.5 |       -0.3 |    409 | gen_regfile_ff.register_file_i.rf_reg\[124\]$_DFFE_PN0P_/D
      83* |       0 |      47 |        0 |      0 |     0 |    +0.1% |   -0.011 |       -3.5 |       -0.3 |    409 | gen_regfile_ff.register_file_i.rf_reg\[124\]$_DFFE_PN0P_/D
      85* |       0 |      47 |        0 |      0 |     0 |    +0.1% |   -0.011 |       -3.5 |       -0.3 |    409 | gen_regfile_ff.register_file_i.rf_reg\[124\]$_DFFE_PN0P_/D
      87* |       0 |      47 |        0 |      0 |     0 |    +0.1% |   -0.011 |       -3.5 |       -0.3 |    409 | gen_regfile_ff.register_file_i.rf_reg\[124\]$_DFFE_PN0P_/D
      89* |       0 |      47 |        0 |      0 |     0 |    +0.1% |   -0.011 |       -3.5 |       -0.3 |    409 | gen_regfile_ff.register_file_i.rf_reg\[124\]$_DFFE_PN0P_/D
      90* |       0 |      47 |        0 |      0 |     0 |    +0.1% |   -0.011 |       -3.5 |       -0.3 |    409 | gen_regfile_ff.register_file_i.rf_reg\[124\]$_DFFE_PN0P_/D
      91* |       0 |      47 |        0 |      0 |     0 |    +0.1% |   -0.011 |       -3.5 |       -0.3 |    409 | gen_regfile_ff.register_file_i.rf_reg\[124\]$_DFFE_PN0P_/D
      93* |       0 |      47 |        0 |      0 |     0 |    +0.1% |   -0.011 |       -3.5 |       -0.3 |    409 | gen_regfile_ff.register_file_i.rf_reg\[124\]$_DFFE_PN0P_/D
      95* |       0 |      47 |        0 |      0 |     0 |    +0.1% |   -0.011 |       -3.5 |       -0.3 |    409 | gen_regfile_ff.register_file_i.rf_reg\[124\]$_DFFE_PN0P_/D
      97* |       0 |      47 |        0 |      0 |     0 |    +0.1% |   -0.011 |       -3.5 |       -0.3 |    409 | gen_regfile_ff.register_file_i.rf_reg\[124\]$_DFFE_PN0P_/D
      99* |       0 |      47 |        0 |      0 |     0 |    +0.1% |   -0.011 |       -3.5 |       -0.3 |    409 | gen_regfile_ff.register_file_i.rf_reg\[124\]$_DFFE_PN0P_/D
     100* |       0 |      47 |        0 |      0 |     0 |    +0.1% |   -0.011 |       -3.5 |       -0.3 |    409 | gen_regfile_ff.register_file_i.rf_reg\[124\]$_DFFE_PN0P_/D
     101* |       0 |      47 |        0 |      0 |     0 |    +0.1% |   -0.011 |       -3.5 |       -0.3 |    409 | gen_regfile_ff.register_file_i.rf_reg\[124\]$_DFFE_PN0P_/D
     103* |       0 |      47 |        0 |      0 |     0 |    +0.1% |   -0.011 |       -3.5 |       -0.3 |    409 | gen_regfile_ff.register_file_i.rf_reg\[124\]$_DFFE_PN0P_/D
     105* |       0 |      47 |        0 |      0 |     0 |    +0.1% |   -0.011 |       -3.5 |       -0.3 |    409 | gen_regfile_ff.register_file_i.rf_reg\[124\]$_DFFE_PN0P_/D
     107* |       0 |      47 |        0 |      0 |     0 |    +0.1% |   -0.011 |       -3.5 |       -0.3 |    409 | gen_regfile_ff.register_file_i.rf_reg\[124\]$_DFFE_PN0P_/D
     108* |       0 |      47 |        0 |      0 |     0 |    +0.1% |   -0.011 |       -3.5 |       -0.3 |    409 | gen_regfile_ff.register_file_i.rf_reg\[124\]$_DFFE_PN0P_/D
     109* |       0 |      47 |        0 |      0 |     0 |    +0.1% |   -0.011 |       -3.5 |       -0.3 |    409 | gen_regfile_ff.register_file_i.rf_reg\[124\]$_DFFE_PN0P_/D
     110* |       0 |      47 |        0 |      0 |     0 |    +0.1% |   -0.011 |       -3.5 |       -0.3 |    409 | gen_regfile_ff.register_file_i.rf_reg\[124\]$_DFFE_PN0P_/D
     110* |       0 |      47 |        0 |      0 |     0 |    +0.1% |   -0.011 |       -3.5 |       -0.3 |    409 | gen_regfile_ff.register_file_i.rf_reg\[124\]$_DFFE_PN0P_/D
     111* |       0 |      47 |        0 |      0 |     0 |    +0.1% |   -0.011 |       -3.5 |       -0.3 |    409 | gen_regfile_ff.register_file_i.rf_reg\[124\]$_DFFE_PN0P_/D
     112* |       0 |      47 |        0 |      0 |     0 |    +0.1% |   -0.011 |       -3.5 |       -0.3 |    409 | gen_regfile_ff.register_file_i.rf_reg\[124\]$_DFFE_PN0P_/D
     113* |       0 |      47 |        0 |      0 |     0 |    +0.1% |   -0.011 |       -3.5 |       -0.3 |    409 | gen_regfile_ff.register_file_i.rf_reg\[124\]$_DFFE_PN0P_/D
     114* |       0 |      47 |        0 |      0 |     0 |    +0.1% |   -0.011 |       -3.5 |       -0.3 |    409 | gen_regfile_ff.register_file_i.rf_reg\[124\]$_DFFE_PN0P_/D
     115* |       0 |      47 |        0 |      0 |     0 |    +0.1% |   -0.011 |       -3.5 |       -0.3 |    409 | gen_regfile_ff.register_file_i.rf_reg\[124\]$_DFFE_PN0P_/D
     116* |       0 |      47 |        0 |      0 |     0 |    +0.1% |   -0.011 |       -3.5 |       -0.3 |    409 | gen_regfile_ff.register_file_i.rf_reg\[124\]$_DFFE_PN0P_/D
     117* |       0 |      47 |        0 |      0 |     0 |    +0.1% |   -0.011 |       -3.5 |       -0.3 |    409 | gen_regfile_ff.register_file_i.rf_reg\[124\]$_DFFE_PN0P_/D
     118* |       0 |      47 |        0 |      0 |     0 |    +0.1% |   -0.011 |       -3.5 |       -0.3 |    409 | gen_regfile_ff.register_file_i.rf_reg\[124\]$_DFFE_PN0P_/D
     119* |       0 |      47 |        0 |      0 |     0 |    +0.1% |   -0.011 |       -3.5 |       -0.3 |    409 | gen_regfile_ff.register_file_i.rf_reg\[124\]$_DFFE_PN0P_/D
     120* |       0 |      47 |        0 |      0 |     0 |    +0.1% |   -0.011 |       -3.5 |       -0.3 |    409 | gen_regfile_ff.register_file_i.rf_reg\[124\]$_DFFE_PN0P_/D
     120* |       0 |      47 |        0 |      0 |     0 |    +0.1% |   -0.011 |       -3.5 |       -0.3 |    409 | gen_regfile_ff.register_file_i.rf_reg\[124\]$_DFFE_PN0P_/D
     121* |       0 |      47 |        0 |      0 |     0 |    +0.1% |   -0.011 |       -3.5 |       -0.3 |    409 | gen_regfile_ff.register_file_i.rf_reg\[124\]$_DFFE_PN0P_/D
     122* |       0 |      47 |        0 |      0 |     0 |    +0.1% |   -0.011 |       -3.5 |       -0.3 |    409 | gen_regfile_ff.register_file_i.rf_reg\[124\]$_DFFE_PN0P_/D
     123* |       0 |      47 |        0 |      0 |     0 |    +0.1% |   -0.011 |       -3.5 |       -0.3 |    409 | gen_regfile_ff.register_file_i.rf_reg\[124\]$_DFFE_PN0P_/D
     124* |       0 |      47 |        0 |      0 |     0 |    +0.1% |   -0.011 |       -3.5 |       -0.3 |    409 | gen_regfile_ff.register_file_i.rf_reg\[124\]$_DFFE_PN0P_/D
     125* |       0 |      47 |        0 |      0 |     0 |    +0.1% |   -0.011 |       -3.5 |       -0.3 |    409 | gen_regfile_ff.register_file_i.rf_reg\[124\]$_DFFE_PN0P_/D
     126* |       0 |      47 |        0 |      0 |     0 |    +0.1% |   -0.011 |       -3.5 |       -0.3 |    409 | gen_regfile_ff.register_file_i.rf_reg\[124\]$_DFFE_PN0P_/D
     127* |       0 |      47 |        0 |      0 |     0 |    +0.1% |   -0.011 |       -3.5 |       -0.3 |    409 | gen_regfile_ff.register_file_i.rf_reg\[124\]$_DFFE_PN0P_/D
     128* |       0 |      47 |        0 |      0 |     0 |    +0.1% |   -0.011 |       -3.5 |       -0.3 |    409 | gen_regfile_ff.register_file_i.rf_reg\[124\]$_DFFE_PN0P_/D
     129* |       0 |      47 |        0 |      0 |     0 |    +0.1% |   -0.011 |       -3.5 |       -0.3 |    409 | gen_regfile_ff.register_file_i.rf_reg\[124\]$_DFFE_PN0P_/D
     130* |       0 |      47 |        0 |      0 |     0 |    +0.1% |   -0.011 |       -3.5 |       -0.3 |    409 | gen_regfile_ff.register_file_i.rf_reg\[124\]$_DFFE_PN0P_/D
     130* |       0 |      47 |        0 |      0 |     0 |    +0.1% |   -0.011 |       -3.5 |       -0.3 |    409 | gen_regfile_ff.register_file_i.rf_reg\[124\]$_DFFE_PN0P_/D
     131* |       0 |      47 |        0 |      0 |     0 |    +0.1% |   -0.011 |       -3.5 |       -0.3 |    409 | gen_regfile_ff.register_file_i.rf_reg\[124\]$_DFFE_PN0P_/D
     132* |       0 |      47 |        0 |      0 |     0 |    +0.1% |   -0.011 |       -3.5 |       -0.3 |    409 | gen_regfile_ff.register_file_i.rf_reg\[124\]$_DFFE_PN0P_/D
     133* |       0 |      47 |        0 |      0 |     0 |    +0.1% |   -0.011 |       -3.5 |       -0.3 |    409 | gen_regfile_ff.register_file_i.rf_reg\[124\]$_DFFE_PN0P_/D
     134* |       0 |      47 |        0 |      0 |     0 |    +0.1% |   -0.011 |       -3.5 |       -0.3 |    409 | gen_regfile_ff.register_file_i.rf_reg\[124\]$_DFFE_PN0P_/D
     135* |       0 |      47 |        0 |      0 |     0 |    +0.1% |   -0.011 |       -3.5 |       -0.3 |    409 | gen_regfile_ff.register_file_i.rf_reg\[124\]$_DFFE_PN0P_/D
     136* |       0 |      47 |        0 |      0 |     0 |    +0.1% |   -0.011 |       -3.5 |       -0.3 |    409 | gen_regfile_ff.register_file_i.rf_reg\[124\]$_DFFE_PN0P_/D
     137* |       0 |      47 |        0 |      0 |     0 |    +0.1% |   -0.011 |       -3.5 |       -0.3 |    409 | gen_regfile_ff.register_file_i.rf_reg\[124\]$_DFFE_PN0P_/D
     138* |       0 |      47 |        0 |      0 |     0 |    +0.1% |   -0.011 |       -3.5 |       -0.3 |    409 | gen_regfile_ff.register_file_i.rf_reg\[124\]$_DFFE_PN0P_/D
     139* |       0 |      47 |        0 |      0 |     0 |    +0.1% |   -0.011 |       -3.5 |       -0.3 |    409 | gen_regfile_ff.register_file_i.rf_reg\[124\]$_DFFE_PN0P_/D
     140* |       0 |      47 |        0 |      0 |     0 |    +0.1% |   -0.011 |       -3.5 |       -0.3 |    409 | gen_regfile_ff.register_file_i.rf_reg\[124\]$_DFFE_PN0P_/D
     140* |       0 |      47 |        0 |      0 |     0 |    +0.1% |   -0.011 |       -3.5 |       -0.3 |    409 | gen_regfile_ff.register_file_i.rf_reg\[124\]$_DFFE_PN0P_/D
     141* |       0 |      47 |        0 |      0 |     0 |    +0.1% |   -0.011 |       -3.5 |       -0.3 |    409 | gen_regfile_ff.register_file_i.rf_reg\[124\]$_DFFE_PN0P_/D
     142* |       0 |      47 |        0 |      0 |     0 |    +0.1% |   -0.011 |       -3.5 |       -0.3 |    409 | gen_regfile_ff.register_file_i.rf_reg\[124\]$_DFFE_PN0P_/D
     143* |       0 |      47 |        0 |      0 |     0 |    +0.1% |   -0.011 |       -3.5 |       -0.3 |    409 | gen_regfile_ff.register_file_i.rf_reg\[124\]$_DFFE_PN0P_/D
     144* |       0 |      47 |        0 |      0 |     0 |    +0.1% |   -0.011 |       -3.5 |       -0.3 |    409 | gen_regfile_ff.register_file_i.rf_reg\[124\]$_DFFE_PN0P_/D
     145* |       0 |      47 |        0 |      0 |     0 |    +0.1% |   -0.011 |       -3.5 |       -0.3 |    409 | gen_regfile_ff.register_file_i.rf_reg\[124\]$_DFFE_PN0P_/D
     146* |       0 |      47 |        0 |      0 |     0 |    +0.1% |   -0.011 |       -3.5 |       -0.3 |    409 | gen_regfile_ff.register_file_i.rf_reg\[124\]$_DFFE_PN0P_/D
     147* |       0 |      47 |        0 |      0 |     0 |    +0.1% |   -0.011 |       -3.5 |       -0.3 |    409 | gen_regfile_ff.register_file_i.rf_reg\[124\]$_DFFE_PN0P_/D
     148* |       0 |      47 |        0 |      0 |     0 |    +0.1% |   -0.011 |       -3.5 |       -0.3 |    409 | gen_regfile_ff.register_file_i.rf_reg\[124\]$_DFFE_PN0P_/D
     149* |       0 |      47 |        0 |      0 |     0 |    +0.1% |   -0.011 |       -3.5 |       -0.3 |    409 | gen_regfile_ff.register_file_i.rf_reg\[124\]$_DFFE_PN0P_/D
     150* |       0 |      47 |        0 |      0 |     0 |    +0.1% |   -0.011 |       -3.5 |       -0.3 |    409 | gen_regfile_ff.register_file_i.rf_reg\[124\]$_DFFE_PN0P_/D
     150* |       0 |      47 |        0 |      0 |     0 |    +0.1% |   -0.011 |       -3.5 |       -0.3 |    409 | gen_regfile_ff.register_file_i.rf_reg\[124\]$_DFFE_PN0P_/D
     151* |       0 |      47 |        0 |      0 |     0 |    +0.1% |   -0.011 |       -3.5 |       -0.3 |    409 | gen_regfile_ff.register_file_i.rf_reg\[124\]$_DFFE_PN0P_/D
     152* |       0 |      47 |        0 |      0 |     0 |    +0.1% |   -0.011 |       -3.5 |       -0.3 |    409 | gen_regfile_ff.register_file_i.rf_reg\[124\]$_DFFE_PN0P_/D
     153* |       0 |      47 |        0 |      0 |     0 |    +0.1% |   -0.011 |       -3.5 |       -0.3 |    409 | gen_regfile_ff.register_file_i.rf_reg\[124\]$_DFFE_PN0P_/D
     154* |       0 |      47 |        0 |      0 |     0 |    +0.1% |   -0.011 |       -3.5 |       -0.3 |    409 | gen_regfile_ff.register_file_i.rf_reg\[124\]$_DFFE_PN0P_/D
     155* |       0 |      47 |        0 |      0 |     0 |    +0.1% |   -0.011 |       -3.5 |       -0.3 |    409 | gen_regfile_ff.register_file_i.rf_reg\[124\]$_DFFE_PN0P_/D
     156* |       0 |      47 |        0 |      0 |     0 |    +0.1% |   -0.011 |       -3.5 |       -0.3 |    409 | gen_regfile_ff.register_file_i.rf_reg\[124\]$_DFFE_PN0P_/D
     157* |       0 |      47 |        0 |      0 |     0 |    +0.1% |   -0.011 |       -3.5 |       -0.3 |    409 | gen_regfile_ff.register_file_i.rf_reg\[124\]$_DFFE_PN0P_/D
     158* |       0 |      47 |        0 |      0 |     0 |    +0.1% |   -0.011 |       -3.5 |       -0.3 |    409 | gen_regfile_ff.register_file_i.rf_reg\[124\]$_DFFE_PN0P_/D
     159* |       0 |      47 |        0 |      0 |     0 |    +0.1% |   -0.011 |       -3.5 |       -0.3 |    409 | gen_regfile_ff.register_file_i.rf_reg\[124\]$_DFFE_PN0P_/D
     160* |       0 |      47 |        0 |      0 |     0 |    +0.1% |   -0.011 |       -3.5 |       -0.3 |    409 | gen_regfile_ff.register_file_i.rf_reg\[124\]$_DFFE_PN0P_/D
     160* |       0 |      47 |        0 |      0 |     0 |    +0.1% |   -0.011 |       -3.5 |       -0.3 |    409 | gen_regfile_ff.register_file_i.rf_reg\[124\]$_DFFE_PN0P_/D
     161* |       0 |      47 |        0 |      0 |     0 |    +0.1% |   -0.011 |       -3.5 |       -0.3 |    409 | gen_regfile_ff.register_file_i.rf_reg\[124\]$_DFFE_PN0P_/D
     162* |       0 |      47 |        0 |      0 |     0 |    +0.1% |   -0.011 |       -3.5 |       -0.3 |    409 | gen_regfile_ff.register_file_i.rf_reg\[124\]$_DFFE_PN0P_/D
     163* |       0 |      47 |        0 |      0 |     0 |    +0.1% |   -0.011 |       -3.5 |       -0.3 |    409 | gen_regfile_ff.register_file_i.rf_reg\[124\]$_DFFE_PN0P_/D
     164* |       0 |      47 |        0 |      0 |     0 |    +0.1% |   -0.011 |       -3.5 |       -0.3 |    409 | gen_regfile_ff.register_file_i.rf_reg\[124\]$_DFFE_PN0P_/D
     165* |       0 |      47 |        0 |      0 |     0 |    +0.1% |   -0.011 |       -3.5 |       -0.3 |    409 | gen_regfile_ff.register_file_i.rf_reg\[124\]$_DFFE_PN0P_/D
     166* |       0 |      47 |        0 |      0 |     0 |    +0.1% |   -0.011 |       -3.5 |       -0.3 |    409 | gen_regfile_ff.register_file_i.rf_reg\[124\]$_DFFE_PN0P_/D
     167* |       0 |      47 |        0 |      0 |     0 |    +0.1% |   -0.011 |       -3.5 |       -0.3 |    409 | gen_regfile_ff.register_file_i.rf_reg\[124\]$_DFFE_PN0P_/D
     168* |       0 |      47 |        0 |      0 |     0 |    +0.1% |   -0.011 |       -3.5 |       -0.3 |    409 | gen_regfile_ff.register_file_i.rf_reg\[124\]$_DFFE_PN0P_/D
     169* |       0 |      47 |        0 |      0 |     0 |    +0.1% |   -0.011 |       -3.5 |       -0.3 |    409 | gen_regfile_ff.register_file_i.rf_reg\[124\]$_DFFE_PN0P_/D
     170* |       0 |      47 |        0 |      0 |     0 |    +0.1% |   -0.011 |       -3.5 |       -0.3 |    409 | gen_regfile_ff.register_file_i.rf_reg\[124\]$_DFFE_PN0P_/D
     170* |       0 |      47 |        0 |      0 |     0 |    +0.1% |   -0.011 |       -3.5 |       -0.3 |    409 | gen_regfile_ff.register_file_i.rf_reg\[124\]$_DFFE_PN0P_/D
     171* |       0 |      47 |        0 |      0 |     0 |    +0.1% |   -0.011 |       -3.5 |       -0.3 |    409 | gen_regfile_ff.register_file_i.rf_reg\[124\]$_DFFE_PN0P_/D
     172* |       0 |      47 |        0 |      0 |     0 |    +0.1% |   -0.011 |       -3.5 |       -0.3 |    409 | gen_regfile_ff.register_file_i.rf_reg\[124\]$_DFFE_PN0P_/D
     173* |       0 |      47 |        0 |      0 |     0 |    +0.1% |   -0.011 |       -3.5 |       -0.3 |    409 | gen_regfile_ff.register_file_i.rf_reg\[124\]$_DFFE_PN0P_/D
     174* |       0 |      47 |        0 |      0 |     0 |    +0.1% |   -0.011 |       -3.5 |       -0.3 |    409 | gen_regfile_ff.register_file_i.rf_reg\[124\]$_DFFE_PN0P_/D
     175* |       0 |      47 |        0 |      0 |     0 |    +0.1% |   -0.011 |       -3.5 |       -0.3 |    409 | gen_regfile_ff.register_file_i.rf_reg\[124\]$_DFFE_PN0P_/D
     176* |       0 |      47 |        0 |      0 |     0 |    +0.1% |   -0.011 |       -3.5 |       -0.3 |    409 | gen_regfile_ff.register_file_i.rf_reg\[124\]$_DFFE_PN0P_/D
     177* |       0 |      47 |        0 |      0 |     0 |    +0.1% |   -0.011 |       -3.5 |       -0.3 |    409 | gen_regfile_ff.register_file_i.rf_reg\[124\]$_DFFE_PN0P_/D
     178* |       0 |      47 |        0 |      0 |     0 |    +0.1% |   -0.011 |       -3.5 |       -0.3 |    409 | gen_regfile_ff.register_file_i.rf_reg\[124\]$_DFFE_PN0P_/D
     179* |       0 |      47 |        0 |      0 |     0 |    +0.1% |   -0.011 |       -3.5 |       -0.3 |    409 | gen_regfile_ff.register_file_i.rf_reg\[124\]$_DFFE_PN0P_/D
     180* |       0 |      47 |        0 |      0 |     0 |    +0.1% |   -0.011 |       -3.5 |       -0.3 |    409 | gen_regfile_ff.register_file_i.rf_reg\[124\]$_DFFE_PN0P_/D
     180* |       0 |      47 |        0 |      0 |     0 |    +0.1% |   -0.011 |       -3.5 |       -0.3 |    409 | gen_regfile_ff.register_file_i.rf_reg\[124\]$_DFFE_PN0P_/D
     181* |       0 |      47 |        0 |      0 |     0 |    +0.1% |   -0.011 |       -3.5 |       -0.3 |    409 | gen_regfile_ff.register_file_i.rf_reg\[124\]$_DFFE_PN0P_/D
     182* |       0 |      47 |        0 |      0 |     0 |    +0.1% |   -0.011 |       -3.5 |       -0.3 |    409 | gen_regfile_ff.register_file_i.rf_reg\[124\]$_DFFE_PN0P_/D
     183* |       0 |      47 |        0 |      0 |     0 |    +0.1% |   -0.011 |       -3.5 |       -0.3 |    409 | gen_regfile_ff.register_file_i.rf_reg\[124\]$_DFFE_PN0P_/D
     184* |       0 |      47 |        0 |      0 |     0 |    +0.1% |   -0.011 |       -3.5 |       -0.3 |    409 | gen_regfile_ff.register_file_i.rf_reg\[124\]$_DFFE_PN0P_/D
     185* |       0 |      47 |        0 |      0 |     0 |    +0.1% |   -0.011 |       -3.5 |       -0.3 |    409 | gen_regfile_ff.register_file_i.rf_reg\[124\]$_DFFE_PN0P_/D
     186* |       0 |      47 |        0 |      0 |     0 |    +0.1% |   -0.011 |       -3.5 |       -0.3 |    409 | gen_regfile_ff.register_file_i.rf_reg\[124\]$_DFFE_PN0P_/D
     187* |       0 |      47 |        0 |      0 |     0 |    +0.1% |   -0.011 |       -3.5 |       -0.3 |    409 | gen_regfile_ff.register_file_i.rf_reg\[124\]$_DFFE_PN0P_/D
     188* |       0 |      47 |        0 |      0 |     0 |    +0.1% |   -0.011 |       -3.5 |       -0.3 |    409 | gen_regfile_ff.register_file_i.rf_reg\[124\]$_DFFE_PN0P_/D
     189* |       0 |      47 |        0 |      0 |     0 |    +0.1% |   -0.011 |       -3.5 |       -0.3 |    409 | gen_regfile_ff.register_file_i.rf_reg\[124\]$_DFFE_PN0P_/D
     190* |       0 |      47 |        0 |      0 |     0 |    +0.1% |   -0.011 |       -3.5 |       -0.3 |    409 | gen_regfile_ff.register_file_i.rf_reg\[124\]$_DFFE_PN0P_/D
     190* |       0 |      47 |        0 |      0 |     0 |    +0.1% |   -0.011 |       -3.5 |       -0.3 |    409 | gen_regfile_ff.register_file_i.rf_reg\[124\]$_DFFE_PN0P_/D
     191* |       0 |      47 |        0 |      0 |     0 |    +0.1% |   -0.011 |       -3.5 |       -0.3 |    409 | gen_regfile_ff.register_file_i.rf_reg\[124\]$_DFFE_PN0P_/D
     192* |       0 |      47 |        0 |      0 |     0 |    +0.1% |   -0.011 |       -3.5 |       -0.3 |    409 | gen_regfile_ff.register_file_i.rf_reg\[124\]$_DFFE_PN0P_/D
     193* |       0 |      47 |        0 |      0 |     0 |    +0.1% |   -0.011 |       -3.5 |       -0.3 |    409 | gen_regfile_ff.register_file_i.rf_reg\[124\]$_DFFE_PN0P_/D
     194* |       0 |      47 |        0 |      0 |     0 |    +0.1% |   -0.011 |       -3.5 |       -0.3 |    409 | gen_regfile_ff.register_file_i.rf_reg\[124\]$_DFFE_PN0P_/D
     195* |       0 |      47 |        0 |      0 |     0 |    +0.1% |   -0.011 |       -3.5 |       -0.3 |    409 | gen_regfile_ff.register_file_i.rf_reg\[124\]$_DFFE_PN0P_/D
     196* |       0 |      47 |        0 |      0 |     0 |    +0.1% |   -0.011 |       -3.5 |       -0.3 |    409 | gen_regfile_ff.register_file_i.rf_reg\[124\]$_DFFE_PN0P_/D
     197* |       0 |      47 |        0 |      0 |     0 |    +0.1% |   -0.011 |       -3.5 |       -0.3 |    409 | gen_regfile_ff.register_file_i.rf_reg\[124\]$_DFFE_PN0P_/D
     198* |       0 |      47 |        0 |      0 |     0 |    +0.1% |   -0.011 |       -3.5 |       -0.3 |    409 | gen_regfile_ff.register_file_i.rf_reg\[124\]$_DFFE_PN0P_/D
     199* |       0 |      47 |        0 |      0 |     0 |    +0.1% |   -0.011 |       -3.5 |       -0.3 |    409 | gen_regfile_ff.register_file_i.rf_reg\[124\]$_DFFE_PN0P_/D
     200* |       0 |      47 |        0 |      0 |     0 |    +0.1% |   -0.011 |       -3.5 |       -0.3 |    409 | gen_regfile_ff.register_file_i.rf_reg\[124\]$_DFFE_PN0P_/D
     200* |       0 |      47 |        0 |      0 |     0 |    +0.1% |   -0.011 |       -3.5 |       -0.3 |    409 | gen_regfile_ff.register_file_i.rf_reg\[124\]$_DFFE_PN0P_/D
     201* |       0 |      47 |        0 |      0 |     0 |    +0.1% |   -0.011 |       -3.5 |       -0.3 |    409 | gen_regfile_ff.register_file_i.rf_reg\[124\]$_DFFE_PN0P_/D
     202* |       0 |      47 |        0 |      0 |     0 |    +0.1% |   -0.011 |       -3.5 |       -0.3 |    409 | gen_regfile_ff.register_file_i.rf_reg\[124\]$_DFFE_PN0P_/D
     203* |       0 |      47 |        0 |      0 |     0 |    +0.1% |   -0.011 |       -3.5 |       -0.3 |    409 | gen_regfile_ff.register_file_i.rf_reg\[124\]$_DFFE_PN0P_/D
     204* |       0 |      47 |        0 |      0 |     0 |    +0.1% |   -0.011 |       -3.5 |       -0.3 |    409 | gen_regfile_ff.register_file_i.rf_reg\[124\]$_DFFE_PN0P_/D
     205* |       0 |      47 |        0 |      0 |     0 |    +0.1% |   -0.011 |       -3.5 |       -0.3 |    409 | gen_regfile_ff.register_file_i.rf_reg\[124\]$_DFFE_PN0P_/D
     206* |       0 |      47 |        0 |      0 |     0 |    +0.1% |   -0.011 |       -3.5 |       -0.3 |    409 | gen_regfile_ff.register_file_i.rf_reg\[124\]$_DFFE_PN0P_/D
     207* |       0 |      47 |        0 |      0 |     0 |    +0.1% |   -0.011 |       -3.5 |       -0.3 |    409 | gen_regfile_ff.register_file_i.rf_reg\[124\]$_DFFE_PN0P_/D
     208* |       0 |      47 |        0 |      0 |     0 |    +0.1% |   -0.011 |       -3.5 |       -0.3 |    409 | gen_regfile_ff.register_file_i.rf_reg\[124\]$_DFFE_PN0P_/D
     209* |       0 |      47 |        0 |      0 |     0 |    +0.1% |   -0.011 |       -3.5 |       -0.3 |    409 | gen_regfile_ff.register_file_i.rf_reg\[124\]$_DFFE_PN0P_/D
     210* |       0 |      47 |        0 |      0 |     0 |    +0.1% |   -0.011 |       -3.5 |       -0.3 |    409 | gen_regfile_ff.register_file_i.rf_reg\[124\]$_DFFE_PN0P_/D
     210* |       0 |      47 |        0 |      0 |     0 |    +0.1% |   -0.011 |       -3.5 |       -0.3 |    409 | gen_regfile_ff.register_file_i.rf_reg\[124\]$_DFFE_PN0P_/D
     211* |       0 |      47 |        0 |      0 |     0 |    +0.1% |   -0.011 |       -3.5 |       -0.3 |    409 | gen_regfile_ff.register_file_i.rf_reg\[124\]$_DFFE_PN0P_/D
     212* |       0 |      47 |        0 |      0 |     0 |    +0.1% |   -0.011 |       -3.5 |       -0.3 |    409 | gen_regfile_ff.register_file_i.rf_reg\[124\]$_DFFE_PN0P_/D
     213* |       0 |      47 |        0 |      0 |     0 |    +0.1% |   -0.011 |       -3.5 |       -0.3 |    409 | gen_regfile_ff.register_file_i.rf_reg\[124\]$_DFFE_PN0P_/D
     214* |       0 |      47 |        0 |      0 |     0 |    +0.1% |   -0.011 |       -3.5 |       -0.3 |    409 | gen_regfile_ff.register_file_i.rf_reg\[124\]$_DFFE_PN0P_/D
     215* |       0 |      47 |        0 |      0 |     0 |    +0.1% |   -0.011 |       -3.5 |       -0.3 |    409 | gen_regfile_ff.register_file_i.rf_reg\[124\]$_DFFE_PN0P_/D
     216* |       0 |      47 |        0 |      0 |     0 |    +0.1% |   -0.011 |       -3.5 |       -0.3 |    409 | gen_regfile_ff.register_file_i.rf_reg\[124\]$_DFFE_PN0P_/D
     217* |       0 |      47 |        0 |      0 |     0 |    +0.1% |   -0.011 |       -3.5 |       -0.3 |    409 | gen_regfile_ff.register_file_i.rf_reg\[124\]$_DFFE_PN0P_/D
     218* |       0 |      47 |        0 |      0 |     0 |    +0.1% |   -0.011 |       -3.5 |       -0.3 |    409 | gen_regfile_ff.register_file_i.rf_reg\[124\]$_DFFE_PN0P_/D
     219* |       0 |      47 |        0 |      0 |     0 |    +0.1% |   -0.011 |       -3.5 |       -0.3 |    409 | gen_regfile_ff.register_file_i.rf_reg\[124\]$_DFFE_PN0P_/D
     220* |       0 |      47 |        0 |      0 |     0 |    +0.1% |   -0.011 |       -3.5 |       -0.3 |    409 | gen_regfile_ff.register_file_i.rf_reg\[124\]$_DFFE_PN0P_/D
     220* |       0 |      47 |        0 |      0 |     0 |    +0.1% |   -0.011 |       -3.5 |       -0.3 |    409 | gen_regfile_ff.register_file_i.rf_reg\[124\]$_DFFE_PN0P_/D
     221* |       0 |      47 |        0 |      0 |     0 |    +0.1% |   -0.011 |       -3.5 |       -0.3 |    409 | gen_regfile_ff.register_file_i.rf_reg\[124\]$_DFFE_PN0P_/D
     222* |       0 |      47 |        0 |      0 |     0 |    +0.1% |   -0.011 |       -3.5 |       -0.3 |    409 | gen_regfile_ff.register_file_i.rf_reg\[124\]$_DFFE_PN0P_/D
     223* |       0 |      47 |        0 |      0 |     0 |    +0.1% |   -0.011 |       -3.5 |       -0.3 |    409 | gen_regfile_ff.register_file_i.rf_reg\[124\]$_DFFE_PN0P_/D
     224* |       0 |      47 |        0 |      0 |     0 |    +0.1% |   -0.011 |       -3.5 |       -0.3 |    409 | gen_regfile_ff.register_file_i.rf_reg\[124\]$_DFFE_PN0P_/D
     225* |       0 |      47 |        0 |      0 |     0 |    +0.1% |   -0.011 |       -3.5 |       -0.3 |    409 | gen_regfile_ff.register_file_i.rf_reg\[124\]$_DFFE_PN0P_/D
     226* |       0 |      47 |        0 |      0 |     0 |    +0.1% |   -0.011 |       -3.5 |       -0.3 |    409 | gen_regfile_ff.register_file_i.rf_reg\[124\]$_DFFE_PN0P_/D
     227* |       0 |      47 |        0 |      0 |     0 |    +0.1% |   -0.011 |       -3.5 |       -0.3 |    409 | gen_regfile_ff.register_file_i.rf_reg\[124\]$_DFFE_PN0P_/D
     228* |       0 |      47 |        0 |      0 |     0 |    +0.1% |   -0.011 |       -3.5 |       -0.3 |    409 | gen_regfile_ff.register_file_i.rf_reg\[124\]$_DFFE_PN0P_/D
     229* |       0 |      47 |        0 |      0 |     0 |    +0.1% |   -0.011 |       -3.5 |       -0.3 |    409 | gen_regfile_ff.register_file_i.rf_reg\[124\]$_DFFE_PN0P_/D
     230* |       0 |      47 |        0 |      0 |     0 |    +0.1% |   -0.011 |       -3.5 |       -0.3 |    409 | gen_regfile_ff.register_file_i.rf_reg\[124\]$_DFFE_PN0P_/D
     230* |       0 |      47 |        0 |      0 |     0 |    +0.1% |   -0.011 |       -3.5 |       -0.3 |    409 | gen_regfile_ff.register_file_i.rf_reg\[124\]$_DFFE_PN0P_/D
     231* |       0 |      47 |        0 |      0 |     0 |    +0.1% |   -0.011 |       -3.5 |       -0.3 |    409 | gen_regfile_ff.register_file_i.rf_reg\[124\]$_DFFE_PN0P_/D
     232* |       0 |      47 |        0 |      0 |     0 |    +0.1% |   -0.011 |       -3.5 |       -0.3 |    409 | gen_regfile_ff.register_file_i.rf_reg\[124\]$_DFFE_PN0P_/D
     233* |       0 |      47 |        0 |      0 |     0 |    +0.1% |   -0.011 |       -3.5 |       -0.3 |    409 | gen_regfile_ff.register_file_i.rf_reg\[124\]$_DFFE_PN0P_/D
     234* |       0 |      47 |        0 |      0 |     0 |    +0.1% |   -0.011 |       -3.5 |       -0.3 |    409 | gen_regfile_ff.register_file_i.rf_reg\[124\]$_DFFE_PN0P_/D
     235* |       0 |      47 |        0 |      0 |     0 |    +0.1% |   -0.011 |       -3.5 |       -0.3 |    409 | gen_regfile_ff.register_file_i.rf_reg\[124\]$_DFFE_PN0P_/D
     236* |       0 |      47 |        0 |      0 |     0 |    +0.1% |   -0.011 |       -3.5 |       -0.3 |    409 | gen_regfile_ff.register_file_i.rf_reg\[124\]$_DFFE_PN0P_/D
     237* |       0 |      47 |        0 |      0 |     0 |    +0.1% |   -0.011 |       -3.5 |       -0.3 |    409 | gen_regfile_ff.register_file_i.rf_reg\[124\]$_DFFE_PN0P_/D
     238* |       0 |      47 |        0 |      0 |     0 |    +0.1% |   -0.011 |       -3.5 |       -0.3 |    409 | gen_regfile_ff.register_file_i.rf_reg\[124\]$_DFFE_PN0P_/D
     239* |       0 |      47 |        0 |      0 |     0 |    +0.1% |   -0.011 |       -3.5 |       -0.3 |    409 | gen_regfile_ff.register_file_i.rf_reg\[124\]$_DFFE_PN0P_/D
     240* |       0 |      47 |        0 |      0 |     0 |    +0.1% |   -0.011 |       -3.5 |       -0.3 |    409 | gen_regfile_ff.register_file_i.rf_reg\[124\]$_DFFE_PN0P_/D
     240* |       0 |      47 |        0 |      0 |     0 |    +0.1% |   -0.011 |       -3.5 |       -0.3 |    409 | gen_regfile_ff.register_file_i.rf_reg\[124\]$_DFFE_PN0P_/D
     241* |       0 |      47 |        0 |      0 |     0 |    +0.1% |   -0.011 |       -3.5 |       -0.3 |    409 | gen_regfile_ff.register_file_i.rf_reg\[124\]$_DFFE_PN0P_/D
     242* |       0 |      47 |        0 |      0 |     0 |    +0.1% |   -0.011 |       -3.5 |       -0.3 |    409 | gen_regfile_ff.register_file_i.rf_reg\[124\]$_DFFE_PN0P_/D
     243* |       0 |      47 |        0 |      0 |     0 |    +0.1% |   -0.011 |       -3.5 |       -0.3 |    409 | gen_regfile_ff.register_file_i.rf_reg\[124\]$_DFFE_PN0P_/D
     244* |       0 |      47 |        0 |      0 |     0 |    +0.1% |   -0.011 |       -3.5 |       -0.3 |    409 | gen_regfile_ff.register_file_i.rf_reg\[124\]$_DFFE_PN0P_/D
     245* |       0 |      47 |        0 |      0 |     0 |    +0.1% |   -0.011 |       -3.5 |       -0.3 |    409 | gen_regfile_ff.register_file_i.rf_reg\[124\]$_DFFE_PN0P_/D
     246* |       0 |      47 |        0 |      0 |     0 |    +0.1% |   -0.011 |       -3.5 |       -0.3 |    409 | gen_regfile_ff.register_file_i.rf_reg\[124\]$_DFFE_PN0P_/D
     247* |       0 |      47 |        0 |      0 |     0 |    +0.1% |   -0.011 |       -3.5 |       -0.3 |    409 | gen_regfile_ff.register_file_i.rf_reg\[124\]$_DFFE_PN0P_/D
     248* |       0 |      47 |        0 |      0 |     0 |    +0.1% |   -0.011 |       -3.5 |       -0.3 |    409 | gen_regfile_ff.register_file_i.rf_reg\[124\]$_DFFE_PN0P_/D
     249* |       0 |      47 |        0 |      0 |     0 |    +0.1% |   -0.011 |       -3.5 |       -0.3 |    409 | gen_regfile_ff.register_file_i.rf_reg\[124\]$_DFFE_PN0P_/D
     250* |       0 |      47 |        0 |      0 |     0 |    +0.1% |   -0.011 |       -3.5 |       -0.3 |    409 | gen_regfile_ff.register_file_i.rf_reg\[124\]$_DFFE_PN0P_/D
     250* |       0 |      47 |        0 |      0 |     0 |    +0.1% |   -0.011 |       -3.5 |       -0.3 |    409 | gen_regfile_ff.register_file_i.rf_reg\[124\]$_DFFE_PN0P_/D
     251* |       0 |      47 |        0 |      0 |     0 |    +0.1% |   -0.011 |       -3.5 |       -0.3 |    409 | gen_regfile_ff.register_file_i.rf_reg\[124\]$_DFFE_PN0P_/D
     252* |       0 |      47 |        0 |      0 |     0 |    +0.1% |   -0.011 |       -3.5 |       -0.3 |    409 | gen_regfile_ff.register_file_i.rf_reg\[124\]$_DFFE_PN0P_/D
     253* |       0 |      47 |        0 |      0 |     0 |    +0.1% |   -0.011 |       -3.5 |       -0.3 |    409 | gen_regfile_ff.register_file_i.rf_reg\[124\]$_DFFE_PN0P_/D
     254* |       0 |      47 |        0 |      0 |     0 |    +0.1% |   -0.011 |       -3.5 |       -0.3 |    409 | gen_regfile_ff.register_file_i.rf_reg\[124\]$_DFFE_PN0P_/D
     255* |       0 |      47 |        0 |      0 |     0 |    +0.1% |   -0.011 |       -3.5 |       -0.3 |    409 | gen_regfile_ff.register_file_i.rf_reg\[124\]$_DFFE_PN0P_/D
     256* |       0 |      47 |        0 |      0 |     0 |    +0.1% |   -0.011 |       -3.5 |       -0.3 |    409 | gen_regfile_ff.register_file_i.rf_reg\[124\]$_DFFE_PN0P_/D
     257* |       0 |      47 |        0 |      0 |     0 |    +0.1% |   -0.011 |       -3.5 |       -0.3 |    409 | gen_regfile_ff.register_file_i.rf_reg\[124\]$_DFFE_PN0P_/D
     258* |       0 |      47 |        0 |      0 |     0 |    +0.1% |   -0.011 |       -3.5 |       -0.3 |    409 | gen_regfile_ff.register_file_i.rf_reg\[124\]$_DFFE_PN0P_/D
     259* |       0 |      47 |        0 |      0 |     0 |    +0.1% |   -0.011 |       -3.5 |       -0.3 |    409 | gen_regfile_ff.register_file_i.rf_reg\[124\]$_DFFE_PN0P_/D
     260* |       0 |      47 |        0 |      0 |     0 |    +0.1% |   -0.011 |       -3.5 |       -0.3 |    409 | gen_regfile_ff.register_file_i.rf_reg\[124\]$_DFFE_PN0P_/D
     260* |       0 |      47 |        0 |      0 |     0 |    +0.1% |   -0.011 |       -3.5 |       -0.3 |    409 | gen_regfile_ff.register_file_i.rf_reg\[124\]$_DFFE_PN0P_/D
     261* |       0 |      47 |        0 |      0 |     0 |    +0.1% |   -0.011 |       -3.5 |       -0.3 |    409 | gen_regfile_ff.register_file_i.rf_reg\[124\]$_DFFE_PN0P_/D
     262* |       0 |      47 |        0 |      0 |     0 |    +0.1% |   -0.011 |       -3.5 |       -0.3 |    409 | gen_regfile_ff.register_file_i.rf_reg\[124\]$_DFFE_PN0P_/D
     263* |       0 |      47 |        0 |      0 |     0 |    +0.1% |   -0.011 |       -3.5 |       -0.3 |    409 | gen_regfile_ff.register_file_i.rf_reg\[124\]$_DFFE_PN0P_/D
     264* |       0 |      47 |        0 |      0 |     0 |    +0.1% |   -0.011 |       -3.5 |       -0.3 |    409 | gen_regfile_ff.register_file_i.rf_reg\[124\]$_DFFE_PN0P_/D
     265* |       0 |      47 |        0 |      0 |     0 |    +0.1% |   -0.011 |       -3.5 |       -0.3 |    409 | gen_regfile_ff.register_file_i.rf_reg\[124\]$_DFFE_PN0P_/D
     266* |       0 |      47 |        0 |      0 |     0 |    +0.1% |   -0.011 |       -3.5 |       -0.3 |    409 | gen_regfile_ff.register_file_i.rf_reg\[124\]$_DFFE_PN0P_/D
     267* |       0 |      47 |        0 |      0 |     0 |    +0.1% |   -0.011 |       -3.5 |       -0.3 |    409 | gen_regfile_ff.register_file_i.rf_reg\[124\]$_DFFE_PN0P_/D
     268* |       0 |      47 |        0 |      0 |     0 |    +0.1% |   -0.011 |       -3.5 |       -0.3 |    409 | gen_regfile_ff.register_file_i.rf_reg\[124\]$_DFFE_PN0P_/D
     269* |       0 |      47 |        0 |      0 |     0 |    +0.1% |   -0.011 |       -3.5 |       -0.3 |    409 | gen_regfile_ff.register_file_i.rf_reg\[124\]$_DFFE_PN0P_/D
     270* |       0 |      47 |        0 |      0 |     0 |    +0.1% |   -0.011 |       -3.5 |       -0.3 |    409 | gen_regfile_ff.register_file_i.rf_reg\[124\]$_DFFE_PN0P_/D
     270* |       0 |      47 |        0 |      0 |     0 |    +0.1% |   -0.011 |       -3.5 |       -0.3 |    409 | gen_regfile_ff.register_file_i.rf_reg\[124\]$_DFFE_PN0P_/D
     271* |       0 |      47 |        0 |      0 |     0 |    +0.1% |   -0.011 |       -3.5 |       -0.3 |    409 | gen_regfile_ff.register_file_i.rf_reg\[124\]$_DFFE_PN0P_/D
     272* |       0 |      47 |        0 |      0 |     0 |    +0.1% |   -0.011 |       -3.5 |       -0.3 |    409 | gen_regfile_ff.register_file_i.rf_reg\[124\]$_DFFE_PN0P_/D
     273* |       0 |      47 |        0 |      0 |     0 |    +0.1% |   -0.011 |       -3.5 |       -0.3 |    409 | gen_regfile_ff.register_file_i.rf_reg\[124\]$_DFFE_PN0P_/D
     274* |       0 |      47 |        0 |      0 |     0 |    +0.1% |   -0.011 |       -3.5 |       -0.3 |    409 | gen_regfile_ff.register_file_i.rf_reg\[124\]$_DFFE_PN0P_/D
     275* |       0 |      47 |        0 |      0 |     0 |    +0.1% |   -0.011 |       -3.5 |       -0.3 |    409 | gen_regfile_ff.register_file_i.rf_reg\[124\]$_DFFE_PN0P_/D
     276* |       0 |      47 |        0 |      0 |     0 |    +0.1% |   -0.011 |       -3.5 |       -0.3 |    409 | gen_regfile_ff.register_file_i.rf_reg\[124\]$_DFFE_PN0P_/D
     277* |       0 |      47 |        0 |      0 |     0 |    +0.1% |   -0.011 |       -3.5 |       -0.3 |    409 | gen_regfile_ff.register_file_i.rf_reg\[124\]$_DFFE_PN0P_/D
     278* |       0 |      47 |        0 |      0 |     0 |    +0.1% |   -0.011 |       -3.5 |       -0.3 |    409 | gen_regfile_ff.register_file_i.rf_reg\[124\]$_DFFE_PN0P_/D
     279* |       0 |      47 |        0 |      0 |     0 |    +0.1% |   -0.011 |       -3.5 |       -0.3 |    409 | gen_regfile_ff.register_file_i.rf_reg\[124\]$_DFFE_PN0P_/D
     280* |       0 |      47 |        0 |      0 |     0 |    +0.1% |   -0.011 |       -3.5 |       -0.3 |    409 | gen_regfile_ff.register_file_i.rf_reg\[124\]$_DFFE_PN0P_/D
     280* |       0 |      47 |        0 |      0 |     0 |    +0.1% |   -0.011 |       -3.5 |       -0.3 |    409 | gen_regfile_ff.register_file_i.rf_reg\[124\]$_DFFE_PN0P_/D
     281* |       0 |      47 |        0 |      0 |     0 |    +0.1% |   -0.011 |       -3.5 |       -0.3 |    409 | gen_regfile_ff.register_file_i.rf_reg\[124\]$_DFFE_PN0P_/D
     282* |       0 |      47 |        0 |      0 |     0 |    +0.1% |   -0.011 |       -3.5 |       -0.3 |    409 | gen_regfile_ff.register_file_i.rf_reg\[124\]$_DFFE_PN0P_/D
     283* |       0 |      47 |        0 |      0 |     0 |    +0.1% |   -0.011 |       -3.5 |       -0.3 |    409 | gen_regfile_ff.register_file_i.rf_reg\[124\]$_DFFE_PN0P_/D
     284* |       0 |      47 |        0 |      0 |     0 |    +0.1% |   -0.011 |       -3.5 |       -0.3 |    409 | gen_regfile_ff.register_file_i.rf_reg\[124\]$_DFFE_PN0P_/D
     285* |       0 |      47 |        0 |      0 |     0 |    +0.1% |   -0.011 |       -3.5 |       -0.3 |    409 | gen_regfile_ff.register_file_i.rf_reg\[124\]$_DFFE_PN0P_/D
     286* |       0 |      47 |        0 |      0 |     0 |    +0.1% |   -0.011 |       -3.5 |       -0.3 |    409 | gen_regfile_ff.register_file_i.rf_reg\[124\]$_DFFE_PN0P_/D
     287* |       0 |      47 |        0 |      0 |     0 |    +0.1% |   -0.011 |       -3.5 |       -0.3 |    409 | gen_regfile_ff.register_file_i.rf_reg\[124\]$_DFFE_PN0P_/D
     288* |       0 |      47 |        0 |      0 |     0 |    +0.1% |   -0.011 |       -3.5 |       -0.3 |    409 | gen_regfile_ff.register_file_i.rf_reg\[124\]$_DFFE_PN0P_/D
     289* |       0 |      47 |        0 |      0 |     0 |    +0.1% |   -0.011 |       -3.5 |       -0.3 |    409 | gen_regfile_ff.register_file_i.rf_reg\[124\]$_DFFE_PN0P_/D
     290* |       0 |      47 |        0 |      0 |     0 |    +0.1% |   -0.011 |       -3.5 |       -0.3 |    409 | gen_regfile_ff.register_file_i.rf_reg\[124\]$_DFFE_PN0P_/D
     290* |       0 |      47 |        0 |      0 |     0 |    +0.1% |   -0.011 |       -3.5 |       -0.3 |    409 | gen_regfile_ff.register_file_i.rf_reg\[124\]$_DFFE_PN0P_/D
     291* |       0 |      47 |        0 |      0 |     0 |    +0.1% |   -0.011 |       -3.5 |       -0.3 |    409 | gen_regfile_ff.register_file_i.rf_reg\[124\]$_DFFE_PN0P_/D
     292* |       0 |      47 |        0 |      0 |     0 |    +0.1% |   -0.011 |       -3.5 |       -0.3 |    409 | gen_regfile_ff.register_file_i.rf_reg\[124\]$_DFFE_PN0P_/D
     293* |       0 |      47 |        0 |      0 |     0 |    +0.1% |   -0.011 |       -3.5 |       -0.3 |    409 | gen_regfile_ff.register_file_i.rf_reg\[124\]$_DFFE_PN0P_/D
     294* |       0 |      47 |        0 |      0 |     0 |    +0.1% |   -0.011 |       -3.5 |       -0.3 |    409 | gen_regfile_ff.register_file_i.rf_reg\[124\]$_DFFE_PN0P_/D
     295* |       0 |      47 |        0 |      0 |     0 |    +0.1% |   -0.011 |       -3.5 |       -0.3 |    409 | gen_regfile_ff.register_file_i.rf_reg\[124\]$_DFFE_PN0P_/D
     296* |       0 |      47 |        0 |      0 |     0 |    +0.1% |   -0.011 |       -3.5 |       -0.3 |    409 | gen_regfile_ff.register_file_i.rf_reg\[124\]$_DFFE_PN0P_/D
     297* |       0 |      47 |        0 |      0 |     0 |    +0.1% |   -0.011 |       -3.5 |       -0.3 |    409 | gen_regfile_ff.register_file_i.rf_reg\[124\]$_DFFE_PN0P_/D
     298* |       0 |      47 |        0 |      0 |     0 |    +0.1% |   -0.011 |       -3.5 |       -0.3 |    409 | gen_regfile_ff.register_file_i.rf_reg\[124\]$_DFFE_PN0P_/D
     299* |       0 |      47 |        0 |      0 |     0 |    +0.1% |   -0.011 |       -3.5 |       -0.3 |    409 | gen_regfile_ff.register_file_i.rf_reg\[124\]$_DFFE_PN0P_/D
     300* |       0 |      47 |        0 |      0 |     0 |    +0.1% |   -0.011 |       -3.5 |       -0.3 |    409 | gen_regfile_ff.register_file_i.rf_reg\[124\]$_DFFE_PN0P_/D
     300* |       0 |      47 |        0 |      0 |     0 |    +0.1% |   -0.011 |       -3.5 |       -0.3 |    409 | gen_regfile_ff.register_file_i.rf_reg\[124\]$_DFFE_PN0P_/D
     301* |       0 |      47 |        0 |      0 |     0 |    +0.1% |   -0.011 |       -3.5 |       -0.3 |    409 | gen_regfile_ff.register_file_i.rf_reg\[124\]$_DFFE_PN0P_/D
     302* |       0 |      47 |        0 |      0 |     0 |    +0.1% |   -0.011 |       -3.5 |       -0.3 |    409 | gen_regfile_ff.register_file_i.rf_reg\[124\]$_DFFE_PN0P_/D
     303* |       0 |      47 |        0 |      0 |     0 |    +0.1% |   -0.011 |       -3.5 |       -0.3 |    409 | gen_regfile_ff.register_file_i.rf_reg\[124\]$_DFFE_PN0P_/D
     304* |       0 |      47 |        0 |      0 |     0 |    +0.1% |   -0.011 |       -3.5 |       -0.3 |    409 | gen_regfile_ff.register_file_i.rf_reg\[124\]$_DFFE_PN0P_/D
     305* |       0 |      47 |        0 |      0 |     0 |    +0.1% |   -0.011 |       -3.5 |       -0.3 |    409 | gen_regfile_ff.register_file_i.rf_reg\[124\]$_DFFE_PN0P_/D
     306* |       0 |      47 |        0 |      0 |     0 |    +0.1% |   -0.011 |       -3.5 |       -0.3 |    409 | gen_regfile_ff.register_file_i.rf_reg\[124\]$_DFFE_PN0P_/D
     307* |       0 |      47 |        0 |      0 |     0 |    +0.1% |   -0.011 |       -3.5 |       -0.3 |    409 | gen_regfile_ff.register_file_i.rf_reg\[124\]$_DFFE_PN0P_/D
     308* |       0 |      47 |        0 |      0 |     0 |    +0.1% |   -0.011 |       -3.5 |       -0.3 |    409 | gen_regfile_ff.register_file_i.rf_reg\[124\]$_DFFE_PN0P_/D
     309* |       0 |      47 |        0 |      0 |     0 |    +0.1% |   -0.011 |       -3.5 |       -0.3 |    409 | gen_regfile_ff.register_file_i.rf_reg\[124\]$_DFFE_PN0P_/D
     310* |       0 |      47 |        0 |      0 |     0 |    +0.1% |   -0.011 |       -3.5 |       -0.3 |    409 | gen_regfile_ff.register_file_i.rf_reg\[124\]$_DFFE_PN0P_/D
     310* |       0 |      47 |        0 |      0 |     0 |    +0.1% |   -0.011 |       -3.5 |       -0.3 |    409 | gen_regfile_ff.register_file_i.rf_reg\[124\]$_DFFE_PN0P_/D
     311* |       0 |      47 |        0 |      0 |     0 |    +0.1% |   -0.011 |       -3.5 |       -0.3 |    409 | gen_regfile_ff.register_file_i.rf_reg\[124\]$_DFFE_PN0P_/D
     312* |       0 |      47 |        0 |      0 |     0 |    +0.1% |   -0.011 |       -3.5 |       -0.3 |    409 | gen_regfile_ff.register_file_i.rf_reg\[124\]$_DFFE_PN0P_/D
     313* |       0 |      47 |        0 |      0 |     0 |    +0.1% |   -0.011 |       -3.5 |       -0.3 |    409 | gen_regfile_ff.register_file_i.rf_reg\[124\]$_DFFE_PN0P_/D
     314* |       0 |      47 |        0 |      0 |     0 |    +0.1% |   -0.011 |       -3.5 |       -0.3 |    409 | gen_regfile_ff.register_file_i.rf_reg\[124\]$_DFFE_PN0P_/D
     315* |       0 |      47 |        0 |      0 |     0 |    +0.1% |   -0.011 |       -3.5 |       -0.3 |    409 | gen_regfile_ff.register_file_i.rf_reg\[124\]$_DFFE_PN0P_/D
     316* |       0 |      47 |        0 |      0 |     0 |    +0.1% |   -0.011 |       -3.5 |       -0.3 |    409 | gen_regfile_ff.register_file_i.rf_reg\[124\]$_DFFE_PN0P_/D
     317* |       0 |      47 |        0 |      0 |     0 |    +0.1% |   -0.011 |       -3.5 |       -0.3 |    409 | gen_regfile_ff.register_file_i.rf_reg\[124\]$_DFFE_PN0P_/D
     318* |       0 |      47 |        0 |      0 |     0 |    +0.1% |   -0.011 |       -3.5 |       -0.3 |    409 | gen_regfile_ff.register_file_i.rf_reg\[124\]$_DFFE_PN0P_/D
     319* |       0 |      47 |        0 |      0 |     0 |    +0.1% |   -0.011 |       -3.5 |       -0.3 |    409 | gen_regfile_ff.register_file_i.rf_reg\[124\]$_DFFE_PN0P_/D
     320* |       0 |      47 |        0 |      0 |     0 |    +0.1% |   -0.011 |       -3.5 |       -0.3 |    409 | gen_regfile_ff.register_file_i.rf_reg\[124\]$_DFFE_PN0P_/D
     320* |       0 |      47 |        0 |      0 |     0 |    +0.1% |   -0.011 |       -3.5 |       -0.3 |    409 | gen_regfile_ff.register_file_i.rf_reg\[124\]$_DFFE_PN0P_/D
     321* |       0 |      47 |        0 |      0 |     0 |    +0.1% |   -0.011 |       -3.5 |       -0.3 |    409 | gen_regfile_ff.register_file_i.rf_reg\[124\]$_DFFE_PN0P_/D
     322* |       0 |      47 |        0 |      0 |     0 |    +0.1% |   -0.011 |       -3.5 |       -0.3 |    409 | gen_regfile_ff.register_file_i.rf_reg\[124\]$_DFFE_PN0P_/D
     323* |       0 |      47 |        0 |      0 |     0 |    +0.1% |   -0.011 |       -3.5 |       -0.3 |    409 | gen_regfile_ff.register_file_i.rf_reg\[124\]$_DFFE_PN0P_/D
     324* |       0 |      47 |        0 |      0 |     0 |    +0.1% |   -0.011 |       -3.5 |       -0.3 |    409 | gen_regfile_ff.register_file_i.rf_reg\[124\]$_DFFE_PN0P_/D
     325* |       0 |      47 |        0 |      0 |     0 |    +0.1% |   -0.011 |       -3.5 |       -0.3 |    409 | gen_regfile_ff.register_file_i.rf_reg\[124\]$_DFFE_PN0P_/D
     326* |       0 |      47 |        0 |      0 |     0 |    +0.1% |   -0.011 |       -3.5 |       -0.3 |    409 | gen_regfile_ff.register_file_i.rf_reg\[124\]$_DFFE_PN0P_/D
     327* |       0 |      47 |        0 |      0 |     0 |    +0.1% |   -0.011 |       -3.5 |       -0.3 |    409 | gen_regfile_ff.register_file_i.rf_reg\[124\]$_DFFE_PN0P_/D
     328* |       0 |      47 |        0 |      0 |     0 |    +0.1% |   -0.011 |       -3.5 |       -0.3 |    409 | gen_regfile_ff.register_file_i.rf_reg\[124\]$_DFFE_PN0P_/D
     329* |       0 |      47 |        0 |      0 |     0 |    +0.1% |   -0.011 |       -3.5 |       -0.3 |    409 | gen_regfile_ff.register_file_i.rf_reg\[124\]$_DFFE_PN0P_/D
     330* |       0 |      47 |        0 |      0 |     0 |    +0.1% |   -0.011 |       -3.5 |       -0.3 |    409 | gen_regfile_ff.register_file_i.rf_reg\[124\]$_DFFE_PN0P_/D
     330* |       0 |      47 |        0 |      0 |     0 |    +0.1% |   -0.011 |       -3.5 |       -0.3 |    409 | gen_regfile_ff.register_file_i.rf_reg\[124\]$_DFFE_PN0P_/D
     331* |       0 |      47 |        0 |      0 |     0 |    +0.1% |   -0.011 |       -3.5 |       -0.3 |    409 | gen_regfile_ff.register_file_i.rf_reg\[124\]$_DFFE_PN0P_/D
     332* |       0 |      47 |        0 |      0 |     0 |    +0.1% |   -0.011 |       -3.5 |       -0.3 |    409 | gen_regfile_ff.register_file_i.rf_reg\[124\]$_DFFE_PN0P_/D
     333* |       0 |      47 |        0 |      0 |     0 |    +0.1% |   -0.011 |       -3.5 |       -0.3 |    409 | gen_regfile_ff.register_file_i.rf_reg\[124\]$_DFFE_PN0P_/D
     334* |       0 |      47 |        0 |      0 |     0 |    +0.1% |   -0.011 |       -3.5 |       -0.3 |    409 | gen_regfile_ff.register_file_i.rf_reg\[124\]$_DFFE_PN0P_/D
     335* |       0 |      47 |        0 |      0 |     0 |    +0.1% |   -0.011 |       -3.5 |       -0.3 |    409 | gen_regfile_ff.register_file_i.rf_reg\[124\]$_DFFE_PN0P_/D
     336* |       0 |      47 |        0 |      0 |     0 |    +0.1% |   -0.011 |       -3.5 |       -0.3 |    409 | gen_regfile_ff.register_file_i.rf_reg\[124\]$_DFFE_PN0P_/D
     337* |       0 |      47 |        0 |      0 |     0 |    +0.1% |   -0.011 |       -3.5 |       -0.3 |    409 | gen_regfile_ff.register_file_i.rf_reg\[124\]$_DFFE_PN0P_/D
     338* |       0 |      47 |        0 |      0 |     0 |    +0.1% |   -0.011 |       -3.5 |       -0.3 |    409 | gen_regfile_ff.register_file_i.rf_reg\[124\]$_DFFE_PN0P_/D
     339* |       0 |      47 |        0 |      0 |     0 |    +0.1% |   -0.011 |       -3.5 |       -0.3 |    409 | gen_regfile_ff.register_file_i.rf_reg\[124\]$_DFFE_PN0P_/D
     340* |       0 |      47 |        0 |      0 |     0 |    +0.1% |   -0.011 |       -3.5 |       -0.3 |    409 | gen_regfile_ff.register_file_i.rf_reg\[124\]$_DFFE_PN0P_/D
     340* |       0 |      47 |        0 |      0 |     0 |    +0.1% |   -0.011 |       -3.5 |       -0.3 |    409 | gen_regfile_ff.register_file_i.rf_reg\[124\]$_DFFE_PN0P_/D
     341* |       0 |      47 |        0 |      0 |     0 |    +0.1% |   -0.011 |       -3.5 |       -0.3 |    409 | gen_regfile_ff.register_file_i.rf_reg\[124\]$_DFFE_PN0P_/D
     342* |       0 |      47 |        0 |      0 |     0 |    +0.1% |   -0.011 |       -3.5 |       -0.3 |    409 | gen_regfile_ff.register_file_i.rf_reg\[124\]$_DFFE_PN0P_/D
     343* |       0 |      47 |        0 |      0 |     0 |    +0.1% |   -0.011 |       -3.5 |       -0.3 |    409 | gen_regfile_ff.register_file_i.rf_reg\[124\]$_DFFE_PN0P_/D
     344* |       0 |      47 |        0 |      0 |     0 |    +0.1% |   -0.011 |       -3.5 |       -0.3 |    409 | gen_regfile_ff.register_file_i.rf_reg\[124\]$_DFFE_PN0P_/D
     345* |       0 |      47 |        0 |      0 |     0 |    +0.1% |   -0.011 |       -3.5 |       -0.3 |    409 | gen_regfile_ff.register_file_i.rf_reg\[124\]$_DFFE_PN0P_/D
     346* |       0 |      47 |        0 |      0 |     0 |    +0.1% |   -0.011 |       -3.5 |       -0.3 |    409 | gen_regfile_ff.register_file_i.rf_reg\[124\]$_DFFE_PN0P_/D
     347* |       0 |      47 |        0 |      0 |     0 |    +0.1% |   -0.011 |       -3.5 |       -0.3 |    409 | gen_regfile_ff.register_file_i.rf_reg\[124\]$_DFFE_PN0P_/D
     348* |       0 |      47 |        0 |      0 |     0 |    +0.1% |   -0.011 |       -3.5 |       -0.3 |    409 | gen_regfile_ff.register_file_i.rf_reg\[124\]$_DFFE_PN0P_/D
     349* |       0 |      47 |        0 |      0 |     0 |    +0.1% |   -0.011 |       -3.5 |       -0.3 |    409 | gen_regfile_ff.register_file_i.rf_reg\[124\]$_DFFE_PN0P_/D
     350* |       0 |      47 |        0 |      0 |     0 |    +0.1% |   -0.011 |       -3.5 |       -0.3 |    409 | gen_regfile_ff.register_file_i.rf_reg\[124\]$_DFFE_PN0P_/D
     350* |       0 |      47 |        0 |      0 |     0 |    +0.1% |   -0.011 |       -3.5 |       -0.3 |    409 | gen_regfile_ff.register_file_i.rf_reg\[124\]$_DFFE_PN0P_/D
     351* |       0 |      47 |        0 |      0 |     0 |    +0.1% |   -0.011 |       -3.5 |       -0.3 |    409 | gen_regfile_ff.register_file_i.rf_reg\[124\]$_DFFE_PN0P_/D
     352* |       0 |      47 |        0 |      0 |     0 |    +0.1% |   -0.011 |       -3.5 |       -0.3 |    409 | gen_regfile_ff.register_file_i.rf_reg\[124\]$_DFFE_PN0P_/D
     353* |       0 |      47 |        0 |      0 |     0 |    +0.1% |   -0.011 |       -3.5 |       -0.3 |    409 | gen_regfile_ff.register_file_i.rf_reg\[124\]$_DFFE_PN0P_/D
     354* |       0 |      47 |        0 |      0 |     0 |    +0.1% |   -0.011 |       -3.5 |       -0.3 |    409 | gen_regfile_ff.register_file_i.rf_reg\[124\]$_DFFE_PN0P_/D
     355* |       0 |      47 |        0 |      0 |     0 |    +0.1% |   -0.011 |       -3.5 |       -0.3 |    409 | gen_regfile_ff.register_file_i.rf_reg\[124\]$_DFFE_PN0P_/D
     356* |       0 |      47 |        0 |      0 |     0 |    +0.1% |   -0.011 |       -3.5 |       -0.3 |    409 | gen_regfile_ff.register_file_i.rf_reg\[124\]$_DFFE_PN0P_/D
     357* |       0 |      47 |        0 |      0 |     0 |    +0.1% |   -0.011 |       -3.5 |       -0.3 |    409 | gen_regfile_ff.register_file_i.rf_reg\[124\]$_DFFE_PN0P_/D
     358* |       0 |      47 |        0 |      0 |     0 |    +0.1% |   -0.011 |       -3.5 |       -0.3 |    409 | gen_regfile_ff.register_file_i.rf_reg\[124\]$_DFFE_PN0P_/D
     359* |       0 |      47 |        0 |      0 |     0 |    +0.1% |   -0.011 |       -3.5 |       -0.3 |    409 | gen_regfile_ff.register_file_i.rf_reg\[124\]$_DFFE_PN0P_/D
     360* |       0 |      47 |        0 |      0 |     0 |    +0.1% |   -0.011 |       -3.5 |       -0.3 |    409 | gen_regfile_ff.register_file_i.rf_reg\[124\]$_DFFE_PN0P_/D
     360* |       0 |      47 |        0 |      0 |     0 |    +0.1% |   -0.011 |       -3.5 |       -0.3 |    409 | gen_regfile_ff.register_file_i.rf_reg\[124\]$_DFFE_PN0P_/D
     361* |       0 |      47 |        0 |      0 |     0 |    +0.1% |   -0.011 |       -3.5 |       -0.3 |    409 | gen_regfile_ff.register_file_i.rf_reg\[124\]$_DFFE_PN0P_/D
     362* |       0 |      47 |        0 |      0 |     0 |    +0.1% |   -0.011 |       -3.5 |       -0.3 |    409 | gen_regfile_ff.register_file_i.rf_reg\[124\]$_DFFE_PN0P_/D
     363* |       0 |      47 |        0 |      0 |     0 |    +0.1% |   -0.011 |       -3.5 |       -0.3 |    409 | gen_regfile_ff.register_file_i.rf_reg\[124\]$_DFFE_PN0P_/D
     364* |       0 |      47 |        0 |      0 |     0 |    +0.1% |   -0.011 |       -3.5 |       -0.3 |    409 | gen_regfile_ff.register_file_i.rf_reg\[124\]$_DFFE_PN0P_/D
     365* |       0 |      47 |        0 |      0 |     0 |    +0.1% |   -0.011 |       -3.5 |       -0.3 |    409 | gen_regfile_ff.register_file_i.rf_reg\[124\]$_DFFE_PN0P_/D
     366* |       0 |      47 |        0 |      0 |     0 |    +0.1% |   -0.011 |       -3.5 |       -0.3 |    409 | gen_regfile_ff.register_file_i.rf_reg\[124\]$_DFFE_PN0P_/D
     367* |       0 |      47 |        0 |      0 |     0 |    +0.1% |   -0.011 |       -3.5 |       -0.3 |    409 | gen_regfile_ff.register_file_i.rf_reg\[124\]$_DFFE_PN0P_/D
     368* |       0 |      47 |        0 |      0 |     0 |    +0.1% |   -0.011 |       -3.5 |       -0.3 |    409 | gen_regfile_ff.register_file_i.rf_reg\[124\]$_DFFE_PN0P_/D
     369* |       0 |      47 |        0 |      0 |     0 |    +0.1% |   -0.011 |       -3.5 |       -0.3 |    409 | gen_regfile_ff.register_file_i.rf_reg\[124\]$_DFFE_PN0P_/D
     370* |       0 |      47 |        0 |      0 |     0 |    +0.1% |   -0.011 |       -3.5 |       -0.3 |    409 | gen_regfile_ff.register_file_i.rf_reg\[124\]$_DFFE_PN0P_/D
     370* |       0 |      47 |        0 |      0 |     0 |    +0.1% |   -0.011 |       -3.5 |       -0.3 |    409 | gen_regfile_ff.register_file_i.rf_reg\[124\]$_DFFE_PN0P_/D
     371* |       0 |      47 |        0 |      0 |     0 |    +0.1% |   -0.011 |       -3.5 |       -0.3 |    409 | gen_regfile_ff.register_file_i.rf_reg\[124\]$_DFFE_PN0P_/D
     372* |       0 |      47 |        0 |      0 |     0 |    +0.1% |   -0.011 |       -3.5 |       -0.3 |    409 | gen_regfile_ff.register_file_i.rf_reg\[124\]$_DFFE_PN0P_/D
     373* |       0 |      47 |        0 |      0 |     0 |    +0.1% |   -0.011 |       -3.5 |       -0.3 |    409 | gen_regfile_ff.register_file_i.rf_reg\[124\]$_DFFE_PN0P_/D
     374* |       0 |      47 |        0 |      0 |     0 |    +0.1% |   -0.011 |       -3.5 |       -0.3 |    409 | gen_regfile_ff.register_file_i.rf_reg\[124\]$_DFFE_PN0P_/D
     375* |       0 |      47 |        0 |      0 |     0 |    +0.1% |   -0.011 |       -3.5 |       -0.3 |    409 | gen_regfile_ff.register_file_i.rf_reg\[124\]$_DFFE_PN0P_/D
     376* |       0 |      47 |        0 |      0 |     0 |    +0.1% |   -0.011 |       -3.5 |       -0.3 |    409 | gen_regfile_ff.register_file_i.rf_reg\[124\]$_DFFE_PN0P_/D
     377* |       0 |      47 |        0 |      0 |     0 |    +0.1% |   -0.011 |       -3.5 |       -0.3 |    409 | gen_regfile_ff.register_file_i.rf_reg\[124\]$_DFFE_PN0P_/D
     378* |       0 |      47 |        0 |      0 |     0 |    +0.1% |   -0.011 |       -3.5 |       -0.3 |    409 | gen_regfile_ff.register_file_i.rf_reg\[124\]$_DFFE_PN0P_/D
     379* |       0 |      47 |        0 |      0 |     0 |    +0.1% |   -0.011 |       -3.5 |       -0.3 |    409 | gen_regfile_ff.register_file_i.rf_reg\[124\]$_DFFE_PN0P_/D
     380* |       0 |      47 |        0 |      0 |     0 |    +0.1% |   -0.011 |       -3.5 |       -0.3 |    409 | gen_regfile_ff.register_file_i.rf_reg\[124\]$_DFFE_PN0P_/D
     380* |       0 |      47 |        0 |      0 |     0 |    +0.1% |   -0.011 |       -3.5 |       -0.3 |    409 | gen_regfile_ff.register_file_i.rf_reg\[124\]$_DFFE_PN0P_/D
     381* |       0 |      47 |        0 |      0 |     0 |    +0.1% |   -0.011 |       -3.5 |       -0.3 |    409 | gen_regfile_ff.register_file_i.rf_reg\[124\]$_DFFE_PN0P_/D
     382* |       0 |      47 |        0 |      0 |     0 |    +0.1% |   -0.011 |       -3.5 |       -0.3 |    409 | gen_regfile_ff.register_file_i.rf_reg\[124\]$_DFFE_PN0P_/D
     383* |       0 |      47 |        0 |      0 |     0 |    +0.1% |   -0.011 |       -3.5 |       -0.3 |    409 | gen_regfile_ff.register_file_i.rf_reg\[124\]$_DFFE_PN0P_/D
     384* |       0 |      47 |        0 |      0 |     0 |    +0.1% |   -0.011 |       -3.5 |       -0.3 |    409 | gen_regfile_ff.register_file_i.rf_reg\[124\]$_DFFE_PN0P_/D
     385* |       0 |      47 |        0 |      0 |     0 |    +0.1% |   -0.011 |       -3.5 |       -0.3 |    409 | gen_regfile_ff.register_file_i.rf_reg\[124\]$_DFFE_PN0P_/D
     386* |       0 |      47 |        0 |      0 |     0 |    +0.1% |   -0.011 |       -3.5 |       -0.3 |    409 | gen_regfile_ff.register_file_i.rf_reg\[124\]$_DFFE_PN0P_/D
     387* |       0 |      47 |        0 |      0 |     0 |    +0.1% |   -0.011 |       -3.5 |       -0.3 |    409 | gen_regfile_ff.register_file_i.rf_reg\[124\]$_DFFE_PN0P_/D
     388* |       0 |      47 |        0 |      0 |     0 |    +0.1% |   -0.011 |       -3.5 |       -0.3 |    409 | gen_regfile_ff.register_file_i.rf_reg\[124\]$_DFFE_PN0P_/D
     389* |       0 |      47 |        0 |      0 |     0 |    +0.1% |   -0.011 |       -3.5 |       -0.3 |    409 | gen_regfile_ff.register_file_i.rf_reg\[124\]$_DFFE_PN0P_/D
     390* |       0 |      47 |        0 |      0 |     0 |    +0.1% |   -0.011 |       -3.5 |       -0.3 |    409 | gen_regfile_ff.register_file_i.rf_reg\[124\]$_DFFE_PN0P_/D
     390* |       0 |      47 |        0 |      0 |     0 |    +0.1% |   -0.011 |       -3.5 |       -0.3 |    409 | gen_regfile_ff.register_file_i.rf_reg\[124\]$_DFFE_PN0P_/D
     391* |       0 |      47 |        0 |      0 |     0 |    +0.1% |   -0.011 |       -3.5 |       -0.3 |    409 | gen_regfile_ff.register_file_i.rf_reg\[124\]$_DFFE_PN0P_/D
     392* |       0 |      47 |        0 |      0 |     0 |    +0.1% |   -0.011 |       -3.5 |       -0.3 |    409 | gen_regfile_ff.register_file_i.rf_reg\[124\]$_DFFE_PN0P_/D
     393* |       0 |      47 |        0 |      0 |     0 |    +0.1% |   -0.011 |       -3.5 |       -0.3 |    409 | gen_regfile_ff.register_file_i.rf_reg\[124\]$_DFFE_PN0P_/D
     394* |       0 |      47 |        0 |      0 |     0 |    +0.1% |   -0.011 |       -3.5 |       -0.3 |    409 | gen_regfile_ff.register_file_i.rf_reg\[124\]$_DFFE_PN0P_/D
     395* |       0 |      47 |        0 |      0 |     0 |    +0.1% |   -0.011 |       -3.5 |       -0.3 |    409 | gen_regfile_ff.register_file_i.rf_reg\[124\]$_DFFE_PN0P_/D
     396* |       0 |      47 |        0 |      0 |     0 |    +0.1% |   -0.011 |       -3.5 |       -0.3 |    409 | gen_regfile_ff.register_file_i.rf_reg\[124\]$_DFFE_PN0P_/D
     397* |       0 |      47 |        0 |      0 |     0 |    +0.1% |   -0.011 |       -3.5 |       -0.3 |    409 | gen_regfile_ff.register_file_i.rf_reg\[124\]$_DFFE_PN0P_/D
     398* |       0 |      47 |        0 |      0 |     0 |    +0.1% |   -0.011 |       -3.5 |       -0.3 |    409 | gen_regfile_ff.register_file_i.rf_reg\[124\]$_DFFE_PN0P_/D
     399* |       0 |      47 |        0 |      0 |     0 |    +0.1% |   -0.011 |       -3.5 |       -0.3 |    409 | gen_regfile_ff.register_file_i.rf_reg\[124\]$_DFFE_PN0P_/D
     400* |       0 |      47 |        0 |      0 |     0 |    +0.1% |   -0.011 |       -3.5 |       -0.3 |    409 | gen_regfile_ff.register_file_i.rf_reg\[124\]$_DFFE_PN0P_/D
     400* |       0 |      47 |        0 |      0 |     0 |    +0.1% |   -0.011 |       -3.5 |       -0.3 |    409 | gen_regfile_ff.register_file_i.rf_reg\[124\]$_DFFE_PN0P_/D
     401* |       0 |      47 |        0 |      0 |     0 |    +0.1% |   -0.011 |       -3.5 |       -0.3 |    409 | gen_regfile_ff.register_file_i.rf_reg\[124\]$_DFFE_PN0P_/D
     402* |       0 |      47 |        0 |      0 |     0 |    +0.1% |   -0.011 |       -3.5 |       -0.3 |    409 | gen_regfile_ff.register_file_i.rf_reg\[124\]$_DFFE_PN0P_/D
     403* |       0 |      47 |        0 |      0 |     0 |    +0.1% |   -0.011 |       -3.5 |       -0.3 |    409 | gen_regfile_ff.register_file_i.rf_reg\[124\]$_DFFE_PN0P_/D
     404* |       0 |      47 |        0 |      0 |     0 |    +0.1% |   -0.011 |       -3.5 |       -0.3 |    409 | gen_regfile_ff.register_file_i.rf_reg\[124\]$_DFFE_PN0P_/D
     405* |       0 |      47 |        0 |      0 |     0 |    +0.1% |   -0.011 |       -3.5 |       -0.3 |    409 | gen_regfile_ff.register_file_i.rf_reg\[124\]$_DFFE_PN0P_/D
     406* |       0 |      47 |        0 |      0 |     0 |    +0.1% |   -0.011 |       -3.5 |       -0.3 |    409 | gen_regfile_ff.register_file_i.rf_reg\[124\]$_DFFE_PN0P_/D
     407* |       0 |      47 |        0 |      0 |     0 |    +0.1% |   -0.011 |       -3.5 |       -0.3 |    409 | gen_regfile_ff.register_file_i.rf_reg\[124\]$_DFFE_PN0P_/D
     408* |       0 |      47 |        0 |      0 |     0 |    +0.1% |   -0.011 |       -3.5 |       -0.3 |    409 | gen_regfile_ff.register_file_i.rf_reg\[124\]$_DFFE_PN0P_/D
     409* |       0 |      47 |        0 |      0 |     0 |    +0.1% |   -0.011 |       -3.5 |       -0.3 |    409 | gen_regfile_ff.register_file_i.rf_reg\[124\]$_DFFE_PN0P_/D
     410* |       0 |      47 |        0 |      0 |     0 |    +0.1% |   -0.011 |       -3.5 |       -0.3 |    409 | gen_regfile_ff.register_file_i.rf_reg\[124\]$_DFFE_PN0P_/D
     410* |       0 |      47 |        0 |      0 |     0 |    +0.1% |   -0.011 |       -3.5 |       -0.3 |    409 | gen_regfile_ff.register_file_i.rf_reg\[124\]$_DFFE_PN0P_/D
     411* |       0 |      47 |        0 |      0 |     0 |    +0.1% |   -0.011 |       -3.5 |       -0.3 |    409 | gen_regfile_ff.register_file_i.rf_reg\[124\]$_DFFE_PN0P_/D
     412* |       0 |      47 |        0 |      0 |     0 |    +0.1% |   -0.011 |       -3.5 |       -0.3 |    409 | gen_regfile_ff.register_file_i.rf_reg\[124\]$_DFFE_PN0P_/D
     413* |       0 |      47 |        0 |      0 |     0 |    +0.1% |   -0.011 |       -3.5 |       -0.3 |    409 | gen_regfile_ff.register_file_i.rf_reg\[124\]$_DFFE_PN0P_/D
     414* |       0 |      47 |        0 |      0 |     0 |    +0.1% |   -0.011 |       -3.5 |       -0.3 |    409 | gen_regfile_ff.register_file_i.rf_reg\[124\]$_DFFE_PN0P_/D
     415* |       0 |      47 |        0 |      0 |     0 |    +0.1% |   -0.011 |       -3.5 |       -0.3 |    409 | gen_regfile_ff.register_file_i.rf_reg\[124\]$_DFFE_PN0P_/D
     416* |       0 |      47 |        0 |      0 |     0 |    +0.1% |   -0.011 |       -3.5 |       -0.3 |    409 | gen_regfile_ff.register_file_i.rf_reg\[124\]$_DFFE_PN0P_/D
     417* |       0 |      47 |        0 |      0 |     0 |    +0.1% |   -0.011 |       -3.5 |       -0.3 |    409 | gen_regfile_ff.register_file_i.rf_reg\[124\]$_DFFE_PN0P_/D
     418* |       0 |      47 |        0 |      0 |     0 |    +0.1% |   -0.011 |       -3.5 |       -0.3 |    409 | gen_regfile_ff.register_file_i.rf_reg\[124\]$_DFFE_PN0P_/D
     419* |       0 |      47 |        0 |      0 |     0 |    +0.1% |   -0.011 |       -3.5 |       -0.3 |    409 | gen_regfile_ff.register_file_i.rf_reg\[124\]$_DFFE_PN0P_/D
     420* |       0 |      47 |        0 |      0 |     0 |    +0.1% |   -0.011 |       -3.5 |       -0.3 |    409 | gen_regfile_ff.register_file_i.rf_reg\[124\]$_DFFE_PN0P_/D
     420* |       0 |      47 |        0 |      0 |     0 |    +0.1% |   -0.011 |       -3.5 |       -0.3 |    409 | gen_regfile_ff.register_file_i.rf_reg\[124\]$_DFFE_PN0P_/D
     421* |       0 |      47 |        0 |      0 |     0 |    +0.1% |   -0.011 |       -3.5 |       -0.3 |    409 | gen_regfile_ff.register_file_i.rf_reg\[124\]$_DFFE_PN0P_/D
     422* |       0 |      47 |        0 |      0 |     0 |    +0.1% |   -0.011 |       -3.5 |       -0.3 |    409 | gen_regfile_ff.register_file_i.rf_reg\[124\]$_DFFE_PN0P_/D
     423* |       0 |      47 |        0 |      0 |     0 |    +0.1% |   -0.011 |       -3.5 |       -0.3 |    409 | gen_regfile_ff.register_file_i.rf_reg\[124\]$_DFFE_PN0P_/D
     424* |       0 |      47 |        0 |      0 |     0 |    +0.1% |   -0.011 |       -3.5 |       -0.3 |    409 | gen_regfile_ff.register_file_i.rf_reg\[124\]$_DFFE_PN0P_/D
     425* |       0 |      47 |        0 |      0 |     0 |    +0.1% |   -0.011 |       -3.5 |       -0.3 |    409 | gen_regfile_ff.register_file_i.rf_reg\[124\]$_DFFE_PN0P_/D
     426* |       0 |      47 |        0 |      0 |     0 |    +0.1% |   -0.011 |       -3.5 |       -0.3 |    409 | gen_regfile_ff.register_file_i.rf_reg\[124\]$_DFFE_PN0P_/D
     427* |       0 |      47 |        0 |      0 |     0 |    +0.1% |   -0.011 |       -3.5 |       -0.3 |    409 | gen_regfile_ff.register_file_i.rf_reg\[124\]$_DFFE_PN0P_/D
     428* |       0 |      47 |        0 |      0 |     0 |    +0.1% |   -0.011 |       -3.5 |       -0.3 |    409 | gen_regfile_ff.register_file_i.rf_reg\[124\]$_DFFE_PN0P_/D
     429* |       0 |      47 |        0 |      0 |     0 |    +0.1% |   -0.011 |       -3.5 |       -0.3 |    409 | gen_regfile_ff.register_file_i.rf_reg\[124\]$_DFFE_PN0P_/D
     430* |       0 |      47 |        0 |      0 |     0 |    +0.1% |   -0.011 |       -3.5 |       -0.3 |    409 | gen_regfile_ff.register_file_i.rf_reg\[124\]$_DFFE_PN0P_/D
     430* |       0 |      47 |        0 |      0 |     0 |    +0.1% |   -0.011 |       -3.5 |       -0.3 |    409 | gen_regfile_ff.register_file_i.rf_reg\[124\]$_DFFE_PN0P_/D
     431* |       0 |      47 |        0 |      0 |     0 |    +0.1% |   -0.011 |       -3.5 |       -0.3 |    409 | gen_regfile_ff.register_file_i.rf_reg\[124\]$_DFFE_PN0P_/D
     432* |       0 |      47 |        0 |      0 |     0 |    +0.1% |   -0.011 |       -3.5 |       -0.3 |    409 | gen_regfile_ff.register_file_i.rf_reg\[124\]$_DFFE_PN0P_/D
     433* |       0 |      47 |        0 |      0 |     0 |    +0.1% |   -0.011 |       -3.5 |       -0.3 |    409 | gen_regfile_ff.register_file_i.rf_reg\[124\]$_DFFE_PN0P_/D
     434* |       0 |      47 |        0 |      0 |     0 |    +0.1% |   -0.011 |       -3.5 |       -0.3 |    409 | gen_regfile_ff.register_file_i.rf_reg\[124\]$_DFFE_PN0P_/D
     435* |       0 |      47 |        0 |      0 |     0 |    +0.1% |   -0.011 |       -3.5 |       -0.3 |    409 | gen_regfile_ff.register_file_i.rf_reg\[124\]$_DFFE_PN0P_/D
     436* |       0 |      47 |        0 |      0 |     0 |    +0.1% |   -0.011 |       -3.5 |       -0.3 |    409 | gen_regfile_ff.register_file_i.rf_reg\[124\]$_DFFE_PN0P_/D
     437* |       0 |      47 |        0 |      0 |     0 |    +0.1% |   -0.011 |       -3.5 |       -0.3 |    409 | gen_regfile_ff.register_file_i.rf_reg\[124\]$_DFFE_PN0P_/D
     438* |       0 |      47 |        0 |      0 |     0 |    +0.1% |   -0.011 |       -3.5 |       -0.3 |    409 | gen_regfile_ff.register_file_i.rf_reg\[124\]$_DFFE_PN0P_/D
     439* |       0 |      47 |        0 |      0 |     0 |    +0.1% |   -0.011 |       -3.5 |       -0.3 |    409 | gen_regfile_ff.register_file_i.rf_reg\[124\]$_DFFE_PN0P_/D
     440* |       0 |      47 |        0 |      0 |     0 |    +0.1% |   -0.011 |       -3.5 |       -0.3 |    409 | gen_regfile_ff.register_file_i.rf_reg\[124\]$_DFFE_PN0P_/D
     440* |       0 |      47 |        0 |      0 |     0 |    +0.1% |   -0.011 |       -3.5 |       -0.3 |    409 | gen_regfile_ff.register_file_i.rf_reg\[124\]$_DFFE_PN0P_/D
     441* |       0 |      47 |        0 |      0 |     0 |    +0.1% |   -0.011 |       -3.5 |       -0.3 |    409 | gen_regfile_ff.register_file_i.rf_reg\[124\]$_DFFE_PN0P_/D
     442* |       0 |      47 |        0 |      0 |     0 |    +0.1% |   -0.011 |       -3.5 |       -0.3 |    409 | gen_regfile_ff.register_file_i.rf_reg\[124\]$_DFFE_PN0P_/D
     443* |       0 |      47 |        0 |      0 |     0 |    +0.1% |   -0.011 |       -3.5 |       -0.3 |    409 | gen_regfile_ff.register_file_i.rf_reg\[124\]$_DFFE_PN0P_/D
     444* |       0 |      47 |        0 |      0 |     0 |    +0.1% |   -0.011 |       -3.5 |       -0.3 |    409 | gen_regfile_ff.register_file_i.rf_reg\[124\]$_DFFE_PN0P_/D
     445* |       0 |      47 |        0 |      0 |     0 |    +0.1% |   -0.011 |       -3.5 |       -0.3 |    409 | gen_regfile_ff.register_file_i.rf_reg\[124\]$_DFFE_PN0P_/D
     446* |       0 |      47 |        0 |      0 |     0 |    +0.1% |   -0.011 |       -3.5 |       -0.3 |    409 | gen_regfile_ff.register_file_i.rf_reg\[124\]$_DFFE_PN0P_/D
     447* |       0 |      47 |        0 |      0 |     0 |    +0.1% |   -0.011 |       -3.5 |       -0.3 |    409 | gen_regfile_ff.register_file_i.rf_reg\[124\]$_DFFE_PN0P_/D
     448* |       0 |      47 |        0 |      0 |     0 |    +0.1% |   -0.011 |       -3.5 |       -0.3 |    409 | gen_regfile_ff.register_file_i.rf_reg\[124\]$_DFFE_PN0P_/D
     449* |       0 |      47 |        0 |      0 |     0 |    +0.1% |   -0.011 |       -3.5 |       -0.3 |    409 | gen_regfile_ff.register_file_i.rf_reg\[124\]$_DFFE_PN0P_/D
     450* |       0 |      47 |        0 |      0 |     0 |    +0.1% |   -0.011 |       -3.5 |       -0.3 |    409 | gen_regfile_ff.register_file_i.rf_reg\[124\]$_DFFE_PN0P_/D
     450* |       0 |      47 |        0 |      0 |     0 |    +0.1% |   -0.011 |       -3.5 |       -0.3 |    409 | gen_regfile_ff.register_file_i.rf_reg\[124\]$_DFFE_PN0P_/D
     451* |       0 |      47 |        0 |      0 |     0 |    +0.1% |   -0.011 |       -3.5 |       -0.3 |    409 | gen_regfile_ff.register_file_i.rf_reg\[124\]$_DFFE_PN0P_/D
     452* |       0 |      47 |        0 |      0 |     0 |    +0.1% |   -0.011 |       -3.5 |       -0.3 |    409 | gen_regfile_ff.register_file_i.rf_reg\[124\]$_DFFE_PN0P_/D
     453* |       0 |      47 |        0 |      0 |     0 |    +0.1% |   -0.011 |       -3.5 |       -0.3 |    409 | gen_regfile_ff.register_file_i.rf_reg\[124\]$_DFFE_PN0P_/D
     454* |       0 |      47 |        0 |      0 |     0 |    +0.1% |   -0.011 |       -3.5 |       -0.3 |    409 | gen_regfile_ff.register_file_i.rf_reg\[124\]$_DFFE_PN0P_/D
     455* |       0 |      47 |        0 |      0 |     0 |    +0.1% |   -0.011 |       -3.5 |       -0.3 |    409 | gen_regfile_ff.register_file_i.rf_reg\[124\]$_DFFE_PN0P_/D
     456* |       0 |      47 |        0 |      0 |     0 |    +0.1% |   -0.011 |       -3.5 |       -0.3 |    409 | gen_regfile_ff.register_file_i.rf_reg\[124\]$_DFFE_PN0P_/D
     457* |       0 |      47 |        0 |      0 |     0 |    +0.1% |   -0.011 |       -3.5 |       -0.3 |    409 | gen_regfile_ff.register_file_i.rf_reg\[124\]$_DFFE_PN0P_/D
     458* |       0 |      47 |        0 |      0 |     0 |    +0.1% |   -0.011 |       -3.5 |       -0.3 |    409 | gen_regfile_ff.register_file_i.rf_reg\[124\]$_DFFE_PN0P_/D
     459* |       0 |      47 |        0 |      0 |     0 |    +0.1% |   -0.011 |       -3.5 |       -0.3 |    409 | gen_regfile_ff.register_file_i.rf_reg\[124\]$_DFFE_PN0P_/D
     460* |       0 |      47 |        0 |      0 |     0 |    +0.1% |   -0.011 |       -3.5 |       -0.3 |    409 | gen_regfile_ff.register_file_i.rf_reg\[124\]$_DFFE_PN0P_/D
     460* |       0 |      47 |        0 |      0 |     0 |    +0.1% |   -0.011 |       -3.5 |       -0.3 |    409 | gen_regfile_ff.register_file_i.rf_reg\[124\]$_DFFE_PN0P_/D
     461* |       0 |      47 |        0 |      0 |     0 |    +0.1% |   -0.011 |       -3.5 |       -0.3 |    409 | gen_regfile_ff.register_file_i.rf_reg\[124\]$_DFFE_PN0P_/D
     462* |       0 |      47 |        0 |      0 |     0 |    +0.1% |   -0.011 |       -3.5 |       -0.3 |    409 | gen_regfile_ff.register_file_i.rf_reg\[124\]$_DFFE_PN0P_/D
     463* |       0 |      47 |        0 |      0 |     0 |    +0.1% |   -0.011 |       -3.5 |       -0.3 |    409 | gen_regfile_ff.register_file_i.rf_reg\[124\]$_DFFE_PN0P_/D
     464* |       0 |      47 |        0 |      0 |     0 |    +0.1% |   -0.011 |       -3.5 |       -0.3 |    409 | gen_regfile_ff.register_file_i.rf_reg\[124\]$_DFFE_PN0P_/D
     465* |       0 |      47 |        0 |      0 |     0 |    +0.1% |   -0.011 |       -3.5 |       -0.3 |    409 | gen_regfile_ff.register_file_i.rf_reg\[124\]$_DFFE_PN0P_/D
     466* |       0 |      47 |        0 |      0 |     0 |    +0.1% |   -0.011 |       -3.5 |       -0.3 |    409 | gen_regfile_ff.register_file_i.rf_reg\[124\]$_DFFE_PN0P_/D
     467* |       0 |      47 |        0 |      0 |     0 |    +0.1% |   -0.011 |       -3.5 |       -0.3 |    409 | gen_regfile_ff.register_file_i.rf_reg\[124\]$_DFFE_PN0P_/D
     468* |       0 |      47 |        0 |      0 |     0 |    +0.1% |   -0.011 |       -3.5 |       -0.3 |    409 | gen_regfile_ff.register_file_i.rf_reg\[124\]$_DFFE_PN0P_/D
     469* |       0 |      47 |        0 |      0 |     0 |    +0.1% |   -0.011 |       -3.5 |       -0.3 |    409 | gen_regfile_ff.register_file_i.rf_reg\[124\]$_DFFE_PN0P_/D
     470* |       0 |      47 |        0 |      0 |     0 |    +0.1% |   -0.011 |       -3.5 |       -0.3 |    409 | gen_regfile_ff.register_file_i.rf_reg\[124\]$_DFFE_PN0P_/D
     470* |       0 |      47 |        0 |      0 |     0 |    +0.1% |   -0.011 |       -3.5 |       -0.3 |    409 | gen_regfile_ff.register_file_i.rf_reg\[124\]$_DFFE_PN0P_/D
     471* |       0 |      47 |        0 |      0 |     0 |    +0.1% |   -0.011 |       -3.5 |       -0.3 |    409 | gen_regfile_ff.register_file_i.rf_reg\[124\]$_DFFE_PN0P_/D
     472* |       0 |      47 |        0 |      0 |     0 |    +0.1% |   -0.011 |       -3.5 |       -0.3 |    409 | gen_regfile_ff.register_file_i.rf_reg\[124\]$_DFFE_PN0P_/D
     473* |       0 |      47 |        0 |      0 |     0 |    +0.1% |   -0.011 |       -3.5 |       -0.3 |    409 | gen_regfile_ff.register_file_i.rf_reg\[124\]$_DFFE_PN0P_/D
     474* |       0 |      47 |        0 |      0 |     0 |    +0.1% |   -0.011 |       -3.5 |       -0.3 |    409 | gen_regfile_ff.register_file_i.rf_reg\[124\]$_DFFE_PN0P_/D
     475* |       0 |      47 |        0 |      0 |     0 |    +0.1% |   -0.011 |       -3.5 |       -0.3 |    409 | gen_regfile_ff.register_file_i.rf_reg\[124\]$_DFFE_PN0P_/D
     476* |       0 |      47 |        0 |      0 |     0 |    +0.1% |   -0.011 |       -3.5 |       -0.3 |    409 | gen_regfile_ff.register_file_i.rf_reg\[124\]$_DFFE_PN0P_/D
     477* |       0 |      47 |        0 |      0 |     0 |    +0.1% |   -0.011 |       -3.5 |       -0.3 |    409 | gen_regfile_ff.register_file_i.rf_reg\[124\]$_DFFE_PN0P_/D
     478* |       0 |      47 |        0 |      0 |     0 |    +0.1% |   -0.011 |       -3.5 |       -0.3 |    409 | gen_regfile_ff.register_file_i.rf_reg\[124\]$_DFFE_PN0P_/D
     479* |       0 |      47 |        0 |      0 |     0 |    +0.1% |   -0.011 |       -3.5 |       -0.3 |    409 | gen_regfile_ff.register_file_i.rf_reg\[124\]$_DFFE_PN0P_/D
     480* |       0 |      47 |        0 |      0 |     0 |    +0.1% |   -0.011 |       -3.5 |       -0.3 |    409 | gen_regfile_ff.register_file_i.rf_reg\[124\]$_DFFE_PN0P_/D
     480* |       0 |      47 |        0 |      0 |     0 |    +0.1% |   -0.011 |       -3.5 |       -0.3 |    409 | gen_regfile_ff.register_file_i.rf_reg\[124\]$_DFFE_PN0P_/D
     481* |       0 |      47 |        0 |      0 |     0 |    +0.1% |   -0.011 |       -3.5 |       -0.3 |    409 | gen_regfile_ff.register_file_i.rf_reg\[124\]$_DFFE_PN0P_/D
     482* |       0 |      47 |        0 |      0 |     0 |    +0.1% |   -0.011 |       -3.5 |       -0.3 |    409 | gen_regfile_ff.register_file_i.rf_reg\[124\]$_DFFE_PN0P_/D
     483* |       0 |      47 |        0 |      0 |     0 |    +0.1% |   -0.011 |       -3.5 |       -0.3 |    409 | gen_regfile_ff.register_file_i.rf_reg\[124\]$_DFFE_PN0P_/D
     484* |       0 |      47 |        0 |      0 |     0 |    +0.1% |   -0.011 |       -3.5 |       -0.3 |    409 | gen_regfile_ff.register_file_i.rf_reg\[124\]$_DFFE_PN0P_/D
     485* |       0 |      47 |        0 |      0 |     0 |    +0.1% |   -0.011 |       -3.5 |       -0.3 |    409 | gen_regfile_ff.register_file_i.rf_reg\[124\]$_DFFE_PN0P_/D
     486* |       0 |      47 |        0 |      0 |     0 |    +0.1% |   -0.011 |       -3.5 |       -0.3 |    409 | gen_regfile_ff.register_file_i.rf_reg\[124\]$_DFFE_PN0P_/D
     486* |       0 |      47 |        0 |      0 |     0 |    +0.1% |   -0.011 |       -3.5 |       -0.3 |    409 | gen_regfile_ff.register_file_i.rf_reg\[124\]$_DFFE_PN0P_/D
    final |       0 |      47 |        0 |      0 |     0 |    +0.1% |   -0.011 |       -3.5 |       -0.3 |     30 | gen_regfile_ff.register_file_i.rf_reg\[124\]$_DFFE_PN0P_/D
------------------------------------------------------------------------------------------------------------------------------
[INFO RSZ-0051] Resized 47 instances: 47 up, 0 up match, 0 down, 0 VT
[WARNING RSZ-0062] Unable to repair all setup violations.
Took 6 seconds: repair_timing -setup_margin 0 -hold_margin 0 -repair_tns 100 -setup -skip_last_gasp -sequence unbuffer,sizeup,swap,vt_swap -verbose
Default units for flow
 time 1ns
 capacitance 1fF
 resistance 1kohm
 voltage 1v
 current 1mA
 power 1nW
 distance 1um
   Layer   | Unit Resistance | Unit Capacitance 
           |       (kohm/um) |          (fF/um)
------------------------------------------------
    metal1 |        5.43e-03 |         7.42e-02
    metal2 |        3.57e-03 |         8.34e-02
    metal3 |        3.57e-03 |         1.04e-01
    metal4 |        1.50e-03 |         1.19e-01
    metal5 |        1.50e-03 |         1.09e-01
    metal6 |        1.50e-03 |         1.14e-01
    metal7 |        1.88e-04 |         1.17e-01
    metal8 |        1.88e-04 |         9.45e-02
    metal9 |        3.75e-05 |         1.06e-01
   metal10 |        3.75e-05 |         7.37e-01
------------------------------------------------

   Layer   | Via Resistance 
           |         (kohm) 
----------------------------
      via1 |       5.00e-03 
      via2 |       5.00e-03 
      via3 |       5.00e-03 
      via4 |       3.00e-03 
      via5 |       3.00e-03 
      via6 |       3.00e-03 
      via7 |       1.00e-03 
      via8 |       1.00e-03 
      via9 |       5.00e-04 
----------------------------
Report metrics stage 2, floorplan final...

==========================================================================
floorplan final report_design_area
--------------------------------------------------------------------------
Design area 28508 um^2 86% utilization.
write_db /work/results/nangate45/ibex/pipeline_85/2_1_floorplan.odb
write_sdc -no_timestamp /work/results/nangate45/ibex/pipeline_85/2_1_floorplan.sdc
Elapsed time: 0:07.67[h:]min:sec. CPU time: user 14.80 sys 2.89 (230%). Peak memory: 191800KB.
Log                       Ext     Elapsed/s Peak Memory/MB sha1sum result [0:20)
2_1_floorplan             .odb            7            187 d33eaeca1b8fbb87077d
2_1_floorplan             .sdc                             d16b81ad7b3b96a11965
