+ DEFAULT_IMAGE=openroad/orfs:latest
+ FLOW_DIR=/OpenROAD-flow-scripts/flow
+ USE_USER=false
+ DRY_RUN=false
+ PORTS=()
+ IMAGE=
+ CMD_ARGS=()
+ [[ 9 -gt 0 ]]
+ case "$1" in
+ CMD_ARGS=("$@")
+ break
+ IMAGE=openroad/orfs:latest
+ get_container_engine
++ docker --version
+ local 'DOCKER_VERSION_STRING=Docker version 29.7.1, build e9452d6'
+ [[ Docker version 29.7.1, build e9452d6 == *Docker* ]]
+ container_engine=docker
++ pwd
+ WORKSPACE=/home/mispronounced/Code/JayRaj21/OpenROAD-flow-scripts/flow
+ YOSYS_EXE=/OpenROAD-flow-scripts/tools/install/yosys/bin/yosys
+ OPENROAD_EXE=/OpenROAD-flow-scripts/tools/install/OpenROAD/bin/openroad
+ KLAYOUT_CMD=/usr/bin/klayout
+ XSOCK=/tmp/.X11-unix
+ XAUTH=/tmp/.docker.xauth
+ false
+ xauth nlist :0
+ sed -e 's/^..../ffff/'
+ xauth -f /tmp/.docker.xauth nmerge -
+ test -t 0
+ DOCKER_INTERACTIVE=
+ false
+ [[ docker == podman ]]
++ id -u mispronounced
++ id -g mispronounced
+ user_args='-u 1000:1000'
+ user_env=
+ PORT_ARGS=()
+ CMD_STR=
+ [[ 9 -gt 0 ]]
+ CMD_STR='make grt DESIGN=jpeg PLATFORM=nangate45 CORE_UTILIZATION=78 RESULTS_DIR=/work/results/nangate45/jpeg/pipeline_78 OBJECTS_DIR=/work/objects/nangate45/jpeg/pipeline_78 PLACE_DENSITY_LB_ADDON=0.0 -j16'
+ ENV_SH_CMD='if [ -f ../env.sh ]; then . ../env.sh; fi;'
+ DOCKER_CMD=("$container_engine" run --rm -i $DOCKER_INTERACTIVE $user_env $user_args -e LIBGL_ALWAYS_SOFTWARE=1 -e QT_X11_NO_MITSHM=1 -e XDG_RUNTIME_DIR=/tmp/xdg-run -e "DISPLAY=${DISPLAY:-:0}" -e QT_XKB_CONFIG_ROOT=/usr/share/X11/xkb -v "$XSOCK:$XSOCK" -v "$XAUTH:$XAUTH" -e "XAUTHORITY=$XAUTH" -e FLOW_HOME=/OpenROAD-flow-scripts/flow/ -e WORK_HOME=/work -e "YOSYS_EXE=$YOSYS_EXE" -e "OPENROAD_EXE=$OPENROAD_EXE" -e "KLAYOUT_CMD=$KLAYOUT_CMD" -v "$WORKSPACE:/work:Z" --network host "${PORT_ARGS[@]}" "$IMAGE" bash -c "set -ex; mkdir /tmp/xdg-run; cd ${FLOW_DIR}; ${ENV_SH_CMD}$CMD_STR")
+ false
+ exec docker run --rm -i -u 1000:1000 -e LIBGL_ALWAYS_SOFTWARE=1 -e QT_X11_NO_MITSHM=1 -e XDG_RUNTIME_DIR=/tmp/xdg-run -e DISPLAY=:0 -e QT_XKB_CONFIG_ROOT=/usr/share/X11/xkb -v /tmp/.X11-unix:/tmp/.X11-unix -v /tmp/.docker.xauth:/tmp/.docker.xauth -e XAUTHORITY=/tmp/.docker.xauth -e FLOW_HOME=/OpenROAD-flow-scripts/flow/ -e WORK_HOME=/work -e YOSYS_EXE=/OpenROAD-flow-scripts/tools/install/yosys/bin/yosys -e OPENROAD_EXE=/OpenROAD-flow-scripts/tools/install/OpenROAD/bin/openroad -e KLAYOUT_CMD=/usr/bin/klayout -v /home/mispronounced/Code/JayRaj21/OpenROAD-flow-scripts/flow:/work:Z --network host openroad/orfs:latest bash -c 'set -ex; mkdir /tmp/xdg-run; cd /OpenROAD-flow-scripts/flow; if [ -f ../env.sh ]; then . ../env.sh; fi;make grt DESIGN=jpeg PLATFORM=nangate45 CORE_UTILIZATION=78 RESULTS_DIR=/work/results/nangate45/jpeg/pipeline_78 OBJECTS_DIR=/work/objects/nangate45/jpeg/pipeline_78 PLACE_DENSITY_LB_ADDON=0.0 -j16'
+ mkdir /tmp/xdg-run
+ cd /OpenROAD-flow-scripts/flow
+ '[' -f ../env.sh ']'
+ . ../env.sh
++ __setpaths
++ [[ linux-gnu == \d\a\r\w\i\n* ]]
++++ readlink -f ../env.sh
+++ dirname /OpenROAD-flow-scripts/env.sh
++ DIR=/OpenROAD-flow-scripts
++ export OPENROAD=/OpenROAD-flow-scripts/tools/OpenROAD
++ OPENROAD=/OpenROAD-flow-scripts/tools/OpenROAD
++ echo 'OPENROAD: /OpenROAD-flow-scripts/tools/OpenROAD'
OPENROAD: /OpenROAD-flow-scripts/tools/OpenROAD
++ export PATH=/OpenROAD-flow-scripts/tools/install/OpenROAD/bin:/usr/local/bin/wrapped-cc:/usr/local/sbin:/usr/local/bin:/usr/sbin:/usr/bin:/sbin:/bin
++ PATH=/OpenROAD-flow-scripts/tools/install/OpenROAD/bin:/usr/local/bin/wrapped-cc:/usr/local/sbin:/usr/local/bin:/usr/sbin:/usr/bin:/sbin:/bin
++ export PATH=/OpenROAD-flow-scripts/tools/install/yosys/bin:/OpenROAD-flow-scripts/tools/install/OpenROAD/bin:/usr/local/bin/wrapped-cc:/usr/local/sbin:/usr/local/bin:/usr/sbin:/usr/bin:/sbin:/bin
++ PATH=/OpenROAD-flow-scripts/tools/install/yosys/bin:/OpenROAD-flow-scripts/tools/install/OpenROAD/bin:/usr/local/bin/wrapped-cc:/usr/local/sbin:/usr/local/bin:/usr/sbin:/usr/bin:/sbin:/bin
++ export PATH=/OpenROAD-flow-scripts/tools/install/kepler-formal/bin:/OpenROAD-flow-scripts/tools/install/yosys/bin:/OpenROAD-flow-scripts/tools/install/OpenROAD/bin:/usr/local/bin/wrapped-cc:/usr/local/sbin:/usr/local/bin:/usr/sbin:/usr/bin:/sbin:/bin
++ PATH=/OpenROAD-flow-scripts/tools/install/kepler-formal/bin:/OpenROAD-flow-scripts/tools/install/yosys/bin:/OpenROAD-flow-scripts/tools/install/OpenROAD/bin:/usr/local/bin/wrapped-cc:/usr/local/sbin:/usr/local/bin:/usr/sbin:/usr/bin:/sbin:/bin
++ [[ linux-gnu == \d\a\r\w\i\n* ]]
++ export FLOW_HOME=/OpenROAD-flow-scripts/flow
++ FLOW_HOME=/OpenROAD-flow-scripts/flow
++ unset -f __setpaths
+ make grt DESIGN=jpeg PLATFORM=nangate45 CORE_UTILIZATION=78 RESULTS_DIR=/work/results/nangate45/jpeg/pipeline_78 OBJECTS_DIR=/work/objects/nangate45/jpeg/pipeline_78 PLACE_DENSITY_LB_ADDON=0.0 -j16
/OpenROAD-flow-scripts/flow/scripts/flow.sh 3_1_place_gp_skip_io global_place_skip_io
Running global_place_skip_io.tcl, stage 3_1_place_gp_skip_io
cp /work/results/nangate45/jpeg/pipeline_78/2_floorplan.sdc /work/results/nangate45/jpeg/pipeline_78/3_place.sdc
read_liberty /OpenROAD-flow-scripts/flow/platforms/nangate45/lib/NangateOpenCellLibrary_typical.lib
read_db /work/results/nangate45/jpeg/pipeline_78/2_floorplan.odb
read_sdc /work/results/nangate45/jpeg/pipeline_78/2_floorplan.sdc
source /OpenROAD-flow-scripts/flow/platforms/nangate45/setRC.tcl
[INFO GPL-0022] Initialize gpl and calculate uniform density.
Placement density is 0.9499999976158142, computed from PLACE_DENSITY_LB_ADDON  0.0 and lower bound 0.9399999976158142
global_placement -skip_io -density 0.9499999976158142 -pad_left 0 -pad_right 0
[INFO GPL-0001] ---- Initialize GPL Main Data Structures
[INFO GPL-0002] DBU: 2000
[INFO GPL-0003] SiteSize: (  0.190  1.400 ) um
[INFO GPL-0004] CoreBBox: (  1.140  1.400 ) ( 30.020 29.400 ) um
[INFO GPL-0036] Movable instances area:        663.138 um^2
[INFO GPL-0037] Total instances area:          673.778 um^2
[INFO GPL-0035] Pin density area adjust:        86.630 um^2
[INFO GPL-0032] ---- Initialize Region: Top-level
[INFO GPL-0006] Number of instances:               561
[INFO GPL-0007] Movable instances:                 521
[INFO GPL-0008] Fixed instances:                    40
[INFO GPL-0009] Dummy instances:                     0
[INFO GPL-0010] Number of nets:                    592
[INFO GPL-0011] Number of pins:                   1644
[INFO GPL-0012] Die BBox:  (  0.000  0.000 ) ( 31.160 31.160 ) um
[INFO GPL-0013] Core BBox: (  1.140  1.400 ) ( 30.020 29.400 ) um
[INFO GPL-0016] Core area:                     808.640 um^2
[INFO GPL-0014] Region name: top-level.
[INFO GPL-0015] Region area:                   808.640 um^2
[INFO GPL-0017] Fixed instances area:           10.640 um^2
[INFO GPL-0018] Movable instances area:        749.768 um^2
[INFO GPL-0019] Utilization:                    93.956 %
[INFO GPL-0020] Standard cells area:           749.768 um^2
[INFO GPL-0021] Large instances area:            0.000 um^2
[INFO GPL-0005] ---- Execute Conjugate Gradient Initial Placement.
[INFO GPL-0051] Source of initial instance position counters:
	Odb location = 0	Core center = 521	Region center = 0
[INFO GPL-0033] ---- Initialize Nesterov Region: Top-level
[INFO GPL-0023] Placement target density:       0.9500
[INFO GPL-0024] Movable insts average area:      1.439 um^2
[INFO GPL-0025] Ideal bin area:                  1.515 um^2
[INFO GPL-0026] Ideal bin count:                   533
[INFO GPL-0027] Total bin area:                808.640 um^2
[INFO GPL-0028] Bin count (X, Y):          16 ,     16
[INFO GPL-0029] Bin size (W * H):       1.805 *  1.750 um
[INFO GPL-0030] Number of bins:                    256
[INFO GPL-0084] ---- Execute Nesterov Global Placement.
[INFO GPL-0031] HPWL: Half-Perimeter Wirelength
Iteration | Overflow |     HPWL (um) |  HPWL(%) |   Penalty | Group
---------------------------------------------------------------
        0 |   0.9688 |  4.699310e+02 |   +0.00% |  4.80e-14 |      
       10 |   0.9725 |  2.288375e+02 |  -51.30% |  7.83e-14 |      
       20 |   0.9726 |  2.272850e+02 |   -0.68% |  1.27e-13 |      
       30 |   0.9726 |  2.273205e+02 |   +0.02% |  2.08e-13 |      
       40 |   0.9726 |  2.272835e+02 |   -0.02% |  3.38e-13 |      
       50 |   0.9726 |  2.273340e+02 |   +0.02% |  5.51e-13 |      
       60 |   0.9725 |  2.273550e+02 |   +0.01% |  8.97e-13 |      
       70 |   0.9725 |  2.274120e+02 |   +0.03% |  1.46e-12 |      
       80 |   0.9724 |  2.274890e+02 |   +0.03% |  2.38e-12 |      
       90 |   0.9721 |  2.276770e+02 |   +0.08% |  3.88e-12 |      
      100 |   0.9717 |  2.281760e+02 |   +0.22% |  6.32e-12 |      
      110 |   0.9709 |  2.293095e+02 |   +0.50% |  1.03e-11 |      
      120 |   0.9684 |  2.335950e+02 |   +1.87% |  1.68e-11 |      
      130 |   0.9674 |  2.554695e+02 |   +9.36% |  2.73e-11 |      
      140 |   0.9542 |  3.649345e+02 |  +42.85% |  4.45e-11 |      
      150 |   0.9182 |  4.786590e+02 |  +31.16% |  7.24e-11 |      
      160 |   0.8897 |  6.353550e+02 |  +32.74% |  1.18e-10 |      
      170 |   0.8622 |  7.537810e+02 |  +18.64% |  1.92e-10 |      
      180 |   0.8425 |  8.796130e+02 |  +16.69% |  3.13e-10 |      
      190 |   0.8016 |  9.999370e+02 |  +13.68% |  5.10e-10 |      
      200 |   0.7603 |  1.127533e+03 |  +12.76% |  8.31e-10 |      
      210 |   0.7173 |  1.258889e+03 |  +11.65% |  1.35e-09 |      
      220 |   0.6696 |  1.380793e+03 |   +9.68% |  2.20e-09 |      
      230 |   0.6248 |  1.510511e+03 |   +9.39% |  3.59e-09 |      
      240 |   0.5749 |  1.632187e+03 |   +8.06% |  5.85e-09 |      
      250 |   0.5218 |  1.752059e+03 |   +7.34% |  9.52e-09 |      
      260 |   0.4688 |  1.846634e+03 |   +5.40% |  1.55e-08 |      
      270 |   0.4124 |  1.947564e+03 |   +5.47% |  2.53e-08 |      
      280 |   0.3530 |  2.026055e+03 |   +4.03% |  4.12e-08 |      
      290 |   0.2997 |  2.061456e+03 |   +1.75% |  6.19e-08 |      
      300 |   0.2667 |  2.122927e+03 |   +2.98% |  9.11e-08 |      
      310 |   0.2354 |  2.158526e+03 |   +1.68% |  1.34e-07 |      
      320 |   0.2061 |  2.199227e+03 |   +1.89% |  1.98e-07 |      
      330 |   0.1782 |  2.228724e+03 |   +1.34% |  2.91e-07 |      
      340 |   0.1472 |  2.237092e+03 |   +0.38% |  4.29e-07 |      
      350 |   0.1230 |  2.239260e+03 |   +0.10% |  6.32e-07 |      
      360 |   0.0975 |  2.245084e+03 |   +0.26% |  9.31e-07 |      
      360 |   0.0975 |  2.245084e+03 |          |  9.68e-07 |      
---------------------------------------------------------------
[INFO GPL-1001] Global placement finished at iteration 360
[INFO GPL-1002] Placed Cell Area              749.7678
[INFO GPL-1003] Available Free Area           798.0000
[INFO GPL-1004] Minimum Feasible Density        0.9400 (cell_area / free_area)
[INFO GPL-1006]   Suggested Target Densities:
[INFO GPL-1007]     - For 90% usage of free space: 1.0440
[INFO GPL-1008]     - For 80% usage of free space: 1.1744
[INFO GPL-1014] Final placement area: 749.77 (+0.00%)
Design area 674 um^2 83% utilization.
write_db /work/results/nangate45/jpeg/pipeline_78/3_1_place_gp_skip_io.odb
Elapsed time: 0:00.26[h:]min:sec. CPU time: user 1.06 sys 0.04 (419%). Peak memory: 112360KB.
Log                       Ext     Elapsed/s Peak Memory/MB sha1sum result [0:20)
3_1_place_gp_skip_io      .odb            0            109 523523c5f2519981f285
/OpenROAD-flow-scripts/flow/scripts/flow.sh 3_2_place_iop io_placement
Running io_placement.tcl, stage 3_2_place_iop
read_liberty /OpenROAD-flow-scripts/flow/platforms/nangate45/lib/NangateOpenCellLibrary_typical.lib
read_db /work/results/nangate45/jpeg/pipeline_78/3_1_place_gp_skip_io.odb
read_sdc /work/results/nangate45/jpeg/pipeline_78/2_floorplan.sdc
source /OpenROAD-flow-scripts/flow/platforms/nangate45/setRC.tcl
place_pins -hor_layers metal5 -ver_layers metal6
Found 0 macro blocks.
Using 2 tracks default min distance between IO pins.
[INFO PPL-0001] Number of available slots 208
[INFO PPL-0002] Number of I/O             54
[INFO PPL-0003] Number of I/O w/sink      54
[INFO PPL-0004] Number of I/O w/o sink    0
[INFO PPL-0005] Slots per section         200
[INFO PPL-0008] Successfully assigned pins to sections.
[INFO PPL-0012] I/O nets HPWL: 463.56 um.
Design area 674 um^2 83% utilization.
write_db /work/results/nangate45/jpeg/pipeline_78/3_2_place_iop.odb
Elapsed time: 0:00.20[h:]min:sec. CPU time: user 0.17 sys 0.03 (100%). Peak memory: 111056KB.
Log                       Ext     Elapsed/s Peak Memory/MB sha1sum result [0:20)
3_2_place_iop             .odb            0            108 bef8106dc399d166dca5
/OpenROAD-flow-scripts/flow/scripts/flow.sh 3_3_place_gp global_place
Running global_place.tcl, stage 3_3_place_gp
read_liberty /OpenROAD-flow-scripts/flow/platforms/nangate45/lib/NangateOpenCellLibrary_typical.lib
read_db /work/results/nangate45/jpeg/pipeline_78/3_2_place_iop.odb
read_sdc /work/results/nangate45/jpeg/pipeline_78/2_floorplan.sdc
source /OpenROAD-flow-scripts/flow/platforms/nangate45/setRC.tcl
[INFO RSZ-0026] Removed 17 buffers.
Perform port buffering...
[INFO RSZ-0027] Inserted 35 BUF_X1 input buffers.
[INFO RSZ-0028] Inserted 18 BUF_X1 output buffers.
[INFO GPL-0022] Initialize gpl and calculate uniform density.
Placement density is 0.9699999785423279, computed from PLACE_DENSITY_LB_ADDON  0.0 and lower bound 0.9599999785423279
global_placement -density 0.9699999785423279 -pad_left 0 -pad_right 0 -routability_driven -timing_driven -force_center_initial_place -min_phi_coef 0.95 -max_phi_coef 1.05
[INFO GPL-0001] ---- Initialize GPL Main Data Structures
[INFO GPL-0002] DBU: 2000
[INFO GPL-0003] SiteSize: (  0.190  1.400 ) um
[INFO GPL-0004] CoreBBox: (  1.140  1.400 ) ( 30.020 29.400 ) um
[INFO GPL-0036] Movable instances area:        675.640 um^2
[INFO GPL-0037] Total instances area:          686.280 um^2
[INFO GPL-0035] Pin density area adjust:        85.983 um^2
[INFO GPL-0032] ---- Initialize Region: Top-level
[INFO GPL-0006] Number of instances:               597
[INFO GPL-0007] Movable instances:                 557
[INFO GPL-0008] Fixed instances:                    40
[INFO GPL-0009] Dummy instances:                     0
[INFO GPL-0010] Number of nets:                    628
[INFO GPL-0011] Number of pins:                   1770
[INFO GPL-0012] Die BBox:  (  0.000  0.000 ) ( 31.160 31.160 ) um
[INFO GPL-0013] Core BBox: (  1.140  1.400 ) ( 30.020 29.400 ) um
[INFO GPL-0016] Core area:                     808.640 um^2
[INFO GPL-0014] Region name: top-level.
[INFO GPL-0015] Region area:                   808.640 um^2
[INFO GPL-0017] Fixed instances area:           10.640 um^2
[INFO GPL-0018] Movable instances area:        761.623 um^2
[INFO GPL-0019] Utilization:                    95.441 %
[INFO GPL-0020] Standard cells area:           761.623 um^2
[INFO GPL-0021] Large instances area:            0.000 um^2
[INFO GPL-0005] ---- Execute Conjugate Gradient Initial Placement.
[INFO GPL-0051] Source of initial instance position counters:
	Odb location = 0	Core center = 557	Region center = 0
[InitialPlace]  Iter: 1 conjugate gradient residual: 0.00000012 HPWL: 7854675
[InitialPlace]  Iter: 2 conjugate gradient residual: 0.00000012 HPWL: 5594802
[InitialPlace]  Iter: 3 conjugate gradient residual: 0.00000008 HPWL: 5611882
[InitialPlace]  Iter: 4 conjugate gradient residual: 0.00000011 HPWL: 5617947
[InitialPlace]  Iter: 5 conjugate gradient residual: 0.00000011 HPWL: 5625917
[INFO GPL-0033] ---- Initialize Nesterov Region: Top-level
[INFO GPL-0023] Placement target density:       0.9700
[INFO GPL-0024] Movable insts average area:      1.367 um^2
[INFO GPL-0025] Ideal bin area:                  1.410 um^2
[INFO GPL-0026] Ideal bin count:                   573
[INFO GPL-0027] Total bin area:                808.640 um^2
[INFO GPL-0028] Bin count (X, Y):          16 ,     16
[INFO GPL-0029] Bin size (W * H):       1.805 *  1.750 um
[INFO GPL-0030] Number of bins:                    256
[INFO GPL-0084] ---- Execute Nesterov Global Placement.
[INFO GPL-0031] HPWL: Half-Perimeter Wirelength
Iteration | Overflow |     HPWL (um) |  HPWL(%) |   Penalty | Group
---------------------------------------------------------------
        0 |   0.8695 |  1.441871e+03 |   +0.00% |  8.16e-14 |      
       10 |   0.7561 |  1.539497e+03 |   +6.77% |  1.33e-13 |      
       20 |   0.7397 |  1.558481e+03 |   +1.23% |  2.17e-13 |      
       30 |   0.7399 |  1.555729e+03 |   -0.18% |  3.53e-13 |      
       40 |   0.7410 |  1.551938e+03 |   -0.24% |  5.75e-13 |      
       50 |   0.7392 |  1.556181e+03 |   +0.27% |  9.36e-13 |      
       60 |   0.7389 |  1.557351e+03 |   +0.08% |  1.52e-12 |      
       70 |   0.7393 |  1.555374e+03 |   -0.13% |  2.48e-12 |      
       80 |   0.7388 |  1.555451e+03 |   +0.00% |  4.05e-12 |      
       90 |   0.7382 |  1.556646e+03 |   +0.08% |  6.59e-12 |      
      100 |   0.7376 |  1.557906e+03 |   +0.08% |  1.07e-11 |      
      110 |   0.7366 |  1.560658e+03 |   +0.18% |  1.75e-11 |      
      120 |   0.7348 |  1.565155e+03 |   +0.29% |  2.85e-11 |      
      130 |   0.7317 |  1.571509e+03 |   +0.41% |  4.64e-11 |      
      140 |   0.7276 |  1.581225e+03 |   +0.62% |  7.56e-11 |      
      150 |   0.7204 |  1.596370e+03 |   +0.96% |  1.23e-10 |      
      160 |   0.7110 |  1.618478e+03 |   +1.38% |  2.01e-10 |      
      170 |   0.6941 |  1.649351e+03 |   +1.91% |  3.27e-10 |      
      180 |   0.6752 |  1.689480e+03 |   +2.43% |  5.32e-10 |      
      190 |   0.6538 |  1.742826e+03 |   +3.16% |  8.67e-10 |      
[INFO GPL-0100] Timing-driven iteration 1/2, virtual: false.
[INFO GPL-0101]    Iter: 197, overflow: 0.634, keep resizer changes at: 1, HPWL: 3553096
Iteration |   Area    | Resized | Buffers | Nets repaired | Remaining
---------------------------------------------------------------------
        0 |     +0.0% |       0 |       0 |             0 |       628
    final |     +0.0% |       0 |       0 |             0 |         0
---------------------------------------------------------------------
   Iter   |    Area   | Removed | Inserted |   Pins
          |           | Buffers | Buffers  | Remaining
-------------------------------------------------------
        0 |     +0.0% |       0 |        0 |       592
       59 |     +0.0% |       0 |        0 |       533
      118 |     +0.3% |       0 |        1 |       474
      177 |     +0.5% |       0 |        3 |       415
      236 |     +0.7% |       0 |        4 |       356
      295 |     +0.9% |       0 |        6 |       297
      354 |     +1.0% |       0 |        7 |       238
      413 |     +1.3% |       0 |        9 |       179
      472 |     +1.7% |       0 |       12 |       120
      531 |     +1.7% |       0 |       12 |        61
      590 |     +1.9% |       0 |       14 |         2
    final |     +1.9% |       0 |       14 |         0
-------------------------------------------------------
[INFO GPL-0106] Timing-driven: worst slack 2.0696111e-11
[INFO GPL-0107] Timing-driven: repair_design delta area: 13.300 um^2 (+1.75%)
[INFO GPL-0108] Timing-driven: repair_design, gpl delta gcells: 14 (+2.51%)
[INFO GPL-0109] Timing-driven: repair_design, gcells created: 14, deleted: 0
[INFO GPL-0110] Timing-driven: new target density: 0.9866667
Iteration | Overflow |     HPWL (um) |  HPWL(%) |   Penalty | Group
---------------------------------------------------------------
      200 |   0.6198 |  1.877142e+03 |   +7.71% |  1.41e-09 |      
[INFO GPL-0038] Routability snapshot saved at iter = 206
      205 |   0.5959 |  1.941450e+03 |          |           |      
      210 |   0.5755 |  1.944808e+03 |   +3.60% |  2.30e-09 |      
      220 |   0.5545 |  1.949032e+03 |   +0.22% |  3.75e-09 |      
      230 |   0.5066 |  2.024721e+03 |   +3.88% |  6.10e-09 |      
      240 |   0.4573 |  2.088173e+03 |   +3.13% |  9.94e-09 |      
      250 |   0.4178 |  2.125082e+03 |   +1.77% |  1.62e-08 |      
      260 |   0.3736 |  2.169081e+03 |   +2.07% |  2.64e-08 |      
      270 |   0.3238 |  2.222407e+03 |   +2.46% |  4.13e-08 |      
[INFO GPL-0040] Routability iteration: 1
[INFO GPL-0041] Total routing overflow: 0.0000
[INFO GPL-0042] Number of overflowed tiles: 0 (0.00%)
[INFO GPL-0043] Average top 0.5% routing congestion: 0.7762
[INFO GPL-0044] Average top 1.0% routing congestion: 0.7762
[INFO GPL-0045] Average top 2.0% routing congestion: 0.7363
[INFO GPL-0046] Average top 5.0% routing congestion: 0.7082
[INFO GPL-0047] Routability iteration weighted routing congestion: 0.7762
[INFO GPL-0050] Weighted routing congestion is lower than target routing congestion(1.0100), end routability optimization.
[INFO GPL-0090] Routability finished. Target routing congestion achieved succesfully.
Iteration | Overflow |     HPWL (um) |  HPWL(%) |   Penalty | Group
---------------------------------------------------------------
      280 |   0.2909 |  2.265396e+03 |   +1.93% |  6.08e-08 |      
      290 |   0.2583 |  2.297010e+03 |   +1.40% |  8.95e-08 |      
      300 |   0.2327 |  2.327323e+03 |   +1.32% |  1.32e-07 |      
      310 |   0.2070 |  2.362709e+03 |   +1.52% |  1.94e-07 |      
[INFO GPL-0100] Timing-driven iteration 2/2, virtual: false.
[INFO GPL-0101]    Iter: 316, overflow: 0.195, keep resizer changes at: 1, HPWL: 4747746
Iteration |   Area    | Resized | Buffers | Nets repaired | Remaining
---------------------------------------------------------------------
        0 |     +0.0% |       0 |       0 |             0 |       642
    final |     +0.0% |       0 |       0 |             0 |         0
---------------------------------------------------------------------
   Iter   |    Area   | Removed | Inserted |   Pins
          |           | Buffers | Buffers  | Remaining
-------------------------------------------------------
        0 |     +0.0% |       0 |        0 |       592
       59 |     +0.0% |       0 |        0 |       533
      118 |     +0.0% |       1 |        1 |       474
      177 |     +0.5% |       3 |        3 |       415
      236 |     +0.4% |       4 |        3 |       356
      295 |     +0.4% |       6 |        5 |       297
      354 |     +0.5% |       7 |        7 |       238
      413 |     +0.4% |       9 |        8 |       179
      472 |     +0.3% |      12 |       10 |       120
      531 |     +0.3% |      12 |       10 |        61
      590 |     +0.2% |      14 |       11 |         2
    final |     +0.2% |      14 |       11 |         0
-------------------------------------------------------
[INFO GPL-0106] Timing-driven: worst slack 1.6237615e-11
[INFO GPL-0107] Timing-driven: repair_design delta area: 1.064 um^2 (+0.14%)
[INFO GPL-0108] Timing-driven: repair_design, gpl delta gcells: -3 (-0.53%)
[INFO GPL-0109] Timing-driven: repair_design, gcells created: 11, deleted: 14
[INFO GPL-0110] Timing-driven: new target density: 0.9879999
Iteration | Overflow |     HPWL (um) |  HPWL(%) |   Penalty | Group
---------------------------------------------------------------
      320 |   0.1845 |  2.410552e+03 |   +2.02% |  2.86e-07 |      
      330 |   0.1524 |  2.428358e+03 |   +0.74% |  4.22e-07 |      
      340 |   0.1351 |  2.436718e+03 |   +0.34% |  6.21e-07 |      
      350 |   0.1118 |  2.441738e+03 |   +0.21% |  9.15e-07 |      
      358 |   0.0995 |  2.440577e+03 |          |  1.30e-06 |      
---------------------------------------------------------------
[INFO GPL-1001] Global placement finished at iteration 358
[INFO GPL-1017] Routability mode iteration count: 71
[INFO GPL-1005] Routability final weighted congestion: 0.7106
[INFO GPL-1002] Placed Cell Area              775.9868
[INFO GPL-1003] Available Free Area           798.0000
[INFO GPL-1004] Minimum Feasible Density        0.9600 (cell_area / free_area)
[INFO GPL-1006]   Suggested Target Densities:
[INFO GPL-1007]     - For 90% usage of free space: 1.0805
[INFO GPL-1008]     - For 80% usage of free space: 1.2155
[WARNING GPL-1015] High uniform density (>0.96) may cause congestion or legalization issues.
[INFO GPL-1011] Original area (um^2): 761.62
[INFO GPL-1012] Total routability artificial inflation: 0.00 (+0.00%)
[INFO GPL-1013] Total timing-driven delta area: 14.36 (+1.89%)
[INFO GPL-1014] Final placement area: 775.99 (+1.89%)
estimate_parasitics -placement
Report metrics stage 3, global place...

==========================================================================
global place report_design_area
--------------------------------------------------------------------------
Design area 701 um^2 87% utilization.
write_db /work/results/nangate45/jpeg/pipeline_78/3_3_place_gp.odb
Elapsed time: 0:00.73[h:]min:sec. CPU time: user 4.43 sys 0.16 (624%). Peak memory: 287236KB.
Log                       Ext     Elapsed/s Peak Memory/MB sha1sum result [0:20)
3_3_place_gp              .odb            0            280 5c549e8c0bb79c730df5
/OpenROAD-flow-scripts/flow/scripts/flow.sh 3_4_place_resized resize
Running resize.tcl, stage 3_4_place_resized
read_liberty /OpenROAD-flow-scripts/flow/platforms/nangate45/lib/NangateOpenCellLibrary_typical.lib
read_db /work/results/nangate45/jpeg/pipeline_78/3_3_place_gp.odb
read_sdc /work/results/nangate45/jpeg/pipeline_78/2_floorplan.sdc
source /OpenROAD-flow-scripts/flow/platforms/nangate45/setRC.tcl
estimate_parasitics -placement
Perform buffer insertion and gate resizing...
repair_design -verbose
Iteration |   Area    | Resized | Buffers | Nets repaired | Remaining
---------------------------------------------------------------------
        0 |     +0.0% |       0 |       0 |             0 |       639
       10 |     +0.0% |       0 |       0 |             0 |       629
       20 |     +0.0% |       0 |       0 |             0 |       619
       30 |     +0.0% |       0 |       0 |             0 |       609
       40 |     +0.0% |       0 |       0 |             0 |       599
       50 |     +0.0% |       0 |       0 |             0 |       589
       60 |     +0.0% |       0 |       0 |             0 |       579
       70 |     +0.0% |       0 |       0 |             0 |       569
       80 |     +0.0% |       0 |       0 |             0 |       559
       90 |     +0.0% |       0 |       0 |             0 |       549
      100 |     +0.0% |       0 |       0 |             0 |       539
      110 |     +0.0% |       0 |       0 |             0 |       529
      120 |     +0.0% |       0 |       0 |             0 |       519
      130 |     +0.0% |       0 |       0 |             0 |       509
      140 |     +0.0% |       0 |       0 |             0 |       499
      150 |     +0.0% |       0 |       0 |             0 |       489
      160 |     +0.0% |       0 |       0 |             0 |       479
      170 |     +0.0% |       0 |       0 |             0 |       469
      180 |     +0.0% |       0 |       0 |             0 |       459
      190 |     +0.0% |       0 |       0 |             0 |       449
      200 |     +0.0% |       0 |       0 |             0 |       439
      210 |     +0.0% |       0 |       0 |             0 |       429
      220 |     +0.0% |       0 |       0 |             0 |       419
      230 |     +0.0% |       0 |       0 |             0 |       409
      240 |     +0.0% |       0 |       0 |             0 |       399
      250 |     +0.0% |       0 |       0 |             0 |       389
      260 |     +0.0% |       0 |       0 |             0 |       379
      270 |     +0.0% |       0 |       0 |             0 |       369
      280 |     +0.0% |       0 |       0 |             0 |       359
      290 |     +0.0% |       0 |       0 |             0 |       349
      300 |     +0.0% |       0 |       0 |             0 |       339
      310 |     +0.0% |       0 |       0 |             0 |       329
      320 |     +0.0% |       0 |       0 |             0 |       319
      330 |     +0.0% |       0 |       0 |             0 |       309
      340 |     +0.0% |       0 |       0 |             0 |       299
      350 |     +0.0% |       0 |       0 |             0 |       289
      360 |     +0.0% |       0 |       0 |             0 |       279
      370 |     +0.0% |       0 |       0 |             0 |       269
      380 |     +0.0% |       0 |       0 |             0 |       259
      390 |     +0.0% |       0 |       0 |             0 |       249
      400 |     +0.0% |       0 |       0 |             0 |       239
      410 |     +0.0% |       0 |       0 |             0 |       229
      420 |     +0.0% |       0 |       0 |             0 |       219
      430 |     +0.0% |       0 |       0 |             0 |       209
      440 |     +0.0% |       0 |       0 |             0 |       199
      450 |     +0.0% |       0 |       0 |             0 |       189
      460 |     +0.0% |       0 |       0 |             0 |       179
      470 |     +0.0% |       0 |       0 |             0 |       169
      480 |     +0.0% |       0 |       0 |             0 |       159
      490 |     +0.0% |       0 |       0 |             0 |       149
      500 |     +0.0% |       0 |       0 |             0 |       139
      510 |     +0.0% |       0 |       0 |             0 |       129
      520 |     +0.0% |       0 |       0 |             0 |       119
      530 |     +0.0% |       0 |       0 |             0 |       109
      540 |     +0.0% |       0 |       0 |             0 |        99
      550 |     +0.0% |       0 |       0 |             0 |        89
      560 |     +0.0% |       0 |       0 |             0 |        79
      570 |     +0.0% |       0 |       0 |             0 |        69
      580 |     +0.0% |       0 |       0 |             0 |        59
      590 |     +0.0% |       0 |       0 |             0 |        49
      600 |     +0.0% |       0 |       0 |             0 |        39
      610 |     +0.0% |       0 |       0 |             0 |        29
      620 |     +0.0% |       0 |       0 |             0 |        19
      630 |     +0.0% |       0 |       0 |             0 |         9
    final |     +0.0% |       0 |       0 |             0 |         0
---------------------------------------------------------------------
Floating nets: 
Report metrics stage 3, resizer...

==========================================================================
resizer report_design_area
--------------------------------------------------------------------------
Design area 701 um^2 87% utilization.
Instance count before 608, after 608
Pin count before 1738, after 1738
write_db /work/results/nangate45/jpeg/pipeline_78/3_4_place_resized.odb
Elapsed time: 0:00.32[h:]min:sec. CPU time: user 0.29 sys 0.10 (123%). Peak memory: 130860KB.
Log                       Ext     Elapsed/s Peak Memory/MB sha1sum result [0:20)
3_4_place_resized         .odb            0            127 5c549e8c0bb79c730df5
/OpenROAD-flow-scripts/flow/scripts/flow.sh 3_5_place_dp detail_place
Running detail_place.tcl, stage 3_5_place_dp
read_liberty /OpenROAD-flow-scripts/flow/platforms/nangate45/lib/NangateOpenCellLibrary_typical.lib
read_db /work/results/nangate45/jpeg/pipeline_78/3_4_place_resized.odb
read_sdc /work/results/nangate45/jpeg/pipeline_78/2_floorplan.sdc
source /OpenROAD-flow-scripts/flow/platforms/nangate45/setRC.tcl
detailed_placement
[INFO DPL-0006] Core area: 808.64 um^2, Instances area: 700.64 um^2, Utilization: 86.6%
[INFO DPL-0005] Diamond search max displacement: +/- 500 sites horizontally, +/- 100 rows vertically.
[INFO DPL-1101] Legalizing using diamond search.
Movements Summary
---------------------------------------
Total cells:                     568
Diamond Move Success:            568 (100.00%)
Diamond Move Failure:              0
Rip-up and replace Success:        0 (  0.00% of diamond failures)
Rip-up and replace Failure:        0
Total Placement Failures:          0
---------------------------------------
Placement Analysis
---------------------------------
total displacement        723.3 u
average displacement        1.2 u
max displacement            8.8 u
original HPWL            2461.7 u
legalized HPWL           3149.4 u
delta HPWL                   28 %

improve_placement -max_displacement "5 1"
Detailed placement improvement.
[INFO DPL-0401] Setting random seed to 1.
[INFO DPL-0402] Setting maximum displacement 5 1 to 14000 2800 units.
[INFO DPL-0320] Collected 94 fixed cells.
[INFO DPL-0318] Collected 568 single height cells.
[INFO DPL-0321] Collected 0 wide cells.
[INFO DPL-0322] Image (2280, 2800) - (60040, 58800)
[INFO DPL-0310] Assigned 568 cells into segments.  Movement in X-direction is 0.000000, movement in Y-direction is 0.000000.
[INFO DPL-0313] Found 0 cells in wrong regions.
[INFO DPL-0315] Found 0 row alignment problems.
[INFO DPL-0314] Found 0 site alignment problems.
[INFO DPL-0311] Found 0 overlaps between adjacent cells.
[INFO DPL-0312] Found 0 edge spacing violations and 0 padding violations.
[INFO DPL-0303] Running algorithm for independent set matching.
[INFO DPL-0300] Set matching objective is wirelength.
[INFO DPL-0301] Pass   1 of matching; objective is 6.279275e+06.
[INFO DPL-0302] End of matching; objective is 6.238110e+06, improvement is 0.66 percent.
[INFO DPL-0303] Running algorithm for global swaps.
[INFO DPL-0306] Pass   1 of global swaps; hpwl is 6.066660e+06.
[INFO DPL-0306] Pass   2 of global swaps; hpwl is 6.053225e+06.
[INFO DPL-0307] End of global swaps; objective is 6.053225e+06, improvement is 2.96 percent.
[INFO DPL-0303] Running algorithm for vertical swaps.
[INFO DPL-0308] Pass   1 of vertical swaps; hpwl is 6.030045e+06.
[INFO DPL-0309] End of vertical swaps; objective is 6.030045e+06, improvement is 0.38 percent.
[INFO DPL-0303] Running algorithm for reordering.
[INFO DPL-0304] Pass   1 of reordering; objective is 5.868645e+06.
[INFO DPL-0304] Pass   2 of reordering; objective is 5.830905e+06.
[INFO DPL-0305] End of reordering; objective is 5.830905e+06, improvement is 3.30 percent.
[INFO DPL-0303] Running algorithm for random improvement.
[INFO DPL-0324] Random improver is using random generator.
[INFO DPL-0325] Random improver is using hpwl objective.
[INFO DPL-0326] Random improver cost string is (a).
[INFO DPL-0332] End of pass, Generator random called 11360 times.
[INFO DPL-0335] Generator random, Cumulative attempts 11360, swaps 3452, moves   926 since last reset.
[INFO DPL-0333] End of pass, Objective hpwl, Initial cost 5.830905e+06, Scratch cost 5.729005e+06, Incremental cost 5.729005e+06, Mismatch? N
[INFO DPL-0338] End of pass, Total cost is 5.729005e+06.
[INFO DPL-0327] Pass   1 of random improver; improvement in cost is 1.75 percent.
[INFO DPL-0332] End of pass, Generator random called 11360 times.
[INFO DPL-0335] Generator random, Cumulative attempts 22720, swaps 6764, moves  1943 since last reset.
[INFO DPL-0333] End of pass, Objective hpwl, Initial cost 5.729005e+06, Scratch cost 5.689530e+06, Incremental cost 5.689530e+06, Mismatch? N
[INFO DPL-0338] End of pass, Total cost is 5.689530e+06.
[INFO DPL-0327] Pass   2 of random improver; improvement in cost is 0.69 percent.
[INFO DPL-0328] End of random improver; improvement is 2.424581 percent.
[INFO DPL-0380] Cell flipping.
[INFO DPL-0382] Changed 0 cell orientations for row compatibility.
[INFO DPL-0383] Performed 187 cell flips.
[INFO DPL-0384] End of flipping; objective is 5.577005e+06, improvement is 1.98 percent.
[INFO DPL-0313] Found 0 cells in wrong regions.
[INFO DPL-0315] Found 0 row alignment problems.
[INFO DPL-0314] Found 0 site alignment problems.
[INFO DPL-0311] Found 0 overlaps between adjacent cells.
[INFO DPL-0312] Found 0 edge spacing violations and 0 padding violations.
Detailed Improvement Results
------------------------------------------
Original HPWL             3149.4 u (    1657.7,     1491.7)
Final HPWL                2793.5 u (    1409.8,     1383.8)
Delta HPWL                 -11.3 % (     -15.0,       -7.2)

optimize_mirroring
[INFO DPL-0020] Mirrored 27 instances
[INFO DPL-0021] HPWL before            2793.5 u
[INFO DPL-0022] HPWL after             2792.5 u
[INFO DPL-0023] HPWL delta               -0.0 %
[INFO FLW-0012] Placement violations .
estimate_parasitics -placement
Report metrics stage 3, detailed place...

==========================================================================
detailed place report_design_area
--------------------------------------------------------------------------
Design area 701 um^2 87% utilization.
write_db /work/results/nangate45/jpeg/pipeline_78/3_5_place_dp.odb
Elapsed time: 0:00.34[h:]min:sec. CPU time: user 0.34 sys 0.07 (119%). Peak memory: 116536KB.
Log                       Ext     Elapsed/s Peak Memory/MB sha1sum result [0:20)
3_5_place_dp              .odb            0            113 0e51f8709c4db3d1f8f7
cp /work/results/nangate45/jpeg/pipeline_78/3_5_place_dp.odb /work/results/nangate45/jpeg/pipeline_78/3_place.odb
/OpenROAD-flow-scripts/flow/scripts/flow.sh 4_1_cts cts
Running cts.tcl, stage 4_1_cts
read_liberty /OpenROAD-flow-scripts/flow/platforms/nangate45/lib/NangateOpenCellLibrary_typical.lib
read_db /work/results/nangate45/jpeg/pipeline_78/3_place.odb
read_sdc /work/results/nangate45/jpeg/pipeline_78/3_place.sdc
source /OpenROAD-flow-scripts/flow/platforms/nangate45/setRC.tcl
clock_tree_synthesis -sink_clustering_enable -repair_clock_nets
[INFO CTS-0050] Root buffer is CLKBUF_X3.
[INFO CTS-0051] Sink buffer is CLKBUF_X3.
[INFO CTS-0052] The following clock buffers will be used for CTS:
                    CLKBUF_X3
[INFO CTS-0049] Characterization buffer is CLKBUF_X3.
[INFO CTS-0007] Net "clk" found for clock "core_clock".
[INFO CTS-0010]  Clock net "clk" has 35 sinks.
[INFO CTS-0008] TritonCTS found 1 clock nets.
[INFO CTS-0097] Characterization used 1 buffer(s) types.
[INFO CTS-0201] 0 blockages from hard placement blockages and placed macros will be used.
[INFO CTS-0027] Generating H-Tree topology for net clk.
[INFO CTS-0028]  Total number of sinks: 35.
[INFO CTS-0090]  Sinks will be clustered based on buffer max cap.
[INFO CTS-0030]  Number of static layers: 0.
[INFO CTS-0020]  Wire segment unit: 14000  dbu (7 um).
[INFO CTS-0023]  Original sink region: [(5890, 4030), (56430, 54430)].
[INFO CTS-0024]  Normalized sink region: [(0.420714, 0.287857), (4.03071, 3.88786)].
[INFO CTS-0025]     Width:  3.6100.
[INFO CTS-0026]     Height: 3.6000.
 Level 1
    Direction: Horizontal
    Sinks per sub-region: 18
    Sub-region size: 1.8050 X 3.6000
[INFO CTS-0034]     Segment length (rounded): 1.
 Level 2
    Direction: Vertical
    Sinks per sub-region: 9
    Sub-region size: 1.8050 X 1.8000
[INFO CTS-0034]     Segment length (rounded): 1.
[INFO CTS-0032]  Stop criterion found. Max number of sinks is 15.
[INFO CTS-0035]  Number of sinks covered: 35.
[INFO CTS-0018]     Created 5 clock buffers.
[INFO CTS-0012]     Minimum number of buffers in the clock path: 2.
[INFO CTS-0013]     Maximum number of buffers in the clock path: 2.
[INFO CTS-0015]     Created 5 clock nets.
[INFO CTS-0016]     Fanout distribution for the current clock = 6:1, 7:1, 10:1, 12:1..
[INFO CTS-0017]     Max level of the clock tree: 2.
[INFO CTS-0098] Clock net "clk"
[INFO CTS-0099]  Sinks 38
[INFO CTS-0100]  Leaf buffers 0
[INFO CTS-0101]  Average sink wire length 48.14 um
[INFO CTS-0102]  Path depth 2 - 2
[INFO CTS-0207]  Dummy loads inserted 3
estimate_parasitics -placement
detailed_placement
[INFO DPL-0006] Core area: 808.64 um^2, Instances area: 709.95 um^2, Utilization: 87.8%
[INFO DPL-0005] Diamond search max displacement: +/- 500 sites horizontally, +/- 100 rows vertically.
[INFO DPL-1101] Legalizing using diamond search.
Movements Summary
---------------------------------------
Total cells:                     576
Diamond Move Success:            576 (100.00%)
Diamond Move Failure:              0
Rip-up and replace Success:        0 (  0.00% of diamond failures)
Rip-up and replace Failure:        0
Total Placement Failures:          0
---------------------------------------
Placement Analysis
---------------------------------
total displacement         58.6 u
average displacement        0.1 u
max displacement            4.2 u
original HPWL            2878.9 u
legalized HPWL           2995.6 u
delta HPWL                    4 %

estimate_parasitics -placement
repair_timing -setup_margin 0 -hold_margin 0 -repair_tns 100 -verbose
[INFO RSZ-0100] Repair move sequence: UnbufferMove SizeUpMove SwapPinsMove BufferMove CloneMove SplitLoadMove 
[INFO RSZ-0094] Found 12 endpoints with setup violations.
[INFO RSZ-0099] Repairing 12 out of 12 (100.00%) violating endpoints...
   Iter   | Removed | Resized | Inserted | Cloned |  Pin  |   Area   |    WNS   |   StTNS    |   EnTNS    |  Viol  |  Worst  
          | Buffers |  Gates  | Buffers  |  Gates | Swaps |          |          |            |            | Endpts | St/EnPt 
------------------------------------------------------------------------------------------------------------------------------
       0* |       0 |       0 |        0 |      0 |     0 |    +0.0% |   -0.064 |       -1.4 |       -0.5 |     12 | resp_msg[14]
      10* |       0 |       8 |        1 |      0 |     0 |    +0.8% |   -0.053 |       -1.3 |       -0.5 |     12 | resp_msg[14]
      20* |       0 |      12 |        5 |      0 |     2 |    +1.6% |   -0.049 |       -1.2 |       -0.5 |     12 | resp_msg[14]
      30* |       0 |      19 |        7 |      0 |     3 |    +2.4% |   -0.051 |       -1.1 |       -0.4 |     12 | resp_msg[15]
      40* |       0 |      28 |        7 |      0 |     4 |    +3.4% |   -0.050 |       -1.1 |       -0.4 |     12 | resp_msg[13]
      50* |       0 |      37 |        8 |      0 |     4 |    +4.3% |   -0.043 |       -1.0 |       -0.4 |     12 | resp_msg[14]
      60* |       0 |      45 |        9 |      0 |     5 |    +5.3% |   -0.042 |       -1.0 |       -0.4 |     12 | resp_msg[13]
      70* |       0 |      53 |       10 |      0 |     6 |    +6.2% |   -0.040 |       -0.9 |       -0.3 |     12 | resp_msg[13]
      80* |       0 |      60 |       10 |      0 |     9 |    +6.9% |   -0.038 |       -0.9 |       -0.3 |     12 | resp_msg[12]
      90* |       0 |      68 |       11 |      0 |    10 |    +7.8% |   -0.036 |       -0.8 |       -0.3 |     12 | resp_msg[12]
     100* |       0 |      75 |       12 |      0 |    12 |    +8.7% |   -0.037 |       -0.8 |       -0.3 |     12 | resp_msg[13]
     110* |       0 |      83 |       14 |      0 |    12 |    +9.9% |   -0.036 |       -0.9 |       -0.3 |     12 | resp_msg[14]
     120* |       0 |      90 |       15 |      0 |    14 |   +10.8% |   -0.034 |       -0.8 |       -0.3 |     12 | resp_msg[13]
     130* |       0 |      97 |       16 |      0 |    16 |   +11.6% |   -0.042 |       -0.8 |       -0.3 |     12 | resp_msg[15]
     140* |       0 |     105 |       17 |      0 |    17 |   +12.6% |   -0.038 |       -0.8 |       -0.3 |     12 | resp_msg[15]
     150* |       0 |     112 |       17 |      0 |    20 |   +13.2% |   -0.041 |       -0.8 |       -0.3 |     12 | resp_msg[15]
     155* |       0 |      93 |       15 |      0 |    14 |   +11.1% |   -0.033 |       -0.8 |       -0.3 |     12 | resp_msg[14]
     160* |       0 |      94 |       16 |      0 |    16 |   +11.4% |   -0.035 |       -0.8 |       -0.3 |     12 | resp_msg[14]
     170* |       0 |     100 |       18 |      0 |    18 |   +12.3% |   -0.036 |       -0.8 |       -0.3 |     12 | resp_msg[11]
     180* |       0 |     107 |       18 |      0 |    21 |   +13.0% |   -0.036 |       -0.8 |       -0.3 |     12 | resp_msg[11]
     180* |       0 |      93 |       15 |      0 |    14 |   +11.1% |   -0.033 |       -0.8 |       -0.3 |     12 | resp_msg[14]
     190* |       0 |      98 |       15 |      0 |    18 |   +11.7% |   -0.037 |       -0.8 |       -0.3 |     12 | resp_msg[11]
     200* |       0 |     106 |       16 |      0 |    19 |   +12.8% |   -0.043 |       -0.8 |       -0.3 |     12 | resp_msg[15]
     205* |       0 |      94 |       15 |      0 |    14 |   +11.3% |   -0.033 |       -0.8 |       -0.3 |     12 | resp_msg[14]
     210* |       0 |      97 |       16 |      0 |    14 |   +11.6% |   -0.033 |       -0.8 |       -0.3 |     12 | resp_msg[14]
     220* |       0 |     106 |       17 |      0 |    14 |   +12.7% |   -0.038 |       -0.8 |       -0.3 |     12 | resp_msg[13]
     230* |       0 |     115 |       18 |      0 |    14 |   +13.7% |   -0.035 |       -0.8 |       -0.3 |     12 | resp_msg[14]
     239* |       0 |      98 |       16 |      0 |    14 |   +11.7% |   -0.033 |       -0.8 |       -0.3 |     12 | resp_msg[14]
     240* |       0 |      98 |       16 |      0 |    14 |   +11.7% |   -0.033 |       -0.8 |       -0.3 |     12 | resp_msg[14]
     250* |       0 |     106 |       17 |      0 |    15 |   +12.6% |   -0.033 |       -0.7 |       -0.3 |     12 | resp_msg[14]
     260* |       0 |     111 |       18 |      0 |    19 |   +13.3% |   -0.039 |       -0.8 |       -0.3 |     12 | resp_msg[13]
     269* |       0 |     106 |       17 |      0 |    15 |   +12.6% |   -0.033 |       -0.7 |       -0.3 |     12 | resp_msg[14]
     270* |       0 |     106 |       17 |      0 |    15 |   +12.6% |   -0.033 |       -0.7 |       -0.3 |     12 | resp_msg[14]
     280* |       0 |     109 |       21 |      0 |    18 |   +13.4% |   -0.033 |       -0.7 |       -0.3 |     12 | resp_msg[14]
     290* |       0 |     112 |       26 |      0 |    20 |   +14.2% |   -0.033 |       -0.7 |       -0.3 |     12 | resp_msg[14]
     292* |       0 |     112 |       23 |      0 |    19 |   +13.9% |   -0.033 |       -0.7 |       -0.3 |     12 | resp_msg[14]
     300* |       0 |     115 |       23 |      0 |    23 |   +14.2% |   -0.041 |       -0.8 |       -0.3 |     12 | resp_msg[14]
     310* |       0 |     124 |       24 |      0 |    23 |   +15.5% |   -0.041 |       -0.8 |       -0.3 |     12 | resp_msg[14]
     310* |       0 |     112 |       23 |      0 |    19 |   +13.9% |   -0.033 |       -0.7 |       -0.3 |     12 | resp_msg[14]
     314* |       0 |     112 |       25 |      0 |    20 |   +14.1% |   -0.033 |       -0.7 |       -0.3 |     12 | resp_msg[14]
     320* |       0 |     115 |       26 |      0 |    21 |   +14.5% |   -0.033 |       -0.7 |       -0.3 |     12 | resp_msg[14]
     330* |       0 |     121 |       28 |      0 |    23 |   +15.5% |   -0.033 |       -0.7 |       -0.3 |     12 | resp_msg[14]
     336* |       0 |     123 |       29 |      0 |    24 |   +15.8% |   -0.033 |       -0.7 |       -0.3 |     12 | resp_msg[14]
     340* |       0 |     123 |       30 |      0 |    26 |   +15.9% |   -0.033 |       -0.7 |       -0.3 |     12 | resp_msg[14]
     350* |       0 |     131 |       31 |      0 |    27 |   +16.9% |   -0.042 |       -0.7 |       -0.3 |     12 | resp_msg[11]
     351* |       0 |     124 |       30 |      0 |    26 |   +16.1% |   -0.033 |       -0.7 |       -0.3 |     12 | resp_msg[14]
     360* |       0 |     129 |       33 |      0 |    27 |   +16.9% |   -0.033 |       -0.7 |       -0.3 |     12 | resp_msg[14]
     364* |       0 |     129 |       34 |      0 |    28 |   +17.0% |   -0.033 |       -0.7 |       -0.3 |     12 | resp_msg[14]
     370* |       0 |     130 |       37 |      0 |    29 |   +17.6% |   -0.033 |       -0.7 |       -0.3 |     12 | resp_msg[14]
     370* |       0 |     130 |       34 |      0 |    28 |   +17.2% |   -0.033 |       -0.7 |       -0.3 |     12 | resp_msg[14]
     370* |       0 |     130 |       34 |      0 |    28 |   +17.2% |   -0.033 |       -0.7 |       -0.3 |     12 | resp_msg[14]
     370+ |       0 |     130 |       34 |      0 |    28 |   +17.2% |   -0.033 |       -0.7 |       -0.3 |     25 | resp_msg[14]
     371+ |       0 |     130 |       34 |      0 |    28 |   +17.2% |   -0.033 |       -0.7 |       -0.3 |     25 | resp_msg[14]
     372+ |       0 |     130 |       34 |      0 |    28 |   +17.2% |   -0.033 |       -0.7 |       -0.3 |     25 | resp_msg[14]
     374+ |       0 |     131 |       34 |      0 |    28 |   +17.3% |   -0.033 |       -0.7 |       -0.3 |     25 | resp_msg[14]
     375+ |       0 |     131 |       34 |      0 |    28 |   +17.3% |   -0.033 |       -0.7 |       -0.3 |     25 | resp_msg[14]
     376+ |       0 |     131 |       34 |      0 |    28 |   +17.3% |   -0.033 |       -0.7 |       -0.3 |     25 | resp_msg[14]
     377+ |       0 |     131 |       34 |      0 |    28 |   +17.3% |   -0.033 |       -0.7 |       -0.3 |     25 | resp_msg[14]
     378+ |       0 |     131 |       34 |      0 |    28 |   +17.3% |   -0.033 |       -0.7 |       -0.3 |     25 | resp_msg[14]
     379+ |       0 |     131 |       34 |      0 |    28 |   +17.3% |   -0.033 |       -0.7 |       -0.3 |     25 | resp_msg[14]
     380+ |       0 |     131 |       34 |      0 |    28 |   +17.3% |   -0.033 |       -0.7 |       -0.3 |     25 | resp_msg[14]
     382+ |       0 |     133 |       34 |      0 |    28 |   +17.4% |   -0.033 |       -0.7 |       -0.3 |     25 | resp_msg[14]
     383+ |       0 |     133 |       34 |      0 |    28 |   +17.4% |   -0.033 |       -0.7 |       -0.3 |     25 | resp_msg[14]
     385+ |       0 |     134 |       34 |      0 |    28 |   +17.5% |   -0.033 |       -0.7 |       -0.3 |     25 | resp_msg[14]
     388+ |       0 |     136 |       34 |      0 |    28 |   +17.6% |   -0.033 |       -0.7 |       -0.2 |     25 | resp_msg[14]
     389+ |       0 |     136 |       34 |      0 |    28 |   +17.6% |   -0.033 |       -0.7 |       -0.2 |     25 | resp_msg[14]
     390+ |       0 |     136 |       34 |      0 |    28 |   +17.6% |   -0.033 |       -0.7 |       -0.2 |     25 | resp_msg[14]
     390+ |       0 |     136 |       34 |      0 |    28 |   +17.6% |   -0.033 |       -0.7 |       -0.2 |     25 | resp_msg[14]
     391+ |       0 |     136 |       34 |      0 |    28 |   +17.6% |   -0.033 |       -0.7 |       -0.2 |     25 | resp_msg[14]
     392+ |       0 |     136 |       34 |      0 |    28 |   +17.6% |   -0.033 |       -0.7 |       -0.2 |     25 | resp_msg[14]
     393+ |       0 |     136 |       34 |      0 |    28 |   +17.6% |   -0.033 |       -0.7 |       -0.2 |     25 | resp_msg[14]
     394+ |       0 |     136 |       34 |      0 |    28 |   +17.6% |   -0.033 |       -0.7 |       -0.2 |     25 | resp_msg[14]
     395+ |       0 |     136 |       34 |      0 |    28 |   +17.6% |   -0.033 |       -0.7 |       -0.2 |     25 | resp_msg[14]
     396+ |       0 |     136 |       34 |      0 |    28 |   +17.6% |   -0.033 |       -0.7 |       -0.2 |     25 | resp_msg[14]
     397+ |       0 |     136 |       34 |      0 |    28 |   +17.6% |   -0.033 |       -0.7 |       -0.2 |     25 | resp_msg[14]
     398+ |       0 |     136 |       34 |      0 |    28 |   +17.6% |   -0.033 |       -0.7 |       -0.2 |     25 | resp_msg[14]
     399+ |       0 |     136 |       34 |      0 |    28 |   +17.6% |   -0.033 |       -0.7 |       -0.2 |     25 | resp_msg[14]
     400+ |       0 |     136 |       34 |      0 |    28 |   +17.6% |   -0.033 |       -0.7 |       -0.2 |     25 | resp_msg[14]
     400+ |       0 |     136 |       34 |      0 |    28 |   +17.6% |   -0.033 |       -0.7 |       -0.2 |     25 | resp_msg[14]
     401+ |       0 |     136 |       34 |      0 |    28 |   +17.6% |   -0.033 |       -0.7 |       -0.2 |     25 | resp_msg[14]
    final |       0 |     136 |       34 |      0 |    28 |   +17.6% |   -0.033 |       -0.7 |       -0.2 |     14 | resp_msg[14]
------------------------------------------------------------------------------------------------------------------------------
[INFO RSZ-0040] Inserted 34 buffers.
[INFO RSZ-0051] Resized 136 instances: 136 up, 0 up match, 0 down, 0 VT
[INFO RSZ-0043] Swapped pins on 28 instances.
[WARNING RSZ-0062] Unable to repair all setup violations.
[INFO RSZ-0033] No hold violations found.
Repair timing output passed lec test
detailed_placement
[INFO DPL-0006] Core area: 808.64 um^2, Instances area: 835.24 um^2, Utilization: 103.3%
[ERROR DPL-0038] Utilization greater than 100%, impossible to legalize
Run 'make gui_4_1_error.odb' to load progress snapshot
write_db /work/results/nangate45/jpeg/pipeline_78/4_1_error.odb
write_sdc -no_timestamp /work/results/nangate45/jpeg/pipeline_78/4_1_error.sdc
Error: cts.tcl, 83 Detailed placement failed in CTS: DPL-0038
Elapsed time: 0:01.53[h:]min:sec. CPU time: user 1.87 sys 0.41 (148%). Peak memory: 142900KB.
make[1]: *** [Makefile:513: do-4_1_cts] Error 1
make: *** [Makefile:513: /work/results/nangate45/jpeg/pipeline_78/4_1_cts.odb] Error 2
