+ DEFAULT_IMAGE=openroad/orfs:latest
+ FLOW_DIR=/OpenROAD-flow-scripts/flow
+ USE_USER=false
+ DRY_RUN=false
+ PORTS=()
+ IMAGE=
+ CMD_ARGS=()
+ [[ 9 -gt 0 ]]
+ case "$1" in
+ CMD_ARGS=("$@")
+ break
+ IMAGE=openroad/orfs:latest
+ get_container_engine
++ docker --version
+ local 'DOCKER_VERSION_STRING=Docker version 29.7.1, build e9452d6'
+ [[ Docker version 29.7.1, build e9452d6 == *Docker* ]]
+ container_engine=docker
++ pwd
+ WORKSPACE=/home/mispronounced/Code/JayRaj21/OpenROAD-flow-scripts/flow
+ YOSYS_EXE=/OpenROAD-flow-scripts/tools/install/yosys/bin/yosys
+ OPENROAD_EXE=/OpenROAD-flow-scripts/tools/install/OpenROAD/bin/openroad
+ KLAYOUT_CMD=/usr/bin/klayout
+ XSOCK=/tmp/.X11-unix
+ XAUTH=/tmp/.docker.xauth
+ false
+ xauth nlist :0
+ sed -e 's/^..../ffff/'
+ xauth -f /tmp/.docker.xauth nmerge -
+ test -t 0
+ DOCKER_INTERACTIVE=
+ false
+ [[ docker == podman ]]
++ id -u mispronounced
++ id -g mispronounced
+ user_args='-u 1000:1000'
+ user_env=
+ PORT_ARGS=()
+ CMD_STR=
+ [[ 9 -gt 0 ]]
+ CMD_STR='make grt DESIGN_CONFIG=./designs/sky130hd/riscv32i/config.mk CORE_UTILIZATION=65 RESULTS_DIR=/work/results/sky130hd/riscv32i/pipeline_65 OBJECTS_DIR=/work/objects/sky130hd/riscv32i/pipeline_65 PLACE_DENSITY_LB_ADDON=0.0 -j16 PDN_TCL=/OpenROAD-flow-scripts/flow/platforms/sky130hd/pdn.tcl'
+ ENV_SH_CMD='if [ -f ../env.sh ]; then . ../env.sh; fi;'
+ DOCKER_CMD=("$container_engine" run --rm -i $DOCKER_INTERACTIVE $user_env $user_args -e LIBGL_ALWAYS_SOFTWARE=1 -e QT_X11_NO_MITSHM=1 -e XDG_RUNTIME_DIR=/tmp/xdg-run -e "DISPLAY=${DISPLAY:-:0}" -e QT_XKB_CONFIG_ROOT=/usr/share/X11/xkb -v "$XSOCK:$XSOCK" -v "$XAUTH:$XAUTH" -e "XAUTHORITY=$XAUTH" -e FLOW_HOME=/OpenROAD-flow-scripts/flow/ -e WORK_HOME=/work -e "YOSYS_EXE=$YOSYS_EXE" -e "OPENROAD_EXE=$OPENROAD_EXE" -e "KLAYOUT_CMD=$KLAYOUT_CMD" -v "$WORKSPACE:/work:Z" --network host "${PORT_ARGS[@]}" "$IMAGE" bash -c "set -ex; mkdir /tmp/xdg-run; cd ${FLOW_DIR}; ${ENV_SH_CMD}$CMD_STR")
+ false
+ exec docker run --rm -i -u 1000:1000 -e LIBGL_ALWAYS_SOFTWARE=1 -e QT_X11_NO_MITSHM=1 -e XDG_RUNTIME_DIR=/tmp/xdg-run -e DISPLAY=:0 -e QT_XKB_CONFIG_ROOT=/usr/share/X11/xkb -v /tmp/.X11-unix:/tmp/.X11-unix -v /tmp/.docker.xauth:/tmp/.docker.xauth -e XAUTHORITY=/tmp/.docker.xauth -e FLOW_HOME=/OpenROAD-flow-scripts/flow/ -e WORK_HOME=/work -e YOSYS_EXE=/OpenROAD-flow-scripts/tools/install/yosys/bin/yosys -e OPENROAD_EXE=/OpenROAD-flow-scripts/tools/install/OpenROAD/bin/openroad -e KLAYOUT_CMD=/usr/bin/klayout -v /home/mispronounced/Code/JayRaj21/OpenROAD-flow-scripts/flow:/work:Z --network host openroad/orfs:latest bash -c 'set -ex; mkdir /tmp/xdg-run; cd /OpenROAD-flow-scripts/flow; if [ -f ../env.sh ]; then . ../env.sh; fi;make grt DESIGN_CONFIG=./designs/sky130hd/riscv32i/config.mk CORE_UTILIZATION=65 RESULTS_DIR=/work/results/sky130hd/riscv32i/pipeline_65 OBJECTS_DIR=/work/objects/sky130hd/riscv32i/pipeline_65 PLACE_DENSITY_LB_ADDON=0.0 -j16 PDN_TCL=/OpenROAD-flow-scripts/flow/platforms/sky130hd/pdn.tcl'
+ mkdir /tmp/xdg-run
+ cd /OpenROAD-flow-scripts/flow
+ '[' -f ../env.sh ']'
+ . ../env.sh
++ __setpaths
++ [[ linux-gnu == \d\a\r\w\i\n* ]]
++++ readlink -f ../env.sh
+++ dirname /OpenROAD-flow-scripts/env.sh
OPENROAD: /OpenROAD-flow-scripts/tools/OpenROAD
++ DIR=/OpenROAD-flow-scripts
++ export OPENROAD=/OpenROAD-flow-scripts/tools/OpenROAD
++ OPENROAD=/OpenROAD-flow-scripts/tools/OpenROAD
++ echo 'OPENROAD: /OpenROAD-flow-scripts/tools/OpenROAD'
++ export PATH=/OpenROAD-flow-scripts/tools/install/OpenROAD/bin:/usr/local/bin/wrapped-cc:/usr/local/sbin:/usr/local/bin:/usr/sbin:/usr/bin:/sbin:/bin
++ PATH=/OpenROAD-flow-scripts/tools/install/OpenROAD/bin:/usr/local/bin/wrapped-cc:/usr/local/sbin:/usr/local/bin:/usr/sbin:/usr/bin:/sbin:/bin
++ export PATH=/OpenROAD-flow-scripts/tools/install/yosys/bin:/OpenROAD-flow-scripts/tools/install/OpenROAD/bin:/usr/local/bin/wrapped-cc:/usr/local/sbin:/usr/local/bin:/usr/sbin:/usr/bin:/sbin:/bin
++ PATH=/OpenROAD-flow-scripts/tools/install/yosys/bin:/OpenROAD-flow-scripts/tools/install/OpenROAD/bin:/usr/local/bin/wrapped-cc:/usr/local/sbin:/usr/local/bin:/usr/sbin:/usr/bin:/sbin:/bin
++ export PATH=/OpenROAD-flow-scripts/tools/install/kepler-formal/bin:/OpenROAD-flow-scripts/tools/install/yosys/bin:/OpenROAD-flow-scripts/tools/install/OpenROAD/bin:/usr/local/bin/wrapped-cc:/usr/local/sbin:/usr/local/bin:/usr/sbin:/usr/bin:/sbin:/bin
++ PATH=/OpenROAD-flow-scripts/tools/install/kepler-formal/bin:/OpenROAD-flow-scripts/tools/install/yosys/bin:/OpenROAD-flow-scripts/tools/install/OpenROAD/bin:/usr/local/bin/wrapped-cc:/usr/local/sbin:/usr/local/bin:/usr/sbin:/usr/bin:/sbin:/bin
++ [[ linux-gnu == \d\a\r\w\i\n* ]]
++ export FLOW_HOME=/OpenROAD-flow-scripts/flow
++ FLOW_HOME=/OpenROAD-flow-scripts/flow
++ unset -f __setpaths
+ make grt DESIGN_CONFIG=./designs/sky130hd/riscv32i/config.mk CORE_UTILIZATION=65 RESULTS_DIR=/work/results/sky130hd/riscv32i/pipeline_65 OBJECTS_DIR=/work/objects/sky130hd/riscv32i/pipeline_65 PLACE_DENSITY_LB_ADDON=0.0 -j16 PDN_TCL=/OpenROAD-flow-scripts/flow/platforms/sky130hd/pdn.tcl
make: *** No rule to make target '/work/results/sky130hd/riscv32i/pipeline_65/2_1_floorplan.sdc', needed by '/work/results/sky130hd/riscv32i/pipeline_65/2_floorplan.sdc'.  Stop.
make: *** Waiting for unfinished jobs....
/OpenROAD-flow-scripts/flow/scripts/synth.sh /OpenROAD-flow-scripts/flow/scripts/synth_canonicalize.tcl /work/logs/sky130hd/riscv32i/base/1_1_yosys_canonicalize.log
Using ABC speed script.
Extracting clock period from SDC file: /work/results/sky130hd/riscv32i/pipeline_65/clock_period.txt
Setting clock period to 1.1
1. Executing Liberty frontend: /OpenROAD-flow-scripts/flow/platforms/sky130hd/lib/sky130_fd_sc_hd__tt_025C_1v80.lib
2. Executing Liberty frontend: /OpenROAD-flow-scripts/flow/platforms/sky130hd/lib/sky130_fd_sc_hd__tt_025C_1v80.lib
3. Executing Verilog-2005 frontend: /OpenROAD-flow-scripts/flow/designs/src/riscv32i/adder.v
4. Executing Verilog-2005 frontend: /OpenROAD-flow-scripts/flow/designs/src/riscv32i/alu.v
5. Executing Verilog-2005 frontend: /OpenROAD-flow-scripts/flow/designs/src/riscv32i/aludec.v
6. Executing Verilog-2005 frontend: /OpenROAD-flow-scripts/flow/designs/src/riscv32i/controller.v
7. Executing Verilog-2005 frontend: /OpenROAD-flow-scripts/flow/designs/src/riscv32i/datapath.v
8. Executing Verilog-2005 frontend: /OpenROAD-flow-scripts/flow/designs/src/riscv32i/dmem.v
9. Executing Verilog-2005 frontend: /OpenROAD-flow-scripts/flow/designs/src/riscv32i/flopenr.v
10. Executing Verilog-2005 frontend: /OpenROAD-flow-scripts/flow/designs/src/riscv32i/flopens.v
11. Executing Verilog-2005 frontend: /OpenROAD-flow-scripts/flow/designs/src/riscv32i/flopr.v
12. Executing Verilog-2005 frontend: /OpenROAD-flow-scripts/flow/designs/src/riscv32i/magcompare2b.v
13. Executing Verilog-2005 frontend: /OpenROAD-flow-scripts/flow/designs/src/riscv32i/magcompare2c.v
14. Executing Verilog-2005 frontend: /OpenROAD-flow-scripts/flow/designs/src/riscv32i/magcompare32.v
15. Executing Verilog-2005 frontend: /OpenROAD-flow-scripts/flow/designs/src/riscv32i/maindec.v
16. Executing Verilog-2005 frontend: /OpenROAD-flow-scripts/flow/designs/src/riscv32i/mux2.v
17. Executing Verilog-2005 frontend: /OpenROAD-flow-scripts/flow/designs/src/riscv32i/mux3.v
18. Executing Verilog-2005 frontend: /OpenROAD-flow-scripts/flow/designs/src/riscv32i/mux4.v
19. Executing Verilog-2005 frontend: /OpenROAD-flow-scripts/flow/designs/src/riscv32i/mux5.v
20. Executing Verilog-2005 frontend: /OpenROAD-flow-scripts/flow/designs/src/riscv32i/mux8.v
21. Executing Verilog-2005 frontend: /OpenROAD-flow-scripts/flow/designs/src/riscv32i/regfile.v
22. Executing Verilog-2005 frontend: /OpenROAD-flow-scripts/flow/designs/src/riscv32i/riscv.v
23. Executing Verilog-2005 frontend: /OpenROAD-flow-scripts/flow/designs/src/riscv32i/rom.v
24. Executing Verilog-2005 frontend: /OpenROAD-flow-scripts/flow/designs/src/riscv32i/shifter.v
25. Executing Verilog-2005 frontend: /OpenROAD-flow-scripts/flow/designs/src/riscv32i/signext.v
26. Executing Verilog-2005 frontend: /OpenROAD-flow-scripts/flow/designs/src/riscv32i/top.v
27. Executing Verilog-2005 frontend: /OpenROAD-flow-scripts/flow/platforms/sky130hd/cells_clkgate_hd.v
28. Executing HIERARCHY pass (managing design hierarchy).
29. Executing AST frontend in derive mode using pre-parsed AST for module `\riscv'.
29.1. Analyzing design hierarchy..
29.2. Executing AST frontend in derive mode using pre-parsed AST for module `\datapath'.
29.3. Executing AST frontend in derive mode using pre-parsed AST for module `\controller'.
29.4. Analyzing design hierarchy..
29.5. Executing AST frontend in derive mode using pre-parsed AST for module `\mux2'.
29.6. Executing AST frontend in derive mode using pre-parsed AST for module `\mux2'.
29.7. Executing AST frontend in derive mode using pre-parsed AST for module `\aludec'.
29.8. Executing AST frontend in derive mode using pre-parsed AST for module `\maindec'.
29.9. Executing AST frontend in derive mode using pre-parsed AST for module `\mux2'.
29.10. Executing AST frontend in derive mode using pre-parsed AST for module `\mux3'.
29.11. Executing AST frontend in derive mode using pre-parsed AST for module `\shifter'.
29.12. Executing AST frontend in derive mode using pre-parsed AST for module `\alu'.
29.13. Executing AST frontend in derive mode using pre-parsed AST for module `\magcompare32'.
29.14. Executing AST frontend in derive mode using pre-parsed AST for module `\adder'.
29.15. Executing AST frontend in derive mode using pre-parsed AST for module `\signext'.
29.16. Executing AST frontend in derive mode using pre-parsed AST for module `\regfile'.
29.17. Executing AST frontend in derive mode using pre-parsed AST for module `\mux2'.
29.18. Executing AST frontend in derive mode using pre-parsed AST for module `\flopr'.
29.19. Executing AST frontend in derive mode using pre-parsed AST for module `\flopenr'.
29.20. Analyzing design hierarchy..
29.21. Executing AST frontend in derive mode using pre-parsed AST for module `\mux5'.
29.22. Executing AST frontend in derive mode using pre-parsed AST for module `\magcompare2c'.
29.23. Executing AST frontend in derive mode using pre-parsed AST for module `\magcompare2b'.
29.24. Analyzing design hierarchy..
29.25. Analyzing design hierarchy..
30. Executing OPT_CLEAN pass (remove unused cells and wires).
Warning: Ignoring module $paramod\flopr\WIDTH=s32'00000000000000000000000000100000 because it contains processes (run 'proc' command first).
Warning: Ignoring module regfile because it contains processes (run 'proc' command first).
Warning: Ignoring module alu because it contains processes (run 'proc' command first).
Warning: Ignoring module shifter because it contains processes (run 'proc' command first).
Warning: Ignoring module maindec because it contains processes (run 'proc' command first).
Warning: Ignoring module aludec because it contains processes (run 'proc' command first).
Warning: Ignoring module $paramod\mux5\WIDTH=s32'00000000000000000000000000100000 because it contains processes (run 'proc' command first).
Warning: Ignoring module $paramod\flopenr\WIDTH=s32'00000000000000000000000000100000 because it contains processes (run 'proc' command first).
31. Executing RTLIL backend.
Warnings: 8 unique messages, 8 total
End of script. Logfile hash: 959f4d8a8d, time: 0.13s, user: 0.09s, system: 0.03s, MEM: 51.12 MB peak
Yosys 0.64+post (git sha1 UNKNOWN-dirty, g++ 11.4.0-1ubuntu1~22.04.3 -fPIC -O3)
Time spent: 65% 4x read_liberty (0 sec), 9% 2x write_rtlil (0 sec), ...
Elapsed time: 0:00.13[h:]min:sec. CPU time: user 0.10 sys 0.03 (98%). Peak memory: 56028KB.
Log                       Ext     Elapsed/s Peak Memory/MB sha1sum result [0:20)
1_1_yosys_canonicalize    .rtlil          0             54 d6d654f7163947237ac0
