/home/mispronounced/Code/JayRaj21/OpenROAD-flow-scripts/flow/ml/congestion/inference/visualize_thermal.py:66: UserWarning: This figure includes Axes that are not compatible with tight_layout, so results might be incorrect.
  plt.tight_layout(pad=0.2)
/home/mispronounced/.local/lib/python3.14/site-packages/numpy/lib/_function_base_impl.py:3023: RuntimeWarning: invalid value encountered in divide
  c /= stddev[:, None]
/home/mispronounced/.local/lib/python3.14/site-packages/numpy/lib/_function_base_impl.py:3024: RuntimeWarning: invalid value encountered in divide
  c /= stddev[None, :]
Device: cuda
Loaded: ml/congestion/checkpoints/thermal_best.pt
  asap7_aes_base                                 corr=+0.821  mae=0.115  110–110°C
  asap7_jpeg_hi_util_75                          corr=+nan  mae=0.249  110–110°C
  asap7_jpeg_pipeline_85                         corr=+0.858  mae=0.089  110–110°C
  nangate45_adder4_base                          corr=+0.894  mae=0.093  110–110°C
  nangate45_aes_base                             corr=+0.941  mae=0.076  108–112°C
  nangate45_ariane133_base                       corr=+0.891  mae=0.130  109–130°C
  nangate45_ariane133_util_60                    corr=+0.675  mae=0.156  115–121°C
  nangate45_ariane136_base                       corr=+0.940  mae=0.083  87–148°C
  nangate45_dynamic_node_base                    corr=+0.954  mae=0.065  109–111°C
  nangate45_gcd_base                             corr=+0.848  mae=0.134  110–110°C
  nangate45_gcd_hi_util                          corr=+0.199  mae=0.277  110–110°C
  nangate45_ibex_ar_05                           corr=+0.858  mae=0.096  108–112°C
  nangate45_ibex_ar_15                           corr=+0.737  mae=0.158  109–111°C
  nangate45_ibex_ar_20                           corr=+0.823  mae=0.138  107–112°C
  nangate45_ibex_base                            corr=+0.912  mae=0.095  108–112°C
  nangate45_ibex_hi_util                         corr=+0.923  mae=0.086  109–111°C
  nangate45_ibex_pipeline_85                     corr=+0.902  mae=0.118  109–111°C
  nangate45_ibex_util_60                         corr=+0.931  mae=0.114  109–111°C
  nangate45_ibex_util_70                         corr=+0.938  mae=0.088  109–111°C
  nangate45_jpeg_ar_05                           corr=+0.974  mae=0.064  109–112°C
  nangate45_jpeg_ar_15                           corr=+0.690  mae=0.148  110–112°C
  nangate45_jpeg_ar_20                           corr=+0.616  mae=0.149  110–112°C
  nangate45_jpeg_base                            corr=+0.814  mae=0.101  110–112°C
  nangate45_jpeg_hi_util                         corr=+0.781  mae=0.156  110–112°C
  nangate45_jpeg_pipeline_88                     corr=+0.795  mae=0.147  110–112°C
  nangate45_jpeg_util_60                         corr=+0.542  mae=0.167  109–113°C
  nangate45_jpeg_util_70                         corr=+0.879  mae=0.078  109–112°C
  nangate45_jpeg_util_90                         corr=+0.781  mae=0.156  110–112°C
  nangate45_swerv_ar_05                          corr=+0.807  mae=0.135  108–114°C
  nangate45_swerv_ar_15                          corr=+0.822  mae=0.105  108–114°C
  nangate45_swerv_ar_20                          corr=+0.647  mae=0.166  107–114°C
  nangate45_swerv_base                           corr=+0.741  mae=0.104  109–113°C
  nangate45_swerv_hi_util                        corr=+0.766  mae=0.146  109–113°C
  nangate45_swerv_pipeline_80                    corr=+0.771  mae=0.132  109–113°C
  nangate45_swerv_util_60                        corr=+0.734  mae=0.109  109–113°C
  nangate45_swerv_util_70                        corr=+0.761  mae=0.108  109–113°C
  nangate45_tinyRocket_base                      corr=+0.331  mae=0.265  110–112°C
  sky130hd_aes_base                              corr=+0.787  mae=0.113  111–113°C
  sky130hd_gcd_base                              corr=+0.668  mae=0.152  110–110°C
  sky130hd_ibex_base                             corr=+0.816  mae=0.268  110–116°C
  sky130hd_jpeg_base                             corr=+0.887  mae=0.157  111–119°C
  sky130hd_riscv32i_ar_05                        corr=+0.908  mae=0.115  108–113°C
  sky130hd_riscv32i_ar_15                        corr=+0.967  mae=0.054  109–112°C
  sky130hd_riscv32i_ar_20                        corr=+0.791  mae=0.147  109–112°C
  sky130hd_riscv32i_base                         corr=+0.824  mae=0.097  108–112°C
  sky130hd_riscv32i_pipeline_65                  corr=+0.971  mae=0.070  109–112°C
  sky130hd_riscv32i_util_60                      corr=+0.967  mae=0.074  108–112°C
  sky130hd_riscv32i_util_70                      corr=+0.957  mae=0.069  109–112°C

Report → thermal_report.html  (2988 KB)
Open with:  xdg-open thermal_report.html
